<html>
<body>
<pre>
<h1>µVision Build Log</h1>
<h2>Tool Versions:</h2>
IDE-Version: ¦ÌVision V5.23.0.0
Copyright (C) 2017 ARM Ltd and ARM Germany GmbH. All rights reserved.
License Information: 0 Never, 0, LIC=QF82Z-J6D22-EVM1R-KXYRS-SG49X-QN7U8
 
Tool Versions:
Toolchain:       MDK-ARM Plus  Version: 5.23
Toolchain Path:  D:\Program Files (x86)\keil\ARM\ARMCC\Bin
C Compiler:      Armcc.exe V5.06 update 4 (build 422)
Assembler:       Armasm.exe V5.06 update 4 (build 422)
Linker/Locator:  ArmLink.exe V5.06 update 4 (build 422)
Library Manager: ArmAr.exe V5.06 update 4 (build 422)
Hex Converter:   FromElf.exe V5.06 update 4 (build 422)
CPU DLL:         SARMCM3.DLL V5.23
Dialog DLL:      DCM.DLL V1.15.0.0
Target DLL:      STLink\ST-LINKIII-KEIL_SWO.dll V2.0.18.0
Dialog DLL:      TCM.DLL V1.27.0.0
 
<h2>Project:</h2>
F:\STM32\Conductometer\QPYLCD.uvprojx
Project File Date:  04/21/2018

<h2>Output:</h2>
*** Using Compiler 'V5.06 update 4 (build 422)', folder: 'D:\Program Files (x86)\keil\ARM\ARMCC\Bin'
Build target 'Conductormeter'
compiling usart.c...
compiling ds18b20.c...
compiling main.c...
compiling tim.c...
compiling esp8266.c...
compiling qpylcd.c...
compiling font.c...
compiling pwm.c...
compiling eeprom.c...
compiling key.c...
compiling beep.c...
compiling at24cxx.c...
compiling iic.c...
compiling support.c...
compiling spi.c...
compiling w25x16.c...
linking...
Program Size: Code=27340 RO-data=48036 RW-data=356 ZI-data=1460  
".\Objects\QPYLCD.axf" - 0 Error(s), 0 Warning(s).

<h2>Collection of Component include folders:</h2>
  .\RTE\_Conductormeter
  D:\Program Files (x86)\keil\ARM\PACK\Keil\STM32F1xx_DFP\2.0.0\Device\Include

<h2>Collection of Component Files used:</h2>
Build Time Elapsed:  00:00:02
</pre>
</body>
</html>
