Component: ARM Compiler 5.06 update 4 (build 422) Tool: armlink [4d35d2]

==============================================================================

Section Cross References

    startup_stm32f10x_hd.o(RESET) refers to startup_stm32f10x_hd.o(STACK) for __initial_sp
    startup_stm32f10x_hd.o(RESET) refers to startup_stm32f10x_hd.o(.text) for Reset_Handler
    startup_stm32f10x_hd.o(RESET) refers to tim.o(i.TIM2_IRQHandler) for TIM2_IRQHandler
    startup_stm32f10x_hd.o(RESET) refers to tim.o(i.TIM3_IRQHandler) for TIM3_IRQHandler
    startup_stm32f10x_hd.o(RESET) refers to usart.o(i.USART1_IRQHandler) for USART1_IRQHandler
    startup_stm32f10x_hd.o(RESET) refers to usart.o(i.USART2_IRQHandler) for USART2_IRQHandler
    startup_stm32f10x_hd.o(RESET) refers to usart.o(i.USART3_IRQHandler) for USART3_IRQHandler
    startup_stm32f10x_hd.o(.text) refers to system_stm32f10x.o(i.SystemInit) for SystemInit
    startup_stm32f10x_hd.o(.text) refers to entry.o(.ARM.Collect$$$$00000000) for __main
    system_stm32f10x.o(i.SetSysClock) refers to system_stm32f10x.o(i.SetSysClockTo72) for SetSysClockTo72
    system_stm32f10x.o(i.SystemCoreClockUpdate) refers to system_stm32f10x.o(.data) for SystemCoreClock
    system_stm32f10x.o(i.SystemInit) refers to system_stm32f10x.o(i.SetSysClock) for SetSysClock
    stm32f10x_adc.o(i.ADC_DeInit) refers to stm32f10x_rcc.o(i.RCC_APB2PeriphResetCmd) for RCC_APB2PeriphResetCmd
    stm32f10x_bkp.o(i.BKP_DeInit) refers to stm32f10x_rcc.o(i.RCC_BackupResetCmd) for RCC_BackupResetCmd
    stm32f10x_can.o(i.CAN_DeInit) refers to stm32f10x_rcc.o(i.RCC_APB1PeriphResetCmd) for RCC_APB1PeriphResetCmd
    stm32f10x_can.o(i.CAN_GetITStatus) refers to stm32f10x_can.o(i.CheckITStatus) for CheckITStatus
    stm32f10x_can.o(i.CAN_Receive) refers to stm32f10x_can.o(i.CAN_FIFORelease) for CAN_FIFORelease
    stm32f10x_cec.o(i.CEC_DeInit) refers to stm32f10x_rcc.o(i.RCC_APB1PeriphResetCmd) for RCC_APB1PeriphResetCmd
    stm32f10x_dac.o(i.DAC_DeInit) refers to stm32f10x_rcc.o(i.RCC_APB1PeriphResetCmd) for RCC_APB1PeriphResetCmd
    stm32f10x_flash.o(i.FLASH_EnableWriteProtection) refers to stm32f10x_flash.o(i.FLASH_WaitForLastOperation) for FLASH_WaitForLastOperation
    stm32f10x_flash.o(i.FLASH_EraseAllBank1Pages) refers to stm32f10x_flash.o(i.FLASH_WaitForLastBank1Operation) for FLASH_WaitForLastBank1Operation
    stm32f10x_flash.o(i.FLASH_EraseAllPages) refers to stm32f10x_flash.o(i.FLASH_WaitForLastOperation) for FLASH_WaitForLastOperation
    stm32f10x_flash.o(i.FLASH_EraseOptionBytes) refers to stm32f10x_flash.o(i.FLASH_GetReadOutProtectionStatus) for FLASH_GetReadOutProtectionStatus
    stm32f10x_flash.o(i.FLASH_EraseOptionBytes) refers to stm32f10x_flash.o(i.FLASH_WaitForLastOperation) for FLASH_WaitForLastOperation
    stm32f10x_flash.o(i.FLASH_ErasePage) refers to stm32f10x_flash.o(i.FLASH_WaitForLastOperation) for FLASH_WaitForLastOperation
    stm32f10x_flash.o(i.FLASH_ProgramHalfWord) refers to stm32f10x_flash.o(i.FLASH_WaitForLastOperation) for FLASH_WaitForLastOperation
    stm32f10x_flash.o(i.FLASH_ProgramOptionByteData) refers to stm32f10x_flash.o(i.FLASH_WaitForLastOperation) for FLASH_WaitForLastOperation
    stm32f10x_flash.o(i.FLASH_ProgramWord) refers to stm32f10x_flash.o(i.FLASH_WaitForLastOperation) for FLASH_WaitForLastOperation
    stm32f10x_flash.o(i.FLASH_ReadOutProtection) refers to stm32f10x_flash.o(i.FLASH_WaitForLastOperation) for FLASH_WaitForLastOperation
    stm32f10x_flash.o(i.FLASH_UserOptionByteConfig) refers to stm32f10x_flash.o(i.FLASH_WaitForLastOperation) for FLASH_WaitForLastOperation
    stm32f10x_flash.o(i.FLASH_WaitForLastBank1Operation) refers to stm32f10x_flash.o(i.FLASH_GetBank1Status) for FLASH_GetBank1Status
    stm32f10x_flash.o(i.FLASH_WaitForLastOperation) refers to stm32f10x_flash.o(i.FLASH_GetBank1Status) for FLASH_GetBank1Status
    stm32f10x_gpio.o(i.GPIO_AFIODeInit) refers to stm32f10x_rcc.o(i.RCC_APB2PeriphResetCmd) for RCC_APB2PeriphResetCmd
    stm32f10x_gpio.o(i.GPIO_DeInit) refers to stm32f10x_rcc.o(i.RCC_APB2PeriphResetCmd) for RCC_APB2PeriphResetCmd
    stm32f10x_i2c.o(i.I2C_DeInit) refers to stm32f10x_rcc.o(i.RCC_APB1PeriphResetCmd) for RCC_APB1PeriphResetCmd
    stm32f10x_i2c.o(i.I2C_Init) refers to stm32f10x_rcc.o(i.RCC_GetClocksFreq) for RCC_GetClocksFreq
    stm32f10x_pwr.o(i.PWR_DeInit) refers to stm32f10x_rcc.o(i.RCC_APB1PeriphResetCmd) for RCC_APB1PeriphResetCmd
    stm32f10x_rcc.o(i.RCC_GetClocksFreq) refers to stm32f10x_rcc.o(.data) for APBAHBPrescTable
    stm32f10x_rcc.o(i.RCC_WaitForHSEStartUp) refers to stm32f10x_rcc.o(i.RCC_GetFlagStatus) for RCC_GetFlagStatus
    stm32f10x_rtc.o(i.RTC_SetAlarm) refers to stm32f10x_rtc.o(i.RTC_EnterConfigMode) for RTC_EnterConfigMode
    stm32f10x_rtc.o(i.RTC_SetAlarm) refers to stm32f10x_rtc.o(i.RTC_ExitConfigMode) for RTC_ExitConfigMode
    stm32f10x_rtc.o(i.RTC_SetCounter) refers to stm32f10x_rtc.o(i.RTC_EnterConfigMode) for RTC_EnterConfigMode
[...]
    ../clib/microlib/stdio/streams.c         0x00000000   Number         0  stdout.o ABSOLUTE
    ../clib/microlib/string/memcpy.c         0x00000000   Number         0  memcpyb.o ABSOLUTE
    ../clib/microlib/string/memcpy.c         0x00000000   Number         0  memcpya.o ABSOLUTE
    ../clib/microlib/string/strcmp.c         0x00000000   Number         0  strcmp.o ABSOLUTE
    ../clib/microlib/stubs.s                 0x00000000   Number         0  iusesemip.o ABSOLUTE
    ../clib/microlib/stubs.s                 0x00000000   Number         0  iusefp.o ABSOLUTE
    ../clib/scanf.c                          0x00000000   Number         0  _scanf_str.o ABSOLUTE
    ../clib/scanf.c                          0x00000000   Number         0  _scanf_int.o ABSOLUTE
    ../clib/scanf.c                          0x00000000   Number         0  _scanf.o ABSOLUTE
    ../clib/scanf.c                          0x00000000   Number         0  _chval.o ABSOLUTE
    ../clib/scanf.c                          0x00000000   Number         0  _sgetc.o ABSOLUTE
    ../clib/scanf.c                          0x00000000   Number         0  scanf_char.o ABSOLUTE
    ../clib/scanf.c                          0x00000000   Number         0  __0sscanf.o ABSOLUTE
    ../fplib/microlib/d2f.c                  0x00000000   Number         0  d2f.o ABSOLUTE
    ../fplib/microlib/f2d.c                  0x00000000   Number         0  f2d.o ABSOLUTE
    ../fplib/microlib/fpadd.c                0x00000000   Number         0  fadd.o ABSOLUTE
    ../fplib/microlib/fpadd.c                0x00000000   Number         0  dadd.o ABSOLUTE
    ../fplib/microlib/fpdiv.c                0x00000000   Number         0  ddiv.o ABSOLUTE
    ../fplib/microlib/fpdiv.c                0x00000000   Number         0  fdiv.o ABSOLUTE
    ../fplib/microlib/fpepilogue.c           0x00000000   Number         0  fepilogue.o ABSOLUTE
    ../fplib/microlib/fpepilogue.c           0x00000000   Number         0  depilogue.o ABSOLUTE
    ../fplib/microlib/fpfix.c                0x00000000   Number         0  dfixul.o ABSOLUTE
    ../fplib/microlib/fpfix.c                0x00000000   Number         0  ffixi.o ABSOLUTE
    ../fplib/microlib/fpflt.c                0x00000000   Number         0  ffltui.o ABSOLUTE
    ../fplib/microlib/fpflt.c                0x00000000   Number         0  fflti.o ABSOLUTE
    ../fplib/microlib/fpmul.c                0x00000000   Number         0  dmul.o ABSOLUTE
    ../fplib/microlib/fpmul.c                0x00000000   Number         0  fmul.o ABSOLUTE
    CMSIS\\core_cm3.c                        0x00000000   Number         0  core_cm3.o ABSOLUTE
    CMSIS\core_cm3.c                         0x00000000   Number         0  core_cm3.o ABSOLUTE
    CMSIS\system_stm32f10x.c                 0x00000000   Number         0  system_stm32f10x.o ABSOLUTE
    FWLB\src\misc.c                          0x00000000   Number         0  misc.o ABSOLUTE
    FWLB\src\stm32f10x_adc.c                 0x00000000   Number         0  stm32f10x_adc.o ABSOLUTE
    FWLB\src\stm32f10x_bkp.c                 0x00000000   Number         0  stm32f10x_bkp.o ABSOLUTE
    FWLB\src\stm32f10x_can.c                 0x00000000   Number         0  stm32f10x_can.o ABSOLUTE
    FWLB\src\stm32f10x_cec.c                 0x00000000   Number         0  stm32f10x_cec.o ABSOLUTE
    FWLB\src\stm32f10x_crc.c                 0x00000000   Number         0  stm32f10x_crc.o ABSOLUTE
    FWLB\src\stm32f10x_dac.c                 0x00000000   Number         0  stm32f10x_dac.o ABSOLUTE
    FWLB\src\stm32f10x_dbgmcu.c              0x00000000   Number         0  stm32f10x_dbgmcu.o ABSOLUTE
    FWLB\src\stm32f10x_dma.c                 0x00000000   Number         0  stm32f10x_dma.o ABSOLUTE
    FWLB\src\stm32f10x_exti.c                0x00000000   Number         0  stm32f10x_exti.o ABSOLUTE
    FWLB\src\stm32f10x_flash.c               0x00000000   Number         0  stm32f10x_flash.o ABSOLUTE
    FWLB\src\stm32f10x_fsmc.c                0x00000000   Number         0  stm32f10x_fsmc.o ABSOLUTE
    FWLB\src\stm32f10x_gpio.c                0x00000000   Number         0  stm32f10x_gpio.o ABSOLUTE
    FWLB\src\stm32f10x_i2c.c                 0x00000000   Number         0  stm32f10x_i2c.o ABSOLUTE
    FWLB\src\stm32f10x_iwdg.c                0x00000000   Number         0  stm32f10x_iwdg.o ABSOLUTE
    FWLB\src\stm32f10x_pwr.c                 0x00000000   Number         0  stm32f10x_pwr.o ABSOLUTE
    FWLB\src\stm32f10x_rcc.c                 0x00000000   Number         0  stm32f10x_rcc.o ABSOLUTE
    FWLB\src\stm32f10x_rtc.c                 0x00000000   Number         0  stm32f10x_rtc.o ABSOLUTE
    FWLB\src\stm32f10x_sdio.c                0x00000000   Number         0  stm32f10x_sdio.o ABSOLUTE
    FWLB\src\stm32f10x_spi.c                 0x00000000   Number         0  stm32f10x_spi.o ABSOLUTE
    FWLB\src\stm32f10x_tim.c                 0x00000000   Number         0  stm32f10x_tim.o ABSOLUTE
    FWLB\src\stm32f10x_usart.c               0x00000000   Number         0  stm32f10x_usart.o ABSOLUTE
    FWLB\src\stm32f10x_wwdg.c                0x00000000   Number         0  stm32f10x_wwdg.o ABSOLUTE
    STARTUP\startup_stm32f10x_hd.s           0x00000000   Number         0  startup_stm32f10x_hd.o ABSOLUTE
    USER\at24cxx.c                           0x00000000   Number         0  at24cxx.o ABSOLUTE
    USER\beep.c                              0x00000000   Number         0  beep.o ABSOLUTE
    USER\delay.c                             0x00000000   Number         0  delay.o ABSOLUTE
    USER\ds18b20.c                           0x00000000   Number         0  ds18b20.o ABSOLUTE
    USER\ec11.c                              0x00000000   Number         0  ec11.o ABSOLUTE
    USER\eeprom.c                            0x00000000   Number         0  eeprom.o ABSOLUTE
    USER\esp8266.c                           0x00000000   Number         0  esp8266.o ABSOLUTE
    USER\iic.c                               0x00000000   Number         0  iic.o ABSOLUTE
    USER\key.c                               0x00000000   Number         0  key.o ABSOLUTE
    USER\main.c                              0x00000000   Number         0  main.o ABSOLUTE
    USER\pwm.c                               0x00000000   Number         0  pwm.o ABSOLUTE
    USER\qpylcd.c                            0x00000000   Number         0  qpylcd.o ABSOLUTE
    USER\support.c                           0x00000000   Number         0  support.o ABSOLUTE
    USER\tim.c                               0x00000000   Number         0  tim.o ABSOLUTE
    USER\usart.c                             0x00000000   Number         0  usart.o ABSOLUTE
    asciifont.c                              0x00000000   Number         0  asciifont.o ABSOLUTE
    cdcmple.s                                0x00000000   Number         0  cdcmple.o ABSOLUTE
    cdrcmple.s                               0x00000000   Number         0  cdrcmple.o ABSOLUTE
    cfcmple.s                                0x00000000   Number         0  cfcmple.o ABSOLUTE
    cfrcmple.s                               0x00000000   Number         0  cfrcmple.o ABSOLUTE
    dc.s                                     0x00000000   Number         0  dc.o ABSOLUTE
    font.c                                   0x00000000   Number         0  font.o ABSOLUTE
    handlers.s                               0x00000000   Number         0  handlers.o ABSOLUTE
    init.s                                   0x00000000   Number         0  init.o ABSOLUTE
    RESET                                    0x08000000   Section      304  startup_stm32f10x_hd.o(RESET)
    .ARM.Collect$$$$00000000                 0x08000130   Section        0  entry.o(.ARM.Collect$$$$00000000)
    .ARM.Collect$$$$00000001                 0x08000130   Section        4  entry2.o(.ARM.Collect$$$$00000001)
    .ARM.Collect$$$$00000004                 0x08000134   Section        4  entry5.o(.ARM.Collect$$$$00000004)
    .ARM.Collect$$$$00000008                 0x08000138   Section        0  entry7b.o(.ARM.Collect$$$$00000008)
    .ARM.Collect$$$$0000000A                 0x08000138   Section        0  entry8b.o(.ARM.Collect$$$$0000000A)
    .ARM.Collect$$$$0000000B                 0x08000138   Section        8  entry9a.o(.ARM.Collect$$$$0000000B)
    .ARM.Collect$$$$0000000D                 0x08000140   Section        0  entry10a.o(.ARM.Collect$$$$0000000D)
    .ARM.Collect$$$$0000000F                 0x08000140   Section        0  entry11a.o(.ARM.Collect$$$$0000000F)
    .ARM.Collect$$$$00002712                 0x08000140   Section        4  entry2.o(.ARM.Collect$$$$00002712)
    __lit__00000000                          0x08000140   Data           4  entry2.o(.ARM.Collect$$$$00002712)
    .text                                    0x08000144   Section       36  startup_stm32f10x_hd.o(.text)
    .text                                    0x08000168   Section        0  memcpya.o(.text)
    .text                                    0x0800018c   Section        0  strcmp.o(.text)
    .text                                    0x080001a8   Section        0  __0sscanf.o(.text)
    .text                                    0x080001e0   Section        0  _scanf_int.o(.text)
    .text                                    0x0800032c   Section        0  _scanf_str.o(.text)
    .text                                    0x0800040c   Section        0  fadd.o(.text)
    .text                                    0x080004bc   Section        0  fmul.o(.text)
    .text                                    0x08000520   Section        0  fdiv.o(.text)
    .text                                    0x0800059c   Section        0  dmul.o(.text)
    .text                                    0x08000680   Section        0  fflti.o(.text)
    .text                                    0x08000692   Section        0  ffltui.o(.text)
    .text                                    0x0800069c   Section        0  ffixi.o(.text)
    .text                                    0x080006ce   Section        0  f2d.o(.text)
    .text                                    0x080006f4   Section       48  cdcmple.o(.text)
    .text                                    0x08000724   Section        0  d2f.o(.text)
    .text                                    0x0800075c   Section       20  cfcmple.o(.text)
    .text                                    0x08000770   Section       20  cfrcmple.o(.text)
    .text                                    0x08000784   Section        0  uidiv.o(.text)
    .text                                    0x080007b0   Section        0  uldiv.o(.text)
    .text                                    0x08000812   Section        0  _chval.o(.text)
    .text                                    0x08000830   Section        0  scanf_char.o(.text)
    _scanf_char_input                        0x08000831   Thumb Code    12  scanf_char.o(.text)
    .text                                    0x08000858   Section        0  _sgetc.o(.text)
    .text                                    0x08000898   Section        0  iusefp.o(.text)
    .text                                    0x08000898   Section        0  fepilogue.o(.text)
    .text                                    0x08000906   Section        0  depilogue.o(.text)
    .text                                    0x080009c0   Section        0  dadd.o(.text)
    .text                                    0x08000b0e   Section        0  ddiv.o(.text)
    .text                                    0x08000bec   Section        0  dfixul.o(.text)
    .text                                    0x08000c1c   Section       48  cdrcmple.o(.text)
    .text                                    0x08000c4c   Section       36  init.o(.text)
    .text                                    0x08000c70   Section        0  llshl.o(.text)
    .text                                    0x08000c8e   Section        0  llushr.o(.text)
    .text                                    0x08000cae   Section        0  llsshr.o(.text)
    .text                                    0x08000cd2   Section        0  isspace_c.o(.text)
    .text                                    0x08000cdc   Section        0  _scanf.o(.text)
    .text                                    0x08001008   Section        0  ctype_c.o(.text)
    i.AT24CXX_Check                          0x08001030   Section        0  at24cxx.o(i.AT24CXX_Check)
    i.AT24CXX_Init                           0x0800105a   Section        0  at24cxx.o(i.AT24CXX_Init)
    i.AT24CXX_Read                           0x08001062   Section        0  at24cxx.o(i.AT24CXX_Read)
    i.AT24CXX_ReadOneByte                    0x08001086   Section        0  at24cxx.o(i.AT24CXX_ReadOneByte)
    i.AT24CXX_Write                          0x080010dc   Section        0  at24cxx.o(i.AT24CXX_Write)
    i.AT24CXX_WriteOneByte                   0x08001100   Section        0  at24cxx.o(i.AT24CXX_WriteOneByte)
    i.BASICTIM2_Config                       0x08001150   Section        0  tim.o(i.BASICTIM2_Config)
    i.BASICTIM3_Config                       0x080011bc   Section        0  tim.o(i.BASICTIM3_Config)
    i.BASICTIM4_Config                       0x0800122c   Section        0  tim.o(i.BASICTIM4_Config)
    i.BEEP_Init                              0x080012b4   Section        0  beep.o(i.BEEP_Init)
    i.DRY_BuildBalance                       0x080012e0   Section        0  support.o(i.DRY_BuildBalance)
    i.DRY_BuildBalanceScreen                 0x0800150c   Section        0  support.o(i.DRY_BuildBalanceScreen)
    i.DRY_Complete                           0x080016a0   Section        0  support.o(i.DRY_Complete)
    i.DRY_CompleteScreen                     0x080016d4   Section        0  support.o(i.DRY_CompleteScreen)
    i.DRY_DataSaveDialog                     0x0800179c   Section        0  support.o(i.DRY_DataSaveDialog)
    i.DRY_DisplayData                        0x080018c4   Section        0  support.o(i.DRY_DisplayData)
    i.DRY_DrawEquipment1                     0x08001a44   Section        0  support.o(i.DRY_DrawEquipment1)
    i.DRY_DrawEquipment2                     0x08001c0c   Section        0  support.o(i.DRY_DrawEquipment2)
    i.DRY_DrawEquipment3                     0x08001cac   Section        0  support.o(i.DRY_DrawEquipment3)
    i.DRY_EnterDialog                        0x08001d50   Section        0  support.o(i.DRY_EnterDialog)
    i.DRY_EnterDialogScreen                  0x08001e64   Section        0  support.o(i.DRY_EnterDialogScreen)
    i.DRY_Heating                            0x08002040   Section        0  support.o(i.DRY_Heating)
    i.DRY_HeatingScreen                      0x0800214c   Section        0  support.o(i.DRY_HeatingScreen)
    i.DRY_InputStudentNumber                 0x08002210   Section        0  support.o(i.DRY_InputStudentNumber)
    i.DRY_InputStudentNumberScreen           0x08002358   Section        0  support.o(i.DRY_InputStudentNumberScreen)
    i.DRY_Recording                          0x080023dc   Section        0  support.o(i.DRY_Recording)
    i.DRY_RecordingScreen                    0x080024f8   Section        0  support.o(i.DRY_RecordingScreen)
    i.DRY_ShowData                           0x08002718   Section        0  support.o(i.DRY_ShowData)
    i.DRY_ShowDataScreen                     0x08002744   Section        0  support.o(i.DRY_ShowDataScreen)
    i.DRY_SystemSetting                      0x08002ce8   Section        0  support.o(i.DRY_SystemSetting)
    i.DRY_SystemSettingScreen                0x08002f80   Section        0  support.o(i.DRY_SystemSettingScreen)
    i.DRY_TemperatureControl                 0x08003114   Section        0  support.o(i.DRY_TemperatureControl)
    i.DRY_TemperatureSetting                 0x0800324c   Section        0  support.o(i.DRY_TemperatureSetting)
    i.DRY_TemperatureSettingScreen           0x080033d0   Section        0  support.o(i.DRY_TemperatureSettingScreen)
    i.DRY_UplaodData                         0x08003474   Section        0  support.o(i.DRY_UplaodData)
    i.DRY_WelcomeScreen                      0x080035bc   Section        0  support.o(i.DRY_WelcomeScreen)
    i.DS18B20_ConvertTemp                    0x08003848   Section        0  ds18b20.o(i.DS18B20_ConvertTemp)
    i.DS18B20_Init                           0x08003868   Section        0  ds18b20.o(i.DS18B20_Init)
    i.DS18B20_ReadByte                       0x08003900   Section        0  ds18b20.o(i.DS18B20_ReadByte)
    i.DS18B20_ReadTemp                       0x08003960   Section        0  ds18b20.o(i.DS18B20_ReadTemp)
    i.DS18B20_SetIOMode                      0x08003a10   Section        0  ds18b20.o(i.DS18B20_SetIOMode)
    i.DS18B20_WriteByte                      0x08003a48   Section        0  ds18b20.o(i.DS18B20_WriteByte)
    i.EC11_Init                              0x08003aa8   Section        0  ec11.o(i.EC11_Init)
    i.EC11_Scan                              0x08003ad4   Section        0  ec11.o(i.EC11_Scan)
    i.ESP8266_Cmd                            0x08003c54   Section        0  esp8266.o(i.ESP8266_Cmd)
    i.ESP8266_Handler                        0x08003dd8   Section        0  esp8266.o(i.ESP8266_Handler)
    i.ESP8266_Init                           0x08004008   Section        0  esp8266.o(i.ESP8266_Init)
    i.ESP8266_SendByte                       0x08004018   Section        0  esp8266.o(i.ESP8266_SendByte)
    i.ESP8266_SendString                     0x0800402c   Section        0  esp8266.o(i.ESP8266_SendString)
    i.FLASH_ErasePage                        0x08004044   Section        0  stm32f10x_flash.o(i.FLASH_ErasePage)
    i.FLASH_GetBank1Status                   0x08004094   Section        0  stm32f10x_flash.o(i.FLASH_GetBank1Status)
    i.FLASH_Lock                             0x080040c8   Section        0  stm32f10x_flash.o(i.FLASH_Lock)
    i.FLASH_ProgramHalfWord                  0x080040dc   Section        0  stm32f10x_flash.o(i.FLASH_ProgramHalfWord)
    i.FLASH_Unlock                           0x08004120   Section        0  stm32f10x_flash.o(i.FLASH_Unlock)
    i.FLASH_WaitForLastOperation             0x08004138   Section        0  stm32f10x_flash.o(i.FLASH_WaitForLastOperation)
    i.GPIO_Init                              0x0800415e   Section        0  stm32f10x_gpio.o(i.GPIO_Init)
    i.GPIO_PinRemapConfig                    0x08004274   Section        0  stm32f10x_gpio.o(i.GPIO_PinRemapConfig)
    i.GPIO_ReadInputDataBit                  0x08004304   Section        0  stm32f10x_gpio.o(i.GPIO_ReadInputDataBit)
    i.GPIO_ReadOutputData                    0x08004316   Section        0  stm32f10x_gpio.o(i.GPIO_ReadOutputData)
    i.GPIO_ResetBits                         0x0800431e   Section        0  stm32f10x_gpio.o(i.GPIO_ResetBits)
    i.GPIO_SetBits                           0x08004322   Section        0  stm32f10x_gpio.o(i.GPIO_SetBits)
    i.GPIO_Write                             0x08004326   Section        0  stm32f10x_gpio.o(i.GPIO_Write)
    i.GPIO_WriteBit                          0x0800432a   Section        0  stm32f10x_gpio.o(i.GPIO_WriteBit)
    i.IIC_Ack                                0x08004334   Section        0  iic.o(i.IIC_Ack)
    i.IIC_Init                               0x08004380   Section        0  iic.o(i.IIC_Init)
    i.IIC_Nack                               0x080043bc   Section        0  iic.o(i.IIC_Nack)
    i.IIC_ReadByte                           0x08004408   Section        0  iic.o(i.IIC_ReadByte)
    i.IIC_SendByte                           0x08004474   Section        0  iic.o(i.IIC_SendByte)
    i.IIC_Start                              0x080044e8   Section        0  iic.o(i.IIC_Start)
    i.IIC_Stop                               0x08004534   Section        0  iic.o(i.IIC_Stop)
    i.IIC_WaitAck                            0x08004580   Section        0  iic.o(i.IIC_WaitAck)
    i.KEYANDEC11_Scan                        0x080045e4   Section        0  key.o(i.KEYANDEC11_Scan)
    i.KEY_Init                               0x08004700   Section        0  key.o(i.KEY_Init)
    i.KEY_Read                               0x08004748   Section        0  key.o(i.KEY_Read)
    i.KEY_Write                              0x08004788   Section        0  key.o(i.KEY_Write)
    i.MemReadByte                            0x080047c4   Section        0  eeprom.o(i.MemReadByte)
    i.MemWriteByte                           0x080047e8   Section        0  eeprom.o(i.MemWriteByte)
    i.NVIC_Init                              0x08004840   Section        0  misc.o(i.NVIC_Init)
    i.PWM_Init                               0x080048b0   Section        0  pwm.o(i.PWM_Init)
    i.PWM_SetDutyCycle                       0x080048c0   Section        0  pwm.o(i.PWM_SetDutyCycle)
    i.QPYLCD_Clear                           0x080048d8   Section        0  qpylcd.o(i.QPYLCD_Clear)
    i.QPYLCD_Control                         0x080048f2   Section        0  qpylcd.o(i.QPYLCD_Control)
    i.QPYLCD_DisplayCharacter                0x0800491a   Section        0  qpylcd.o(i.QPYLCD_DisplayCharacter)
    i.QPYLCD_DisplayCharacters               0x08004966   Section        0  qpylcd.o(i.QPYLCD_DisplayCharacters)
    i.QPYLCD_DisplayInt                      0x080049b4   Section        0  qpylcd.o(i.QPYLCD_DisplayInt)
    i.QPYLCD_DisplayString                   0x08004a74   Section        0  qpylcd.o(i.QPYLCD_DisplayString)
    i.QPYLCD_DrawColorImage                  0x08004b28   Section        0  qpylcd.o(i.QPYLCD_DrawColorImage)
    i.QPYLCD_DrawLine                        0x08004b7a   Section        0  qpylcd.o(i.QPYLCD_DrawLine)
    i.QPYLCD_DrawMonochromeImage             0x08004c72   Section        0  qpylcd.o(i.QPYLCD_DrawMonochromeImage)
    i.QPYLCD_DrawPoint                       0x08004cd4   Section        0  qpylcd.o(i.QPYLCD_DrawPoint)
    i.QPYLCD_DrawRectangle                   0x08004cf4   Section        0  qpylcd.o(i.QPYLCD_DrawRectangle)
    i.QPYLCD_Init                            0x08004d74   Section        0  qpylcd.o(i.QPYLCD_Init)
    i.QPYLCD_NewColor                        0x08004e14   Section        0  qpylcd.o(i.QPYLCD_NewColor)
    i.QPYLCD_On                              0x08004e24   Section        0  qpylcd.o(i.QPYLCD_On)
    i.QPYLCD_ProcessData                     0x08004e44   Section        0  qpylcd.o(i.QPYLCD_ProcessData)
    i.QPYLCD_SetBackColor                    0x08004e8c   Section        0  qpylcd.o(i.QPYLCD_SetBackColor)
    i.QPYLCD_SetFrontColor                   0x08004e9a   Section        0  qpylcd.o(i.QPYLCD_SetFrontColor)
    i.QPYLCD_SetXYLabel                      0x08004ea8   Section        0  qpylcd.o(i.QPYLCD_SetXYLabel)
    i.QPYLCD_WriteCmd                        0x08004ec0   Section        0  qpylcd.o(i.QPYLCD_WriteCmd)
    i.QPYLCD_WriteData                       0x08004f4c   Section        0  qpylcd.o(i.QPYLCD_WriteData)
    i.RCC_APB1PeriphClockCmd                 0x08004f9c   Section        0  stm32f10x_rcc.o(i.RCC_APB1PeriphClockCmd)
    i.RCC_APB2PeriphClockCmd                 0x08004fbc   Section        0  stm32f10x_rcc.o(i.RCC_APB2PeriphClockCmd)
    i.RCC_GetClocksFreq                      0x08004fdc   Section        0  stm32f10x_rcc.o(i.RCC_GetClocksFreq)
    i.SetSysClock                            0x080050b0   Section        0  system_stm32f10x.o(i.SetSysClock)
    SetSysClock                              0x080050b1   Thumb Code     8  system_stm32f10x.o(i.SetSysClock)
    i.SetSysClockTo72                        0x080050b8   Section        0  system_stm32f10x.o(i.SetSysClockTo72)
    SetSysClockTo72                          0x080050b9   Thumb Code   214  system_stm32f10x.o(i.SetSysClockTo72)
    i.SystemInit                             0x08005198   Section        0  system_stm32f10x.o(i.SystemInit)
    i.TIM2_IRQHandler                        0x080051ec   Section        0  tim.o(i.TIM2_IRQHandler)
    i.TIM3_IRQHandler                        0x080052e0   Section        0  tim.o(i.TIM3_IRQHandler)
    i.TIM_ClearITPendingBit                  0x0800530c   Section        0  stm32f10x_tim.o(i.TIM_ClearITPendingBit)
    i.TIM_Cmd                                0x08005312   Section        0  stm32f10x_tim.o(i.TIM_Cmd)
    i.TIM_GetITStatus                        0x0800532a   Section        0  stm32f10x_tim.o(i.TIM_GetITStatus)
    i.TIM_ITConfig                           0x0800534c   Section        0  stm32f10x_tim.o(i.TIM_ITConfig)
    i.TIM_OC4Init                            0x08005360   Section        0  stm32f10x_tim.o(i.TIM_OC4Init)
    i.TIM_OC4PreloadConfig                   0x080053dc   Section        0  stm32f10x_tim.o(i.TIM_OC4PreloadConfig)
    i.TIM_SetCompare4                        0x080053f6   Section        0  stm32f10x_tim.o(i.TIM_SetCompare4)
    i.TIM_TimeBaseInit                       0x080053fc   Section        0  stm32f10x_tim.o(i.TIM_TimeBaseInit)
    i.USART1_IRQHandler                      0x080054a0   Section        0  usart.o(i.USART1_IRQHandler)
    i.USART2_IRQHandler                      0x08005504   Section        0  usart.o(i.USART2_IRQHandler)
    i.USART3_IRQHandler                      0x08005506   Section        0  usart.o(i.USART3_IRQHandler)
    i.USART_Cmd                              0x08005508   Section        0  stm32f10x_usart.o(i.USART_Cmd)
    i.USART_Config                           0x08005520   Section        0  usart.o(i.USART_Config)
    i.USART_GetITStatus                      0x08005670   Section        0  stm32f10x_usart.o(i.USART_GetITStatus)
    i.USART_ITConfig                         0x080056c4   Section        0  stm32f10x_usart.o(i.USART_ITConfig)
    i.USART_Init                             0x08005710   Section        0  stm32f10x_usart.o(i.USART_Init)
    i.USART_ReceiveData                      0x080057e8   Section        0  stm32f10x_usart.o(i.USART_ReceiveData)
    i.USART_Send                             0x080057f2   Section        0  usart.o(i.USART_Send)
    i.__0sprintf                             0x08005804   Section        0  printfa.o(i.__0sprintf)
    i.__scatterload_copy                     0x0800582c   Section       14  handlers.o(i.__scatterload_copy)
    i.__scatterload_null                     0x0800583a   Section        2  handlers.o(i.__scatterload_null)
    i.__scatterload_zeroinit                 0x0800583c   Section       14  handlers.o(i.__scatterload_zeroinit)
    i._fp_digits                             0x0800584c   Section        0  printfa.o(i._fp_digits)
    _fp_digits                               0x0800584d   Thumb Code   366  printfa.o(i._fp_digits)
    i._printf_core                           0x080059d0   Section        0  printfa.o(i._printf_core)
    _printf_core                             0x080059d1   Thumb Code  1744  printfa.o(i._printf_core)
    i._printf_post_padding                   0x080060ac   Section        0  printfa.o(i._printf_post_padding)
    _printf_post_padding                     0x080060ad   Thumb Code    36  printfa.o(i._printf_post_padding)
    i._printf_pre_padding                    0x080060d0   Section        0  printfa.o(i._printf_pre_padding)
    _printf_pre_padding                      0x080060d1   Thumb Code    46  printfa.o(i._printf_pre_padding)
    i._sputc                                 0x080060fe   Section        0  printfa.o(i._sputc)
    _sputc                                   0x080060ff   Thumb Code    10  printfa.o(i._sputc)
    i.delay_ms                               0x08006108   Section        0  delay.o(i.delay_ms)
    i.delay_s                                0x08006140   Section        0  delay.o(i.delay_s)
    i.delay_us                               0x08006158   Section        0  delay.o(i.delay_us)
    i.main                                   0x08006190   Section        0  main.o(i.main)
    .constdata                               0x08006320   Section    12288  asciifont.o(.constdata)
    .constdata                               0x08009320   Section    33988  font.o(.constdata)
    .constdata                               0x080117e4   Section       60  support.o(.constdata)
    .constdata                               0x08011820   Section       64  ctype_c.o(.constdata)
    .data                                    0x20000000   Section       20  stm32f10x_rcc.o(.data)
    APBAHBPrescTable                         0x20000000   Data          16  stm32f10x_rcc.o(.data)
    ADCPrescTable                            0x20000010   Data           4  stm32f10x_rcc.o(.data)
    .data                                    0x20000014   Section        6  main.o(.data)
    .data                                    0x2000001a   Section       24  qpylcd.o(.data)
    .data                                    0x20000034   Section       36  ds18b20.o(.data)
    .data                                    0x20000058   Section        2  usart.o(.data)
    .data                                    0x2000005c   Section        9  tim.o(.data)
    registerFlag                             0x20000064   Data           1  tim.o(.data)
    .data                                    0x20000066   Section        2  esp8266.o(.data)
    .data                                    0x20000068   Section        4  support.o(.data)
    dutyCycle                                0x20000068   Data           4  support.o(.data)
    .data                                    0x2000006c   Section        2  key.o(.data)
    lastKeyValue                             0x2000006c   Data           1  key.o(.data)
    lastKeyValue                             0x2000006d   Data           1  key.o(.data)
    .data                                    0x2000006e   Section        4  ec11.o(.data)
    lastScanData                             0x20000071   Data           1  ec11.o(.data)
    .data                                    0x20000072   Section        1  beep.o(.data)
    .bss                                     0x20000074   Section      188  main.o(.bss)
    .bss                                     0x20000130   Section      200  usart.o(.bss)
    .bss                                     0x200001f8   Section      234  esp8266.o(.bss)
    .bss                                     0x200002e4   Section       20  support.o(.bss)
    STACK                                    0x200002f8   Section     1024  startup_stm32f10x_hd.o(STACK)

    Global Symbols

    Symbol Name                              Value     Ov Type        Size  Object(Section)

    BuildAttributes$$THM_ISAv4$P$D$K$B$S$PE$A:L22UL41UL21$X:L11$S22US41US21$IEEE1$IW$USESV6$~STKCKD$USESV7$~SHL$OTIME$ROPI$EBA8$MICROLIB$REQ8$PRES8$EABIv2 0x00000000   Number         0  anon$$obj.o ABSOLUTE
    __ARM_use_no_argv                        0x00000000   Number         0  main.o ABSOLUTE
    _printf_a                                0x00000000   Number         0  stubs.o ABSOLUTE
    _printf_c                                0x00000000   Number         0  stubs.o ABSOLUTE
    _printf_charcount                        0x00000000   Number         0  stubs.o ABSOLUTE
    _printf_d                                0x00000000   Number         0  stubs.o ABSOLUTE
    _printf_e                                0x00000000   Number         0  stubs.o ABSOLUTE
    _printf_f                                0x00000000   Number         0  stubs.o ABSOLUTE
    _printf_flags                            0x00000000   Number         0  stubs.o ABSOLUTE
    _printf_fp_dec                           0x00000000   Number         0  stubs.o ABSOLUTE
    _printf_fp_hex                           0x00000000   Number         0  stubs.o ABSOLUTE
    _printf_g                                0x00000000   Number         0  stubs.o ABSOLUTE
    _printf_i                                0x00000000   Number         0  stubs.o ABSOLUTE
    _printf_int_dec                          0x00000000   Number         0  stubs.o ABSOLUTE
    _printf_l                                0x00000000   Number         0  stubs.o ABSOLUTE
    _printf_lc                               0x00000000   Number         0  stubs.o ABSOLUTE
    _printf_ll                               0x00000000   Number         0  stubs.o ABSOLUTE
    _printf_lld                              0x00000000   Number         0  stubs.o ABSOLUTE
    _printf_lli                              0x00000000   Number         0  stubs.o ABSOLUTE
    _printf_llo                              0x00000000   Number         0  stubs.o ABSOLUTE
    _printf_llu                              0x00000000   Number         0  stubs.o ABSOLUTE
    _printf_llx                              0x00000000   Number         0  stubs.o ABSOLUTE
    _printf_longlong_dec                     0x00000000   Number         0  stubs.o ABSOLUTE
    _printf_longlong_hex                     0x00000000   Number         0  stubs.o ABSOLUTE
    _printf_longlong_oct                     0x00000000   Number         0  stubs.o ABSOLUTE
    _printf_ls                               0x00000000   Number         0  stubs.o ABSOLUTE
    _printf_mbtowc                           0x00000000   Number         0  stubs.o ABSOLUTE
    _printf_n                                0x00000000   Number         0  stubs.o ABSOLUTE
    _printf_o                                0x00000000   Number         0  stubs.o ABSOLUTE
    _printf_p                                0x00000000   Number         0  stubs.o ABSOLUTE
    _printf_percent                          0x00000000   Number         0  stubs.o ABSOLUTE
    _printf_pre_padding                      0x00000000   Number         0  stubs.o ABSOLUTE
    _printf_return_value                     0x00000000   Number         0  stubs.o ABSOLUTE
    _printf_s                                0x00000000   Number         0  stubs.o ABSOLUTE
    _printf_sizespec                         0x00000000   Number         0  stubs.o ABSOLUTE
    _printf_str                              0x00000000   Number         0  stubs.o ABSOLUTE
    _printf_truncate_signed                  0x00000000   Number         0  stubs.o ABSOLUTE
    _printf_truncate_unsigned                0x00000000   Number         0  stubs.o ABSOLUTE
    _printf_u                                0x00000000   Number         0  stubs.o ABSOLUTE
    _printf_wc                               0x00000000   Number         0  stubs.o ABSOLUTE
    _printf_wctomb                           0x00000000   Number         0  stubs.o ABSOLUTE
    _printf_widthprec                        0x00000000   Number         0  stubs.o ABSOLUTE
    _printf_x                                0x00000000   Number         0  stubs.o ABSOLUTE
    __cpp_initialize__aeabi_                  - Undefined Weak Reference
    __cxa_finalize                            - Undefined Weak Reference
    __decompress                              - Undefined Weak Reference
    _clock_init                               - Undefined Weak Reference
    _microlib_exit                            - Undefined Weak Reference
    _scanf_longlong                           - Undefined Weak Reference
    _scanf_real                               - Undefined Weak Reference
    __Vectors_Size                           0x00000130   Number         0  startup_stm32f10x_hd.o ABSOLUTE
    __Vectors                                0x08000000   Data           4  startup_stm32f10x_hd.o(RESET)
    __Vectors_End                            0x08000130   Data           0  startup_stm32f10x_hd.o(RESET)
    __main                                   0x08000131   Thumb Code     0  entry.o(.ARM.Collect$$$$00000000)
    _main_stk                                0x08000131   Thumb Code     0  entry2.o(.ARM.Collect$$$$00000001)
    _main_scatterload                        0x08000135   Thumb Code     0  entry5.o(.ARM.Collect$$$$00000004)
    __main_after_scatterload                 0x08000139   Thumb Code     0  entry5.o(.ARM.Collect$$$$00000004)
    _main_clock                              0x08000139   Thumb Code     0  entry7b.o(.ARM.Collect$$$$00000008)
    _main_cpp_init                           0x08000139   Thumb Code     0  entry8b.o(.ARM.Collect$$$$0000000A)
    _main_init                               0x08000139   Thumb Code     0  entry9a.o(.ARM.Collect$$$$0000000B)
    __rt_final_cpp                           0x08000141   Thumb Code     0  entry10a.o(.ARM.Collect$$$$0000000D)
    __rt_final_exit                          0x08000141   Thumb Code     0  entry11a.o(.ARM.Collect$$$$0000000F)
    Reset_Handler                            0x08000145   Thumb Code     8  startup_stm32f10x_hd.o(.text)
    NMI_Handler                              0x0800014d   Thumb Code     2  startup_stm32f10x_hd.o(.text)
    HardFault_Handler                        0x0800014f   Thumb Code     2  startup_stm32f10x_hd.o(.text)
    MemManage_Handler                        0x08000151   Thumb Code     2  startup_stm32f10x_hd.o(.text)
    BusFault_Handler                         0x08000153   Thumb Code     2  startup_stm32f10x_hd.o(.text)
    UsageFault_Handler                       0x08000155   Thumb Code     2  startup_stm32f10x_hd.o(.text)
    SVC_Handler                              0x08000157   Thumb Code     2  startup_stm32f10x_hd.o(.text)
    DebugMon_Handler                         0x08000159   Thumb Code     2  startup_stm32f10x_hd.o(.text)
    PendSV_Handler                           0x0800015b   Thumb Code     2  startup_stm32f10x_hd.o(.text)
    SysTick_Handler                          0x0800015d   Thumb Code     2  startup_stm32f10x_hd.o(.text)
    ADC1_2_IRQHandler                        0x0800015f   Thumb Code     0  startup_stm32f10x_hd.o(.text)
    ADC3_IRQHandler                          0x0800015f   Thumb Code     0  startup_stm32f10x_hd.o(.text)
    CAN1_RX1_IRQHandler                      0x0800015f   Thumb Code     0  startup_stm32f10x_hd.o(.text)
    CAN1_SCE_IRQHandler                      0x0800015f   Thumb Code     0  startup_stm32f10x_hd.o(.text)
    DMA1_Channel1_IRQHandler                 0x0800015f   Thumb Code     0  startup_stm32f10x_hd.o(.text)
    DMA1_Channel2_IRQHandler                 0x0800015f   Thumb Code     0  startup_stm32f10x_hd.o(.text)
    DMA1_Channel3_IRQHandler                 0x0800015f   Thumb Code     0  startup_stm32f10x_hd.o(.text)
    DMA1_Channel4_IRQHandler                 0x0800015f   Thumb Code     0  startup_stm32f10x_hd.o(.text)
    DMA1_Channel5_IRQHandler                 0x0800015f   Thumb Code     0  startup_stm32f10x_hd.o(.text)
    DMA1_Channel6_IRQHandler                 0x0800015f   Thumb Code     0  startup_stm32f10x_hd.o(.text)
    DMA1_Channel7_IRQHandler                 0x0800015f   Thumb Code     0  startup_stm32f10x_hd.o(.text)
    DMA2_Channel1_IRQHandler                 0x0800015f   Thumb Code     0  startup_stm32f10x_hd.o(.text)
    DMA2_Channel2_IRQHandler                 0x0800015f   Thumb Code     0  startup_stm32f10x_hd.o(.text)
    DMA2_Channel3_IRQHandler                 0x0800015f   Thumb Code     0  startup_stm32f10x_hd.o(.text)
    DMA2_Channel4_5_IRQHandler               0x0800015f   Thumb Code     0  startup_stm32f10x_hd.o(.text)
    EXTI0_IRQHandler                         0x0800015f   Thumb Code     0  startup_stm32f10x_hd.o(.text)
    EXTI15_10_IRQHandler                     0x0800015f   Thumb Code     0  startup_stm32f10x_hd.o(.text)
    EXTI1_IRQHandler                         0x0800015f   Thumb Code     0  startup_stm32f10x_hd.o(.text)
    EXTI2_IRQHandler                         0x0800015f   Thumb Code     0  startup_stm32f10x_hd.o(.text)
    EXTI3_IRQHandler                         0x0800015f   Thumb Code     0  startup_stm32f10x_hd.o(.text)
    EXTI4_IRQHandler                         0x0800015f   Thumb Code     0  startup_stm32f10x_hd.o(.text)
    EXTI9_5_IRQHandler                       0x0800015f   Thumb Code     0  startup_stm32f10x_hd.o(.text)
    FLASH_IRQHandler                         0x0800015f   Thumb Code     0  startup_stm32f10x_hd.o(.text)
    FSMC_IRQHandler                          0x0800015f   Thumb Code     0  startup_stm32f10x_hd.o(.text)
    I2C1_ER_IRQHandler                       0x0800015f   Thumb Code     0  startup_stm32f10x_hd.o(.text)
    I2C1_EV_IRQHandler                       0x0800015f   Thumb Code     0  startup_stm32f10x_hd.o(.text)
    I2C2_ER_IRQHandler                       0x0800015f   Thumb Code     0  startup_stm32f10x_hd.o(.text)
    I2C2_EV_IRQHandler                       0x0800015f   Thumb Code     0  startup_stm32f10x_hd.o(.text)
    PVD_IRQHandler                           0x0800015f   Thumb Code     0  startup_stm32f10x_hd.o(.text)
    RCC_IRQHandler                           0x0800015f   Thumb Code     0  startup_stm32f10x_hd.o(.text)
    RTCAlarm_IRQHandler                      0x0800015f   Thumb Code     0  startup_stm32f10x_hd.o(.text)
    RTC_IRQHandler                           0x0800015f   Thumb Code     0  startup_stm32f10x_hd.o(.text)
    SDIO_IRQHandler                          0x0800015f   Thumb Code     0  startup_stm32f10x_hd.o(.text)
    SPI1_IRQHandler                          0x0800015f   Thumb Code     0  startup_stm32f10x_hd.o(.text)
    SPI2_IRQHandler                          0x0800015f   Thumb Code     0  startup_stm32f10x_hd.o(.text)
    SPI3_IRQHandler                          0x0800015f   Thumb Code     0  startup_stm32f10x_hd.o(.text)
    TAMPER_IRQHandler                        0x0800015f   Thumb Code     0  startup_stm32f10x_hd.o(.text)
    TIM1_BRK_IRQHandler                      0x0800015f   Thumb Code     0  startup_stm32f10x_hd.o(.text)
    TIM1_CC_IRQHandler                       0x0800015f   Thumb Code     0  startup_stm32f10x_hd.o(.text)
    TIM1_TRG_COM_IRQHandler                  0x0800015f   Thumb Code     0  startup_stm32f10x_hd.o(.text)
    TIM1_UP_IRQHandler                       0x0800015f   Thumb Code     0  startup_stm32f10x_hd.o(.text)
    TIM4_IRQHandler                          0x0800015f   Thumb Code     0  startup_stm32f10x_hd.o(.text)
    TIM5_IRQHandler                          0x0800015f   Thumb Code     0  startup_stm32f10x_hd.o(.text)
    TIM6_IRQHandler                          0x0800015f   Thumb Code     0  startup_stm32f10x_hd.o(.text)
    TIM7_IRQHandler                          0x0800015f   Thumb Code     0  startup_stm32f10x_hd.o(.text)
    TIM8_BRK_IRQHandler                      0x0800015f   Thumb Code     0  startup_stm32f10x_hd.o(.text)
    TIM8_CC_IRQHandler                       0x0800015f   Thumb Code     0  startup_stm32f10x_hd.o(.text)
    TIM8_TRG_COM_IRQHandler                  0x0800015f   Thumb Code     0  startup_stm32f10x_hd.o(.text)
    TIM8_UP_IRQHandler                       0x0800015f   Thumb Code     0  startup_stm32f10x_hd.o(.text)
    UART4_IRQHandler                         0x0800015f   Thumb Code     0  startup_stm32f10x_hd.o(.text)
    UART5_IRQHandler                         0x0800015f   Thumb Code     0  startup_stm32f10x_hd.o(.text)
    USBWakeUp_IRQHandler                     0x0800015f   Thumb Code     0  startup_stm32f10x_hd.o(.text)
    USB_HP_CAN1_TX_IRQHandler                0x0800015f   Thumb Code     0  startup_stm32f10x_hd.o(.text)
    USB_LP_CAN1_RX0_IRQHandler               0x0800015f   Thumb Code     0  startup_stm32f10x_hd.o(.text)
    WWDG_IRQHandler                          0x0800015f   Thumb Code     0  startup_stm32f10x_hd.o(.text)
    __aeabi_memcpy                           0x08000169   Thumb Code    36  memcpya.o(.text)
    __aeabi_memcpy4                          0x08000169   Thumb Code     0  memcpya.o(.text)
    __aeabi_memcpy8                          0x08000169   Thumb Code     0  memcpya.o(.text)
    strcmp                                   0x0800018d   Thumb Code    28  strcmp.o(.text)
    __0sscanf                                0x080001a9   Thumb Code    48  __0sscanf.o(.text)
    _scanf_int                               0x080001e1   Thumb Code   332  _scanf_int.o(.text)
    _scanf_string                            0x0800032d   Thumb Code   224  _scanf_str.o(.text)
    __aeabi_fadd                             0x0800040d   Thumb Code   164  fadd.o(.text)
    __aeabi_fsub                             0x080004b1   Thumb Code     6  fadd.o(.text)
    __aeabi_frsub                            0x080004b7   Thumb Code     6  fadd.o(.text)
    __aeabi_fmul                             0x080004bd   Thumb Code   100  fmul.o(.text)
    __aeabi_fdiv                             0x08000521   Thumb Code   124  fdiv.o(.text)
    __aeabi_dmul                             0x0800059d   Thumb Code   228  dmul.o(.text)
    __aeabi_i2f                              0x08000681   Thumb Code    18  fflti.o(.text)
    __aeabi_ui2f                             0x08000693   Thumb Code    10  ffltui.o(.text)
    __aeabi_f2iz                             0x0800069d   Thumb Code    50  ffixi.o(.text)
    __aeabi_f2d                              0x080006cf   Thumb Code    38  f2d.o(.text)
    __aeabi_cdcmpeq                          0x080006f5   Thumb Code     0  cdcmple.o(.text)
    __aeabi_cdcmple                          0x080006f5   Thumb Code    48  cdcmple.o(.text)
    __aeabi_d2f                              0x08000725   Thumb Code    56  d2f.o(.text)
    __aeabi_cfcmpeq                          0x0800075d   Thumb Code     0  cfcmple.o(.text)
    __aeabi_cfcmple                          0x0800075d   Thumb Code    20  cfcmple.o(.text)
    __aeabi_cfrcmple                         0x08000771   Thumb Code    20  cfrcmple.o(.text)
    __aeabi_uidiv                            0x08000785   Thumb Code     0  uidiv.o(.text)
    __aeabi_uidivmod                         0x08000785   Thumb Code    44  uidiv.o(.text)
    __aeabi_uldivmod                         0x080007b1   Thumb Code    98  uldiv.o(.text)
    _chval                                   0x08000813   Thumb Code    28  _chval.o(.text)
    __vfscanf_char                           0x0800083d   Thumb Code    20  scanf_char.o(.text)
    _sgetc                                   0x08000859   Thumb Code    30  _sgetc.o(.text)
    _sbackspace                              0x08000877   Thumb Code    34  _sgetc.o(.text)
    __I$use$fp                               0x08000899   Thumb Code     0  iusefp.o(.text)
    _float_round                             0x08000899   Thumb Code    18  fepilogue.o(.text)
    _float_epilogue                          0x080008ab   Thumb Code    92  fepilogue.o(.text)
    _double_round                            0x08000907   Thumb Code    30  depilogue.o(.text)
    _double_epilogue                         0x08000925   Thumb Code   156  depilogue.o(.text)
    __aeabi_dadd                             0x080009c1   Thumb Code   322  dadd.o(.text)
    __aeabi_dsub                             0x08000b03   Thumb Code     6  dadd.o(.text)
    __aeabi_drsub                            0x08000b09   Thumb Code     6  dadd.o(.text)
    __aeabi_ddiv                             0x08000b0f   Thumb Code   222  ddiv.o(.text)
    __aeabi_d2ulz                            0x08000bed   Thumb Code    48  dfixul.o(.text)
    __aeabi_cdrcmple                         0x08000c1d   Thumb Code    48  cdrcmple.o(.text)
    __scatterload                            0x08000c4d   Thumb Code    28  init.o(.text)
    __scatterload_rt2                        0x08000c4d   Thumb Code     0  init.o(.text)
    __aeabi_llsl                             0x08000c71   Thumb Code    30  llshl.o(.text)
    _ll_shift_l                              0x08000c71   Thumb Code     0  llshl.o(.text)
    __aeabi_llsr                             0x08000c8f   Thumb Code    32  llushr.o(.text)
    _ll_ushift_r                             0x08000c8f   Thumb Code     0  llushr.o(.text)
    __aeabi_lasr                             0x08000caf   Thumb Code    36  llsshr.o(.text)
    _ll_sshift_r                             0x08000caf   Thumb Code     0  llsshr.o(.text)
    isspace                                  0x08000cd3   Thumb Code    10  isspace_c.o(.text)
    __vfscanf                                0x08000cdd   Thumb Code   808  _scanf.o(.text)
    __ctype_lookup                           0x08001009   Thumb Code    34  ctype_c.o(.text)
    AT24CXX_Check                            0x08001031   Thumb Code    42  at24cxx.o(i.AT24CXX_Check)
    AT24CXX_Init                             0x0800105b   Thumb Code     8  at24cxx.o(i.AT24CXX_Init)
    AT24CXX_Read                             0x08001063   Thumb Code    36  at24cxx.o(i.AT24CXX_Read)
    AT24CXX_ReadOneByte                      0x08001087   Thumb Code    86  at24cxx.o(i.AT24CXX_ReadOneByte)
    AT24CXX_Write                            0x080010dd   Thumb Code    36  at24cxx.o(i.AT24CXX_Write)
    AT24CXX_WriteOneByte                     0x08001101   Thumb Code    80  at24cxx.o(i.AT24CXX_WriteOneByte)
    BASICTIM2_Config                         0x08001151   Thumb Code   108  tim.o(i.BASICTIM2_Config)
    BASICTIM3_Config                         0x080011bd   Thumb Code   106  tim.o(i.BASICTIM3_Config)
    BASICTIM4_Config                         0x0800122d   Thumb Code   128  tim.o(i.BASICTIM4_Config)
    BEEP_Init                                0x080012b5   Thumb Code    38  beep.o(i.BEEP_Init)
    DRY_BuildBalance                         0x080012e1   Thumb Code   508  support.o(i.DRY_BuildBalance)
    DRY_BuildBalanceScreen                   0x0800150d   Thumb Code   376  support.o(i.DRY_BuildBalanceScreen)
    DRY_Complete                             0x080016a1   Thumb Code    48  support.o(i.DRY_Complete)
    DRY_CompleteScreen                       0x080016d5   Thumb Code   188  support.o(i.DRY_CompleteScreen)
    DRY_DataSaveDialog                       0x0800179d   Thumb Code   278  support.o(i.DRY_DataSaveDialog)
    DRY_DisplayData                          0x080018c5   Thumb Code   362  support.o(i.DRY_DisplayData)
    DRY_DrawEquipment1                       0x08001a45   Thumb Code   446  support.o(i.DRY_DrawEquipment1)
    DRY_DrawEquipment2                       0x08001c0d   Thumb Code   152  support.o(i.DRY_DrawEquipment2)
    DRY_DrawEquipment3                       0x08001cad   Thumb Code   156  support.o(i.DRY_DrawEquipment3)
    DRY_EnterDialog                          0x08001d51   Thumb Code   266  support.o(i.DRY_EnterDialog)
    DRY_EnterDialogScreen                    0x08001e65   Thumb Code   460  support.o(i.DRY_EnterDialogScreen)
    DRY_Heating                              0x08002041   Thumb Code   234  support.o(i.DRY_Heating)
    DRY_HeatingScreen                        0x0800214d   Thumb Code   174  support.o(i.DRY_HeatingScreen)
    DRY_InputStudentNumber                   0x08002211   Thumb Code   318  support.o(i.DRY_InputStudentNumber)
    DRY_InputStudentNumberScreen             0x08002359   Thumb Code   114  support.o(i.DRY_InputStudentNumberScreen)
    DRY_Recording                            0x080023dd   Thumb Code   272  support.o(i.DRY_Recording)
    DRY_RecordingScreen                      0x080024f9   Thumb Code   528  support.o(i.DRY_RecordingScreen)
    DRY_ShowData                             0x08002719   Thumb Code    38  support.o(i.DRY_ShowData)
    DRY_ShowDataScreen                       0x08002745   Thumb Code  1434  support.o(i.DRY_ShowDataScreen)
    DRY_SystemSetting                        0x08002ce9   Thumb Code   632  support.o(i.DRY_SystemSetting)
    DRY_SystemSettingScreen                  0x08002f81   Thumb Code   316  support.o(i.DRY_SystemSettingScreen)
    DRY_TemperatureControl                   0x08003115   Thumb Code   292  support.o(i.DRY_TemperatureControl)
    DRY_TemperatureSetting                   0x0800324d   Thumb Code   380  support.o(i.DRY_TemperatureSetting)
    DRY_TemperatureSettingScreen             0x080033d1   Thumb Code   142  support.o(i.DRY_TemperatureSettingScreen)
    DRY_UplaodData                           0x08003475   Thumb Code   278  support.o(i.DRY_UplaodData)
    DRY_WelcomeScreen                        0x080035bd   Thumb Code   580  support.o(i.DRY_WelcomeScreen)
    DS18B20_ConvertTemp                      0x08003849   Thumb Code    32  ds18b20.o(i.DS18B20_ConvertTemp)
    DS18B20_Init                             0x08003869   Thumb Code   152  ds18b20.o(i.DS18B20_Init)
    DS18B20_ReadByte                         0x08003901   Thumb Code    96  ds18b20.o(i.DS18B20_ReadByte)
    DS18B20_ReadTemp                         0x08003961   Thumb Code   170  ds18b20.o(i.DS18B20_ReadTemp)
    DS18B20_SetIOMode                        0x08003a11   Thumb Code    56  ds18b20.o(i.DS18B20_SetIOMode)
    DS18B20_WriteByte                        0x08003a49   Thumb Code    96  ds18b20.o(i.DS18B20_WriteByte)
    EC11_Init                                0x08003aa9   Thumb Code    38  ec11.o(i.EC11_Init)
    EC11_Scan                                0x08003ad5   Thumb Code   366  ec11.o(i.EC11_Scan)
    ESP8266_Cmd                              0x08003c55   Thumb Code   250  esp8266.o(i.ESP8266_Cmd)
    ESP8266_Handler                          0x08003dd9   Thumb Code   438  esp8266.o(i.ESP8266_Handler)
    ESP8266_Init                             0x08004009   Thumb Code    10  esp8266.o(i.ESP8266_Init)
    ESP8266_SendByte                         0x08004019   Thumb Code    14  esp8266.o(i.ESP8266_SendByte)
    ESP8266_SendString                       0x0800402d   Thumb Code    22  esp8266.o(i.ESP8266_SendString)
    FLASH_ErasePage                          0x08004045   Thumb Code    76  stm32f10x_flash.o(i.FLASH_ErasePage)
    FLASH_GetBank1Status                     0x08004095   Thumb Code    48  stm32f10x_flash.o(i.FLASH_GetBank1Status)
    FLASH_Lock                               0x080040c9   Thumb Code    14  stm32f10x_flash.o(i.FLASH_Lock)
    FLASH_ProgramHalfWord                    0x080040dd   Thumb Code    64  stm32f10x_flash.o(i.FLASH_ProgramHalfWord)
    FLASH_Unlock                             0x08004121   Thumb Code    12  stm32f10x_flash.o(i.FLASH_Unlock)
    FLASH_WaitForLastOperation               0x08004139   Thumb Code    38  stm32f10x_flash.o(i.FLASH_WaitForLastOperation)
    GPIO_Init                                0x0800415f   Thumb Code   278  stm32f10x_gpio.o(i.GPIO_Init)
    GPIO_PinRemapConfig                      0x08004275   Thumb Code   138  stm32f10x_gpio.o(i.GPIO_PinRemapConfig)
    GPIO_ReadInputDataBit                    0x08004305   Thumb Code    18  stm32f10x_gpio.o(i.GPIO_ReadInputDataBit)
    GPIO_ReadOutputData                      0x08004317   Thumb Code     8  stm32f10x_gpio.o(i.GPIO_ReadOutputData)
    GPIO_ResetBits                           0x0800431f   Thumb Code     4  stm32f10x_gpio.o(i.GPIO_ResetBits)
    GPIO_SetBits                             0x08004323   Thumb Code     4  stm32f10x_gpio.o(i.GPIO_SetBits)
    GPIO_Write                               0x08004327   Thumb Code     4  stm32f10x_gpio.o(i.GPIO_Write)
    GPIO_WriteBit                            0x0800432b   Thumb Code    10  stm32f10x_gpio.o(i.GPIO_WriteBit)
    IIC_Ack                                  0x08004335   Thumb Code    70  iic.o(i.IIC_Ack)
    IIC_Init                                 0x08004381   Thumb Code    54  iic.o(i.IIC_Init)
    IIC_Nack                                 0x080043bd   Thumb Code    70  iic.o(i.IIC_Nack)
    IIC_ReadByte                             0x08004409   Thumb Code   102  iic.o(i.IIC_ReadByte)
    IIC_SendByte                             0x08004475   Thumb Code   110  iic.o(i.IIC_SendByte)
    IIC_Start                                0x080044e9   Thumb Code    70  iic.o(i.IIC_Start)
    IIC_Stop                                 0x08004535   Thumb Code    70  iic.o(i.IIC_Stop)
    IIC_WaitAck                              0x08004581   Thumb Code    96  iic.o(i.IIC_WaitAck)
    KEYANDEC11_Scan                          0x080045e5   Thumb Code   274  key.o(i.KEYANDEC11_Scan)
    KEY_Init                                 0x08004701   Thumb Code    66  key.o(i.KEY_Init)
    KEY_Read                                 0x08004749   Thumb Code    60  key.o(i.KEY_Read)
    KEY_Write                                0x08004789   Thumb Code    54  key.o(i.KEY_Write)
    MemReadByte                              0x080047c5   Thumb Code    32  eeprom.o(i.MemReadByte)
    MemWriteByte                             0x080047e9   Thumb Code    82  eeprom.o(i.MemWriteByte)
    NVIC_Init                                0x08004841   Thumb Code   100  misc.o(i.NVIC_Init)
    PWM_Init                                 0x080048b1   Thumb Code    16  pwm.o(i.PWM_Init)
    PWM_SetDutyCycle                         0x080048c1   Thumb Code    18  pwm.o(i.PWM_SetDutyCycle)
    QPYLCD_Clear                             0x080048d9   Thumb Code    26  qpylcd.o(i.QPYLCD_Clear)
    QPYLCD_Control                           0x080048f3   Thumb Code    40  qpylcd.o(i.QPYLCD_Control)
    QPYLCD_DisplayCharacter                  0x0800491b   Thumb Code    76  qpylcd.o(i.QPYLCD_DisplayCharacter)
    QPYLCD_DisplayCharacters                 0x08004967   Thumb Code    76  qpylcd.o(i.QPYLCD_DisplayCharacters)
    QPYLCD_DisplayInt                        0x080049b5   Thumb Code   186  qpylcd.o(i.QPYLCD_DisplayInt)
    QPYLCD_DisplayString                     0x08004a75   Thumb Code   168  qpylcd.o(i.QPYLCD_DisplayString)
    QPYLCD_DrawColorImage                    0x08004b29   Thumb Code    82  qpylcd.o(i.QPYLCD_DrawColorImage)
    QPYLCD_DrawLine                          0x08004b7b   Thumb Code   248  qpylcd.o(i.QPYLCD_DrawLine)
    QPYLCD_DrawMonochromeImage               0x08004c73   Thumb Code    98  qpylcd.o(i.QPYLCD_DrawMonochromeImage)
    QPYLCD_DrawPoint                         0x08004cd5   Thumb Code    32  qpylcd.o(i.QPYLCD_DrawPoint)
    QPYLCD_DrawRectangle                     0x08004cf5   Thumb Code   128  qpylcd.o(i.QPYLCD_DrawRectangle)
    QPYLCD_Init                              0x08004d75   Thumb Code   146  qpylcd.o(i.QPYLCD_Init)
    QPYLCD_NewColor                          0x08004e15   Thumb Code    14  qpylcd.o(i.QPYLCD_NewColor)
    QPYLCD_On                                0x08004e25   Thumb Code    26  qpylcd.o(i.QPYLCD_On)
    QPYLCD_ProcessData                       0x08004e45   Thumb Code    62  qpylcd.o(i.QPYLCD_ProcessData)
    QPYLCD_SetBackColor                      0x08004e8d   Thumb Code    14  qpylcd.o(i.QPYLCD_SetBackColor)
    QPYLCD_SetFrontColor                     0x08004e9b   Thumb Code    14  qpylcd.o(i.QPYLCD_SetFrontColor)
    QPYLCD_SetXYLabel                        0x08004ea9   Thumb Code    24  qpylcd.o(i.QPYLCD_SetXYLabel)
    QPYLCD_WriteCmd                          0x08004ec1   Thumb Code   136  qpylcd.o(i.QPYLCD_WriteCmd)
    QPYLCD_WriteData                         0x08004f4d   Thumb Code    76  qpylcd.o(i.QPYLCD_WriteData)
    RCC_APB1PeriphClockCmd                   0x08004f9d   Thumb Code    26  stm32f10x_rcc.o(i.RCC_APB1PeriphClockCmd)
    RCC_APB2PeriphClockCmd                   0x08004fbd   Thumb Code    26  stm32f10x_rcc.o(i.RCC_APB2PeriphClockCmd)
    RCC_GetClocksFreq                        0x08004fdd   Thumb Code   192  stm32f10x_rcc.o(i.RCC_GetClocksFreq)
    SystemInit                               0x08005199   Thumb Code    70  system_stm32f10x.o(i.SystemInit)
    TIM2_IRQHandler                          0x080051ed   Thumb Code   212  tim.o(i.TIM2_IRQHandler)
    TIM3_IRQHandler                          0x080052e1   Thumb Code    34  tim.o(i.TIM3_IRQHandler)
    TIM_ClearITPendingBit                    0x0800530d   Thumb Code     6  stm32f10x_tim.o(i.TIM_ClearITPendingBit)
    TIM_Cmd                                  0x08005313   Thumb Code    24  stm32f10x_tim.o(i.TIM_Cmd)
    TIM_GetITStatus                          0x0800532b   Thumb Code    34  stm32f10x_tim.o(i.TIM_GetITStatus)
    TIM_ITConfig                             0x0800534d   Thumb Code    18  stm32f10x_tim.o(i.TIM_ITConfig)
    TIM_OC4Init                              0x08005361   Thumb Code   114  stm32f10x_tim.o(i.TIM_OC4Init)
    TIM_OC4PreloadConfig                     0x080053dd   Thumb Code    26  stm32f10x_tim.o(i.TIM_OC4PreloadConfig)
    TIM_SetCompare4                          0x080053f7   Thumb Code     6  stm32f10x_tim.o(i.TIM_SetCompare4)
    TIM_TimeBaseInit                         0x080053fd   Thumb Code   122  stm32f10x_tim.o(i.TIM_TimeBaseInit)
    USART1_IRQHandler                        0x080054a1   Thumb Code    88  usart.o(i.USART1_IRQHandler)
    USART2_IRQHandler                        0x08005505   Thumb Code     2  usart.o(i.USART2_IRQHandler)
    USART3_IRQHandler                        0x08005507   Thumb Code     2  usart.o(i.USART3_IRQHandler)
    USART_Cmd                                0x08005509   Thumb Code    24  stm32f10x_usart.o(i.USART_Cmd)
    USART_Config                             0x08005521   Thumb Code   314  usart.o(i.USART_Config)
    USART_GetITStatus                        0x08005671   Thumb Code    84  stm32f10x_usart.o(i.USART_GetITStatus)
    USART_ITConfig                           0x080056c5   Thumb Code    74  stm32f10x_usart.o(i.USART_ITConfig)
    USART_Init                               0x08005711   Thumb Code   210  stm32f10x_usart.o(i.USART_Init)
    USART_ReceiveData                        0x080057e9   Thumb Code    10  stm32f10x_usart.o(i.USART_ReceiveData)
    USART_Send                               0x080057f3   Thumb Code    16  usart.o(i.USART_Send)
    __0sprintf                               0x08005805   Thumb Code    34  printfa.o(i.__0sprintf)
    __1sprintf                               0x08005805   Thumb Code     0  printfa.o(i.__0sprintf)
    __2sprintf                               0x08005805   Thumb Code     0  printfa.o(i.__0sprintf)
    __c89sprintf                             0x08005805   Thumb Code     0  printfa.o(i.__0sprintf)
    sprintf                                  0x08005805   Thumb Code     0  printfa.o(i.__0sprintf)
    __scatterload_copy                       0x0800582d   Thumb Code    14  handlers.o(i.__scatterload_copy)
    __scatterload_null                       0x0800583b   Thumb Code     2  handlers.o(i.__scatterload_null)
    __scatterload_zeroinit                   0x0800583d   Thumb Code    14  handlers.o(i.__scatterload_zeroinit)
    delay_ms                                 0x08006109   Thumb Code    56  delay.o(i.delay_ms)
    delay_s                                  0x08006141   Thumb Code    24  delay.o(i.delay_s)
    delay_us                                 0x08006159   Thumb Code    54  delay.o(i.delay_us)
    main                                     0x08006191   Thumb Code   376  main.o(i.main)
    asciiFont8x16                            0x08006320   Data        1536  asciifont.o(.constdata)
    asciiFont16x24                           0x08006920   Data        4608  asciifont.o(.constdata)
    asciiFont16x32                           0x08007b20   Data        6144  asciifont.o(.constdata)
    zndxwlsyzx                               0x08009320   Data        1280  font.o(.constdata)
    blrdt                                    0x08009820   Data         864  font.o(.constdata)
    cshwdcgq                                 0x08009b80   Data         256  font.o(.constdata)
    wdcgqcshsb                               0x08009c80   Data         512  font.o(.constdata)
    wifilj                                   0x08009e80   Data         384  font.o(.constdata)
    qsrxh                                    0x0800a000   Data         640  font.o(.constdata)
    xuehao                                   0x0800a280   Data         216  font.o(.constdata)
    wdsz                                     0x0800a358   Data         512  font.o(.constdata)
    jlwht                                    0x0800a558   Data         640  font.o(.constdata)
    jrpwd                                    0x0800a7d8   Data         648  font.o(.constdata)
    jishi                                    0x0800aa60   Data         216  font.o(.constdata)
    dangqian                                 0x0800ab38   Data         144  font.o(.constdata)
    srpsw                                    0x0800abc8   Data         640  font.o(.constdata)
    srslcl                                   0x0800ae48   Data         768  font.o(.constdata)
    jrpsrp                                   0x0800b148   Data         352  font.o(.constdata)
    sjwd                                     0x0800b2a8   Data         128  font.o(.constdata)
    qdjrxyb                                  0x0800b328   Data         576  font.o(.constdata)
    qdqx                                     0x0800b568   Data         128  font.o(.constdata)
    sysj                                     0x0800b5e8   Data         512  font.o(.constdata)
    jrwdwht                                  0x0800b7e8   Data         416  font.o(.constdata)
    nywcsy                                   0x0800b988   Data         864  font.o(.constdata)
    zzbcsj                                   0x0800bce8   Data         792  font.o(.constdata)
    logo                                     0x0800c000   Data       22500  font.o(.constdata)
    __ctype_categories                       0x08011820   Data          64  ctype_c.o(.constdata)
    Region$$Table$$Base                      0x08011860   Number         0  anon$$obj.o(Region$$Table)
    Region$$Table$$Limit                     0x08011880   Number         0  anon$$obj.o(Region$$Table)
    screenBrightness                         0x20000014   Data           1  main.o(.data)
    readFlash                                0x20000016   Data           4  main.o(.data)
    FONT8X16                                 0x2000001a   Data           4  qpylcd.o(.data)
    FONT16X16                                0x2000001e   Data           4  qpylcd.o(.data)
    FONT16X24                                0x20000022   Data           4  qpylcd.o(.data)
    FONT24X24                                0x20000026   Data           4  qpylcd.o(.data)
    FONT16X32                                0x2000002a   Data           4  qpylcd.o(.data)
    FONT32X32                                0x2000002e   Data           4  qpylcd.o(.data)
    DS18B20A                                 0x20000034   Data          12  ds18b20.o(.data)
    DS18B20B                                 0x20000040   Data          12  ds18b20.o(.data)
    DS18B20C                                 0x2000004c   Data          12  ds18b20.o(.data)
    usart1RecFlag                            0x20000058   Data           2  usart.o(.data)
    tim2Count                                0x2000005c   Data           4  tim.o(.data)
    tim3Count                                0x20000060   Data           4  tim.o(.data)
    espBuffFlag                              0x20000066   Data           2  esp8266.o(.data)
    ec11ALast                                0x2000006e   Data           1  ec11.o(.data)
    ec11BLast                                0x2000006f   Data           1  ec11.o(.data)
    ec11Count                                0x20000070   Data           1  ec11.o(.data)
    beepOn                                   0x20000072   Data           1  beep.o(.data)
    experimentalData                         0x20000074   Data         188  main.o(.bss)
    usart1Buff                               0x20000130   Data         200  usart.o(.bss)
    espState                                 0x200001f8   Data          34  esp8266.o(.bss)
    espBuff                                  0x2000021a   Data         200  esp8266.o(.bss)
    temperatureControl                       0x200002e4   Data          20  support.o(.bss)
    __initial_sp                             0x200006f8   Data           0  startup_stm32f10x_hd.o(STACK)



==============================================================================

Memory Map of the image

  Image Entry point : 0x08000131

  Load Region LR_IROM1 (Base: 0x08000000, Size: 0x000118f4, Max: 0x00080000, ABSOLUTE)

    Execution Region ER_IROM1 (Base: 0x08000000, Size: 0x00011880, Max: 0x00080000, ABSOLUTE)

    Base Addr    Size         Type   Attr      Idx    E Section Name        Object

    0x08000000   0x00000130   Data   RO            3    RESET               startup_stm32f10x_hd.o
    0x08000130   0x00000000   Code   RO         3974  * .ARM.Collect$$$$00000000  mc_w.l(entry.o)
    0x08000130   0x00000004   Code   RO         4274    .ARM.Collect$$$$00000001  mc_w.l(entry2.o)
    0x08000134   0x00000004   Code   RO         4277    .ARM.Collect$$$$00000004  mc_w.l(entry5.o)
    0x08000138   0x00000000   Code   RO         4279    .ARM.Collect$$$$00000008  mc_w.l(entry7b.o)
    0x08000138   0x00000000   Code   RO         4281    .ARM.Collect$$$$0000000A  mc_w.l(entry8b.o)
    0x08000138   0x00000008   Code   RO         4282    .ARM.Collect$$$$0000000B  mc_w.l(entry9a.o)
    0x08000140   0x00000000   Code   RO         4284    .ARM.Collect$$$$0000000D  mc_w.l(entry10a.o)
    0x08000140   0x00000000   Code   RO         4286    .ARM.Collect$$$$0000000F  mc_w.l(entry11a.o)
    0x08000140   0x00000004   Code   RO         4275    .ARM.Collect$$$$00002712  mc_w.l(entry2.o)
    0x08000144   0x00000024   Code   RO            4    .text               startup_stm32f10x_hd.o
    0x08000168   0x00000024   Code   RO         3977    .text               mc_w.l(memcpya.o)
    0x0800018c   0x0000001c   Code   RO         3979    .text               mc_w.l(strcmp.o)
    0x080001a8   0x00000038   Code   RO         4244    .text               mc_w.l(__0sscanf.o)
    0x080001e0   0x0000014c   Code   RO         4246    .text               mc_w.l(_scanf_int.o)
    0x0800032c   0x000000e0   Code   RO         4248    .text               mc_w.l(_scanf_str.o)
    0x0800040c   0x000000b0   Code   RO         4250    .text               mf_w.l(fadd.o)
    0x080004bc   0x00000064   Code   RO         4252    .text               mf_w.l(fmul.o)
    0x08000520   0x0000007c   Code   RO         4254    .text               mf_w.l(fdiv.o)
    0x0800059c   0x000000e4   Code   RO         4256    .text               mf_w.l(dmul.o)
    0x08000680   0x00000012   Code   RO         4258    .text               mf_w.l(fflti.o)
    0x08000692   0x0000000a   Code   RO         4260    .text               mf_w.l(ffltui.o)
    0x0800069c   0x00000032   Code   RO         4262    .text               mf_w.l(ffixi.o)
    0x080006ce   0x00000026   Code   RO         4264    .text               mf_w.l(f2d.o)
    0x080006f4   0x00000030   Code   RO         4266    .text               mf_w.l(cdcmple.o)
    0x08000724   0x00000038   Code   RO         4268    .text               mf_w.l(d2f.o)
    0x0800075c   0x00000014   Code   RO         4270    .text               mf_w.l(cfcmple.o)
    0x08000770   0x00000014   Code   RO         4272    .text               mf_w.l(cfrcmple.o)
    0x08000784   0x0000002c   Code   RO         4291    .text               mc_w.l(uidiv.o)
    0x080007b0   0x00000062   Code   RO         4293    .text               mc_w.l(uldiv.o)
    0x08000812   0x0000001c   Code   RO         4295    .text               mc_w.l(_chval.o)
    0x0800082e   0x00000002   PAD
    0x08000830   0x00000028   Code   RO         4297    .text               mc_w.l(scanf_char.o)
    0x08000858   0x00000040   Code   RO         4299    .text               mc_w.l(_sgetc.o)
    0x08000898   0x00000000   Code   RO         4301    .text               mc_w.l(iusefp.o)
    0x08000898   0x0000006e   Code   RO         4302    .text               mf_w.l(fepilogue.o)
    0x08000906   0x000000ba   Code   RO         4304    .text               mf_w.l(depilogue.o)
    0x080009c0   0x0000014e   Code   RO         4306    .text               mf_w.l(dadd.o)
    0x08000b0e   0x000000de   Code   RO         4308    .text               mf_w.l(ddiv.o)
    0x08000bec   0x00000030   Code   RO         4310    .text               mf_w.l(dfixul.o)
    0x08000c1c   0x00000030   Code   RO         4312    .text               mf_w.l(cdrcmple.o)
    0x08000c4c   0x00000024   Code   RO         4314    .text               mc_w.l(init.o)
    0x08000c70   0x0000001e   Code   RO         4317    .text               mc_w.l(llshl.o)
    0x08000c8e   0x00000020   Code   RO         4319    .text               mc_w.l(llushr.o)
    0x08000cae   0x00000024   Code   RO         4321    .text               mc_w.l(llsshr.o)
    0x08000cd2   0x0000000a   Code   RO         4323    .text               mc_w.l(isspace_c.o)
    0x08000cdc   0x0000032c   Code   RO         4325    .text               mc_w.l(_scanf.o)
    0x08001008   0x00000028   Code   RO         4328    .text               mc_w.l(ctype_c.o)
    0x08001030   0x0000002a   Code   RO         3932    i.AT24CXX_Check     at24cxx.o
    0x0800105a   0x00000008   Code   RO         3933    i.AT24CXX_Init      at24cxx.o
    0x08001062   0x00000024   Code   RO         3934    i.AT24CXX_Read      at24cxx.o
    0x08001086   0x00000056   Code   RO         3935    i.AT24CXX_ReadOneByte  at24cxx.o
    0x080010dc   0x00000024   Code   RO         3936    i.AT24CXX_Write     at24cxx.o
    0x08001100   0x00000050   Code   RO         3937    i.AT24CXX_WriteOneByte  at24cxx.o
    0x08001150   0x0000006c   Code   RO         3433    i.BASICTIM2_Config  tim.o
    0x080011bc   0x00000070   Code   RO         3434    i.BASICTIM3_Config  tim.o
    0x0800122c   0x00000088   Code   RO         3435    i.BASICTIM4_Config  tim.o
    0x080012b4   0x0000002c   Code   RO         3860    i.BEEP_Init         beep.o
    0x080012e0   0x0000022c   Code   RO         3593    i.DRY_BuildBalance  support.o
    0x0800150c   0x00000194   Code   RO         3594    i.DRY_BuildBalanceScreen  support.o
    0x080016a0   0x00000034   Code   RO         3595    i.DRY_Complete      support.o
    0x080016d4   0x000000c8   Code   RO         3596    i.DRY_CompleteScreen  support.o
    0x0800179c   0x00000128   Code   RO         3597    i.DRY_DataSaveDialog  support.o
    0x080018c4   0x00000180   Code   RO         3598    i.DRY_DisplayData   support.o
    0x08001a44   0x000001c8   Code   RO         3599    i.DRY_DrawEquipment1  support.o
    0x08001c0c   0x000000a0   Code   RO         3600    i.DRY_DrawEquipment2  support.o
    0x08001cac   0x000000a4   Code   RO         3601    i.DRY_DrawEquipment3  support.o
    0x08001d50   0x00000114   Code   RO         3602    i.DRY_EnterDialog   support.o
    0x08001e64   0x000001dc   Code   RO         3603    i.DRY_EnterDialogScreen  support.o
    0x08002040   0x0000010c   Code   RO         3604    i.DRY_Heating       support.o
    0x0800214c   0x000000c4   Code   RO         3605    i.DRY_HeatingScreen  support.o
    0x08002210   0x00000148   Code   RO         3606    i.DRY_InputStudentNumber  support.o
    0x08002358   0x00000084   Code   RO         3607    i.DRY_InputStudentNumberScreen  support.o
    0x080023dc   0x0000011c   Code   RO         3608    i.DRY_Recording     support.o
    0x080024f8   0x00000220   Code   RO         3609    i.DRY_RecordingScreen  support.o
    0x08002718   0x0000002c   Code   RO         3610    i.DRY_ShowData      support.o
    0x08002744   0x000005a4   Code   RO         3611    i.DRY_ShowDataScreen  support.o
    0x08002ce8   0x00000298   Code   RO         3612    i.DRY_SystemSetting  support.o
    0x08002f80   0x00000194   Code   RO         3613    i.DRY_SystemSettingScreen  support.o
    0x08003114   0x00000138   Code   RO         3614    i.DRY_TemperatureControl  support.o
    0x0800324c   0x00000184   Code   RO         3615    i.DRY_TemperatureSetting  support.o
    0x080033d0   0x000000a4   Code   RO         3616    i.DRY_TemperatureSettingScreen  support.o
    0x08003474   0x00000148   Code   RO         3617    i.DRY_UplaodData    support.o
    0x080035bc   0x0000028c   Code   RO         3618    i.DRY_WelcomeScreen  support.o
    0x08003848   0x00000020   Code   RO         3342    i.DS18B20_ConvertTemp  ds18b20.o
    0x08003868   0x00000098   Code   RO         3343    i.DS18B20_Init      ds18b20.o
    0x08003900   0x00000060   Code   RO         3344    i.DS18B20_ReadByte  ds18b20.o
    0x08003960   0x000000b0   Code   RO         3345    i.DS18B20_ReadTemp  ds18b20.o
    0x08003a10   0x00000038   Code   RO         3346    i.DS18B20_SetIOMode  ds18b20.o
    0x08003a48   0x00000060   Code   RO         3347    i.DS18B20_WriteByte  ds18b20.o
    0x08003aa8   0x0000002c   Code   RO         3800    i.EC11_Init         ec11.o
    0x08003ad4   0x00000180   Code   RO         3801    i.EC11_Scan         ec11.o
    0x08003c54   0x00000184   Code   RO         3475    i.ESP8266_Cmd       esp8266.o
    0x08003dd8   0x00000230   Code   RO         3476    i.ESP8266_Handler   esp8266.o
    0x08004008   0x00000010   Code   RO         3477    i.ESP8266_Init      esp8266.o
    0x08004018   0x00000014   Code   RO         3478    i.ESP8266_SendByte  esp8266.o
    0x0800402c   0x00000016   Code   RO         3479    i.ESP8266_SendString  esp8266.o
    0x08004042   0x00000002   PAD
    0x08004044   0x00000050   Code   RO          947    i.FLASH_ErasePage   stm32f10x_flash.o
    0x08004094   0x00000034   Code   RO          948    i.FLASH_GetBank1Status  stm32f10x_flash.o
    0x080040c8   0x00000014   Code   RO          957    i.FLASH_Lock        stm32f10x_flash.o
    0x080040dc   0x00000044   Code   RO          960    i.FLASH_ProgramHalfWord  stm32f10x_flash.o
    0x08004120   0x00000018   Code   RO          965    i.FLASH_Unlock      stm32f10x_flash.o
    0x08004138   0x00000026   Code   RO          969    i.FLASH_WaitForLastOperation  stm32f10x_flash.o
    0x0800415e   0x00000116   Code   RO         1245    i.GPIO_Init         stm32f10x_gpio.o
    0x08004274   0x00000090   Code   RO         1247    i.GPIO_PinRemapConfig  stm32f10x_gpio.o
    0x08004304   0x00000012   Code   RO         1249    i.GPIO_ReadInputDataBit  stm32f10x_gpio.o
    0x08004316   0x00000008   Code   RO         1250    i.GPIO_ReadOutputData  stm32f10x_gpio.o
    0x0800431e   0x00000004   Code   RO         1252    i.GPIO_ResetBits    stm32f10x_gpio.o
    0x08004322   0x00000004   Code   RO         1253    i.GPIO_SetBits      stm32f10x_gpio.o
    0x08004326   0x00000004   Code   RO         1255    i.GPIO_Write        stm32f10x_gpio.o
    0x0800432a   0x0000000a   Code   RO         1256    i.GPIO_WriteBit     stm32f10x_gpio.o
    0x08004334   0x0000004c   Code   RO         3878    i.IIC_Ack           iic.o
    0x08004380   0x0000003c   Code   RO         3879    i.IIC_Init          iic.o
    0x080043bc   0x0000004c   Code   RO         3880    i.IIC_Nack          iic.o
    0x08004408   0x0000006c   Code   RO         3881    i.IIC_ReadByte      iic.o
    0x08004474   0x00000074   Code   RO         3882    i.IIC_SendByte      iic.o
    0x080044e8   0x0000004c   Code   RO         3883    i.IIC_Start         iic.o
    0x08004534   0x0000004c   Code   RO         3884    i.IIC_Stop          iic.o
    0x08004580   0x00000064   Code   RO         3885    i.IIC_WaitAck       iic.o
    0x080045e4   0x0000011c   Code   RO         3763    i.KEYANDEC11_Scan   key.o
    0x08004700   0x00000048   Code   RO         3764    i.KEY_Init          key.o
    0x08004748   0x00000040   Code   RO         3765    i.KEY_Read          key.o
    0x08004788   0x0000003c   Code   RO         3767    i.KEY_Write         key.o
    0x080047c4   0x00000024   Code   RO         3839    i.MemReadByte       eeprom.o
    0x080047e8   0x00000058   Code   RO         3840    i.MemWriteByte      eeprom.o
    0x08004840   0x00000070   Code   RO           86    i.NVIC_Init         misc.o
    0x080048b0   0x00000010   Code   RO         3821    i.PWM_Init          pwm.o
    0x080048c0   0x00000018   Code   RO         3822    i.PWM_SetDutyCycle  pwm.o
    0x080048d8   0x0000001a   Code   RO         3163    i.QPYLCD_Clear      qpylcd.o
    0x080048f2   0x00000028   Code   RO         3164    i.QPYLCD_Control    qpylcd.o
    0x0800491a   0x0000004c   Code   RO         3165    i.QPYLCD_DisplayCharacter  qpylcd.o
    0x08004966   0x0000004c   Code   RO         3166    i.QPYLCD_DisplayCharacters  qpylcd.o
    0x080049b2   0x00000002   PAD
    0x080049b4   0x000000c0   Code   RO         3168    i.QPYLCD_DisplayInt  qpylcd.o
    0x08004a74   0x000000b4   Code   RO         3169    i.QPYLCD_DisplayString  qpylcd.o
    0x08004b28   0x00000052   Code   RO         3170    i.QPYLCD_DrawColorImage  qpylcd.o
    0x08004b7a   0x000000f8   Code   RO         3171    i.QPYLCD_DrawLine   qpylcd.o
    0x08004c72   0x00000062   Code   RO         3172    i.QPYLCD_DrawMonochromeImage  qpylcd.o
    0x08004cd4   0x00000020   Code   RO         3173    i.QPYLCD_DrawPoint  qpylcd.o
    0x08004cf4   0x00000080   Code   RO         3174    i.QPYLCD_DrawRectangle  qpylcd.o
    0x08004d74   0x000000a0   Code   RO         3175    i.QPYLCD_Init       qpylcd.o
    0x08004e14   0x0000000e   Code   RO         3176    i.QPYLCD_NewColor   qpylcd.o
    0x08004e22   0x00000002   PAD
    0x08004e24   0x00000020   Code   RO         3177    i.QPYLCD_On         qpylcd.o
    0x08004e44   0x00000048   Code   RO         3178    i.QPYLCD_ProcessData  qpylcd.o
    0x08004e8c   0x0000000e   Code   RO         3179    i.QPYLCD_SetBackColor  qpylcd.o
    0x08004e9a   0x0000000e   Code   RO         3180    i.QPYLCD_SetFrontColor  qpylcd.o
    0x08004ea8   0x00000018   Code   RO         3181    i.QPYLCD_SetXYLabel  qpylcd.o
    0x08004ec0   0x0000008c   Code   RO         3182    i.QPYLCD_WriteCmd   qpylcd.o
    0x08004f4c   0x00000050   Code   RO         3183    i.QPYLCD_WriteData  qpylcd.o
    0x08004f9c   0x00000020   Code   RO         1661    i.RCC_APB1PeriphClockCmd  stm32f10x_rcc.o
    0x08004fbc   0x00000020   Code   RO         1663    i.RCC_APB2PeriphClockCmd  stm32f10x_rcc.o
    0x08004fdc   0x000000d4   Code   RO         1671    i.RCC_GetClocksFreq  stm32f10x_rcc.o
    0x080050b0   0x00000008   Code   RO           24    i.SetSysClock       system_stm32f10x.o
    0x080050b8   0x000000e0   Code   RO           25    i.SetSysClockTo72   system_stm32f10x.o
    0x08005198   0x00000054   Code   RO           27    i.SystemInit        system_stm32f10x.o
    0x080051ec   0x000000f4   Code   RO         3436    i.TIM2_IRQHandler   tim.o
    0x080052e0   0x0000002c   Code   RO         3437    i.TIM3_IRQHandler   tim.o
    0x0800530c   0x00000006   Code   RO         2299    i.TIM_ClearITPendingBit  stm32f10x_tim.o
    0x08005312   0x00000018   Code   RO         2304    i.TIM_Cmd           stm32f10x_tim.o
    0x0800532a   0x00000022   Code   RO         2325    i.TIM_GetITStatus   stm32f10x_tim.o
    0x0800534c   0x00000012   Code   RO         2329    i.TIM_ITConfig      stm32f10x_tim.o
    0x0800535e   0x00000002   PAD
    0x08005360   0x0000007c   Code   RO         2348    i.TIM_OC4Init       stm32f10x_tim.o
    0x080053dc   0x0000001a   Code   RO         2350    i.TIM_OC4PreloadConfig  stm32f10x_tim.o
    0x080053f6   0x00000006   Code   RO         2368    i.TIM_SetCompare4   stm32f10x_tim.o
    0x080053fc   0x000000a4   Code   RO         2375    i.TIM_TimeBaseInit  stm32f10x_tim.o
    0x080054a0   0x00000064   Code   RO         3390    i.USART1_IRQHandler  usart.o
    0x08005504   0x00000002   Code   RO         3391    i.USART2_IRQHandler  usart.o
    0x08005506   0x00000002   Code   RO         3392    i.USART3_IRQHandler  usart.o
    0x08005508   0x00000018   Code   RO         2843    i.USART_Cmd         stm32f10x_usart.o
    0x08005520   0x00000150   Code   RO         3393    i.USART_Config      usart.o
    0x08005670   0x00000054   Code   RO         2847    i.USART_GetITStatus  stm32f10x_usart.o
    0x080056c4   0x0000004a   Code   RO         2849    i.USART_ITConfig    stm32f10x_usart.o
    0x0800570e   0x00000002   PAD
    0x08005710   0x000000d8   Code   RO         2850    i.USART_Init        stm32f10x_usart.o
    0x080057e8   0x0000000a   Code   RO         2857    i.USART_ReceiveData  stm32f10x_usart.o
    0x080057f2   0x00000010   Code   RO         3394    i.USART_Send        usart.o
    0x08005802   0x00000002   PAD
    0x08005804   0x00000028   Code   RO         4218    i.__0sprintf        mc_w.l(printfa.o)
    0x0800582c   0x0000000e   Code   RO         4333    i.__scatterload_copy  mc_w.l(handlers.o)
    0x0800583a   0x00000002   Code   RO         4334    i.__scatterload_null  mc_w.l(handlers.o)
    0x0800583c   0x0000000e   Code   RO         4335    i.__scatterload_zeroinit  mc_w.l(handlers.o)
    0x0800584a   0x00000002   PAD
    0x0800584c   0x00000184   Code   RO         4223    i._fp_digits        mc_w.l(printfa.o)
    0x080059d0   0x000006dc   Code   RO         4224    i._printf_core      mc_w.l(printfa.o)
    0x080060ac   0x00000024   Code   RO         4225    i._printf_post_padding  mc_w.l(printfa.o)
    0x080060d0   0x0000002e   Code   RO         4226    i._printf_pre_padding  mc_w.l(printfa.o)
    0x080060fe   0x0000000a   Code   RO         4228    i._sputc            mc_w.l(printfa.o)
    0x08006108   0x00000038   Code   RO         3305    i.delay_ms          delay.o
    0x08006140   0x00000018   Code   RO         3306    i.delay_s           delay.o
    0x08006158   0x00000036   Code   RO         3307    i.delay_us          delay.o
    0x0800618e   0x00000002   PAD
    0x08006190   0x00000190   Code   RO         3079    i.main              main.o
    0x08006320   0x00003000   Data   RO         3329    .constdata          asciifont.o
    0x08009320   0x000084c4   Data   RO         3528    .constdata          font.o
    0x080117e4   0x0000003c   Data   RO         3620    .constdata          support.o
    0x08011820   0x00000040   Data   RO         4329    .constdata          mc_w.l(ctype_c.o)
    0x08011860   0x00000020   Data   RO         4331    Region$$Table       anon$$obj.o


    Execution Region RW_IRAM1 (Base: 0x20000000, Size: 0x000006f8, Max: 0x00010000, ABSOLUTE)

    Base Addr    Size         Type   Attr      Idx    E Section Name        Object

    0x20000000   0x00000014   Data   RW         1691    .data               stm32f10x_rcc.o
    0x20000014   0x00000006   Data   RW         3081    .data               main.o
    0x2000001a   0x00000018   Data   RW         3184    .data               qpylcd.o
    0x20000032   0x00000002   PAD
    0x20000034   0x00000024   Data   RW         3348    .data               ds18b20.o
    0x20000058   0x00000002   Data   RW         3396    .data               usart.o
    0x2000005a   0x00000002   PAD
    0x2000005c   0x00000009   Data   RW         3438    .data               tim.o
    0x20000065   0x00000001   PAD
    0x20000066   0x00000002   Data   RW         3481    .data               esp8266.o
    0x20000068   0x00000004   Data   RW         3621    .data               support.o
    0x2000006c   0x00000002   Data   RW         3768    .data               key.o
    0x2000006e   0x00000004   Data   RW         3802    .data               ec11.o
    0x20000072   0x00000001   Data   RW         3861    .data               beep.o
    0x20000073   0x00000001   PAD
    0x20000074   0x000000bc   Zero   RW         3080    .bss                main.o
    0x20000130   0x000000c8   Zero   RW         3395    .bss                usart.o
    0x200001f8   0x000000ea   Zero   RW         3480    .bss                esp8266.o
    0x200002e2   0x00000002   PAD
    0x200002e4   0x00000014   Zero   RW         3619    .bss                support.o
    0x200002f8   0x00000400   Zero   RW            1    STACK               startup_stm32f10x_hd.o


==============================================================================

Image component sizes


      Code (inc. data)   RO Data    RW Data    ZI Data      Debug   Object Name

         0          0      12288          0          0        526   asciifont.o
       288          0          0          0          0       3315   at24cxx.o
        44          6          0          1          0        593   beep.o
         0          0          0          0          0       4540   core_cm3.o
       134          0          0          0          0       1336   delay.o
       608          6          0         36          0       4716   ds18b20.o
       428         24          0          4          0       1396   ec11.o
       124         10          0          0          0       1297   eeprom.o
      1006        290          0          2        234       4610   esp8266.o
         0          0      33988          0          0       1289   font.o
       688         46          0          0          0       3663   iic.o
       480         26          0          2          0       3219   key.o
       400         32          0          6        188      17376   main.o
       112         12          0          0          0     205228   misc.o
        40          6          0          0          0        822   pwm.o
      1728         56          0         24          0      15605   qpylcd.o
        36          8        304          0       1024        788   startup_stm32f10x_hd.o
       282         30          0          0          0       3022   stm32f10x_flash.o
       470          6          0          0          0       5501   stm32f10x_gpio.o
       276         32          0         20          0       4086   stm32f10x_rcc.o
       402         52          0          0          0      23589   stm32f10x_tim.o
       408          6          0          0          0      10546   stm32f10x_usart.o
      9576        658         60          4         20      16473   support.o
       316         24          0          0          0      24673   system_stm32f10x.o
       644         56          0          9          0       3295   tim.o
       456         34          0          2        200       3023   usart.o

    ----------------------------------------------------------------------
     18960       1420      46672        116       1668     364527   Object Totals
         0          0         32          0          0          0   (incl. Generated)
        14          0          0          6          2          0   (incl. Padding)

    ----------------------------------------------------------------------

      Code (inc. data)   RO Data    RW Data    ZI Data      Debug   Library Member Name

        56          8          0          0          0         84   __0sscanf.o
        28          0          0          0          0         68   _chval.o
       812          4          0          0          0        112   _scanf.o
       332          0          0          0          0         96   _scanf_int.o
       224          0          0          0          0         96   _scanf_str.o
        64          0          0          0          0         84   _sgetc.o
        40          6         64          0          0         68   ctype_c.o
         0          0          0          0          0          0   entry.o
         0          0          0          0          0          0   entry10a.o
         0          0          0          0          0          0   entry11a.o
         8          4          0          0          0          0   entry2.o
         4          0          0          0          0          0   entry5.o
         0          0          0          0          0          0   entry7b.o
         0          0          0          0          0          0   entry8b.o
         8          4          0          0          0          0   entry9a.o
        30          0          0          0          0          0   handlers.o
        36          8          0          0          0         68   init.o
        10          0          0          0          0         68   isspace_c.o
         0          0          0          0          0          0   iusefp.o
        30          0          0          0          0         68   llshl.o
        36          0          0          0          0         68   llsshr.o
        32          0          0          0          0         68   llushr.o
        36          0          0          0          0         68   memcpya.o
      2276         86          0          0          0        520   printfa.o
        40          8          0          0          0         84   scanf_char.o
        28          0          0          0          0         76   strcmp.o
        44          0          0          0          0         80   uidiv.o
        98          0          0          0          0         92   uldiv.o
        48          0          0          0          0         68   cdcmple.o
        48          0          0          0          0         68   cdrcmple.o
        20          0          0          0          0         68   cfcmple.o
        20          0          0          0          0         68   cfrcmple.o
        56          0          0          0          0         88   d2f.o
       334          0          0          0          0        148   dadd.o
       222          0          0          0          0        100   ddiv.o
       186          0          0          0          0        176   depilogue.o
        48          0          0          0          0         68   dfixul.o
       228          0          0          0          0         96   dmul.o
        38          0          0          0          0         68   f2d.o
       176          0          0          0          0        140   fadd.o
       124          0          0          0          0         88   fdiv.o
       110          0          0          0          0        168   fepilogue.o
        50          0          0          0          0         68   ffixi.o
        18          0          0          0          0         68   fflti.o
        10          0          0          0          0         68   ffltui.o
       100          0          0          0          0         76   fmul.o

    ----------------------------------------------------------------------
      6112        128         64          0          0       3560   Library Totals
         4          0          0          0          0          0   (incl. Padding)

    ----------------------------------------------------------------------

      Code (inc. data)   RO Data    RW Data    ZI Data      Debug   Library Name

      4272        128         64          0          0       1868   mc_w.l
      1836          0          0          0          0       1692   mf_w.l

    ----------------------------------------------------------------------
      6112        128         64          0          0       3560   Library Totals

    ----------------------------------------------------------------------

==============================================================================


      Code (inc. data)   RO Data    RW Data    ZI Data      Debug   

     25072       1548      46736        116       1668     359659   Grand Totals
     25072       1548      46736        116       1668     359659   ELF Image Totals
     25072       1548      46736        116          0          0   ROM Totals

==============================================================================

    Total RO  Size (Code + RO Data)                71808 (  70.13kB)
    Total RW  Size (RW Data + ZI Data)              1784 (   1.74kB)
    Total ROM Size (Code + RO Data + RW Data)      71924 (  70.24kB)

==============================================================================

