Component: ARM Compiler 5.06 update 4 (build 422) Tool: armlink [4d35d2]

==============================================================================

Section Cross References

    startup_stm32f10x_hd.o(RESET) refers to startup_stm32f10x_hd.o(STACK) for __initial_sp
    startup_stm32f10x_hd.o(RESET) refers to startup_stm32f10x_hd.o(.text) for Reset_Handler
    startup_stm32f10x_hd.o(RESET) refers to tim.o(i.TIM2_IRQHandler) for TIM2_IRQHandler
    startup_stm32f10x_hd.o(RESET) refers to tim.o(i.TIM3_IRQHandler) for TIM3_IRQHandler
    startup_stm32f10x_hd.o(RESET) refers to usart.o(i.USART1_IRQHandler) for USART1_IRQHandler
    startup_stm32f10x_hd.o(RESET) refers to usart.o(i.USART2_IRQHandler) for USART2_IRQHandler
    startup_stm32f10x_hd.o(RESET) refers to usart.o(i.USART3_IRQHandler) for USART3_IRQHandler
    startup_stm32f10x_hd.o(.text) refers to system_stm32f10x.o(i.SystemInit) for SystemInit
    startup_stm32f10x_hd.o(.text) refers to entry.o(.ARM.Collect$$$$00000000) for __main
    system_stm32f10x.o(i.SetSysClock) refers to system_stm32f10x.o(i.SetSysClockTo72) for SetSysClockTo72
    system_stm32f10x.o(i.SystemCoreClockUpdate) refers to system_stm32f10x.o(.data) for SystemCoreClock
    system_stm32f10x.o(i.SystemInit) refers to system_stm32f10x.o(i.SetSysClock) for SetSysClock
    stm32f10x_adc.o(i.ADC_DeInit) refers to stm32f10x_rcc.o(i.RCC_APB2PeriphResetCmd) for RCC_APB2PeriphResetCmd
    stm32f10x_bkp.o(i.BKP_DeInit) refers to stm32f10x_rcc.o(i.RCC_BackupResetCmd) for RCC_BackupResetCmd
    stm32f10x_can.o(i.CAN_DeInit) refers to stm32f10x_rcc.o(i.RCC_APB1PeriphResetCmd) for RCC_APB1PeriphResetCmd
    stm32f10x_can.o(i.CAN_GetITStatus) refers to stm32f10x_can.o(i.CheckITStatus) for CheckITStatus
    stm32f10x_can.o(i.CAN_Receive) refers to stm32f10x_can.o(i.CAN_FIFORelease) for CAN_FIFORelease
    stm32f10x_cec.o(i.CEC_DeInit) refers to stm32f10x_rcc.o(i.RCC_APB1PeriphResetCmd) for RCC_APB1PeriphResetCmd
    stm32f10x_dac.o(i.DAC_DeInit) refers to stm32f10x_rcc.o(i.RCC_APB1PeriphResetCmd) for RCC_APB1PeriphResetCmd
    stm32f10x_flash.o(i.FLASH_EnableWriteProtection) refers to stm32f10x_flash.o(i.FLASH_WaitForLastOperation) for FLASH_WaitForLastOperation
    stm32f10x_flash.o(i.FLASH_EraseAllBank1Pages) refers to stm32f10x_flash.o(i.FLASH_WaitForLastBank1Operation) for FLASH_WaitForLastBank1Operation
    stm32f10x_flash.o(i.FLASH_EraseAllPages) refers to stm32f10x_flash.o(i.FLASH_WaitForLastOperation) for FLASH_WaitForLastOperation
    stm32f10x_flash.o(i.FLASH_EraseOptionBytes) refers to stm32f10x_flash.o(i.FLASH_GetReadOutProtectionStatus) for FLASH_GetReadOutProtectionStatus
    stm32f10x_flash.o(i.FLASH_EraseOptionBytes) refers to stm32f10x_flash.o(i.FLASH_WaitForLastOperation) for FLASH_WaitForLastOperation
    stm32f10x_flash.o(i.FLASH_ErasePage) refers to stm32f10x_flash.o(i.FLASH_WaitForLastOperation) for FLASH_WaitForLastOperation
    stm32f10x_flash.o(i.FLASH_ProgramHalfWord) refers to stm32f10x_flash.o(i.FLASH_WaitForLastOperation) for FLASH_WaitForLastOperation
    stm32f10x_flash.o(i.FLASH_ProgramOptionByteData) refers to stm32f10x_flash.o(i.FLASH_WaitForLastOperation) for FLASH_WaitForLastOperation
    stm32f10x_flash.o(i.FLASH_ProgramWord) refers to stm32f10x_flash.o(i.FLASH_WaitForLastOperation) for FLASH_WaitForLastOperation
    stm32f10x_flash.o(i.FLASH_ReadOutProtection) refers to stm32f10x_flash.o(i.FLASH_WaitForLastOperation) for FLASH_WaitForLastOperation
    stm32f10x_flash.o(i.FLASH_UserOptionByteConfig) refers to stm32f10x_flash.o(i.FLASH_WaitForLastOperation) for FLASH_WaitForLastOperation
    stm32f10x_flash.o(i.FLASH_WaitForLastBank1Operation) refers to stm32f10x_flash.o(i.FLASH_GetBank1Status) for FLASH_GetBank1Status
    stm32f10x_flash.o(i.FLASH_WaitForLastOperation) refers to stm32f10x_flash.o(i.FLASH_GetBank1Status) for FLASH_GetBank1Status
    stm32f10x_gpio.o(i.GPIO_AFIODeInit) refers to stm32f10x_rcc.o(i.RCC_APB2PeriphResetCmd) for RCC_APB2PeriphResetCmd
    stm32f10x_gpio.o(i.GPIO_DeInit) refers to stm32f10x_rcc.o(i.RCC_APB2PeriphResetCmd) for RCC_APB2PeriphResetCmd
    stm32f10x_i2c.o(i.I2C_DeInit) refers to stm32f10x_rcc.o(i.RCC_APB1PeriphResetCmd) for RCC_APB1PeriphResetCmd
    stm32f10x_i2c.o(i.I2C_Init) refers to stm32f10x_rcc.o(i.RCC_GetClocksFreq) for RCC_GetClocksFreq
    stm32f10x_pwr.o(i.PWR_DeInit) refers to stm32f10x_rcc.o(i.RCC_APB1PeriphResetCmd) for RCC_APB1PeriphResetCmd
    stm32f10x_rcc.o(i.RCC_GetClocksFreq) refers to stm32f10x_rcc.o(.data) for APBAHBPrescTable
    stm32f10x_rcc.o(i.RCC_WaitForHSEStartUp) refers to stm32f10x_rcc.o(i.RCC_GetFlagStatus) for RCC_GetFlagStatus
    stm32f10x_rtc.o(i.RTC_SetAlarm) refers to stm32f10x_rtc.o(i.RTC_EnterConfigMode) for RTC_EnterConfigMode
    stm32f10x_rtc.o(i.RTC_SetAlarm) refers to stm32f10x_rtc.o(i.RTC_ExitConfigMode) for RTC_ExitConfigMode
    stm32f10x_rtc.o(i.RTC_SetCounter) refers to stm32f10x_rtc.o(i.RTC_EnterConfigMode) for RTC_EnterConfigMode
[...]
    Removing stm32f10x_usart.o(i.USART_OneBitMethodCmd), (24 bytes).
    Removing stm32f10x_usart.o(i.USART_OverSampling8Cmd), (22 bytes).
    Removing stm32f10x_usart.o(i.USART_ReceiverWakeUpCmd), (24 bytes).
    Removing stm32f10x_usart.o(i.USART_SendBreak), (10 bytes).
    Removing stm32f10x_usart.o(i.USART_SendData), (8 bytes).
    Removing stm32f10x_usart.o(i.USART_SetAddress), (18 bytes).
    Removing stm32f10x_usart.o(i.USART_SetGuardTime), (16 bytes).
    Removing stm32f10x_usart.o(i.USART_SetPrescaler), (16 bytes).
    Removing stm32f10x_usart.o(i.USART_SmartCardCmd), (24 bytes).
    Removing stm32f10x_usart.o(i.USART_SmartCardNACKCmd), (24 bytes).
    Removing stm32f10x_usart.o(i.USART_StructInit), (24 bytes).
    Removing stm32f10x_usart.o(i.USART_WakeUpConfig), (18 bytes).
    Removing stm32f10x_wwdg.o(i.WWDG_ClearFlag), (12 bytes).
    Removing stm32f10x_wwdg.o(i.WWDG_DeInit), (22 bytes).
    Removing stm32f10x_wwdg.o(i.WWDG_Enable), (16 bytes).
    Removing stm32f10x_wwdg.o(i.WWDG_EnableIT), (12 bytes).
    Removing stm32f10x_wwdg.o(i.WWDG_GetFlagStatus), (12 bytes).
    Removing stm32f10x_wwdg.o(i.WWDG_SetCounter), (16 bytes).
    Removing stm32f10x_wwdg.o(i.WWDG_SetPrescaler), (24 bytes).
    Removing stm32f10x_wwdg.o(i.WWDG_SetWindowValue), (40 bytes).
    Removing qpylcd.o(i.QPYLCD_DisplayFloat), (64 bytes).
    Removing key.o(i.KEY_Scan), (120 bytes).

440 unused section(s) (total 17224 bytes) removed from the image.

==============================================================================

Image Symbol Table

    Local Symbols

    Symbol Name                              Value     Ov Type        Size  Object(Section)

    ../clib/microlib/ctype/ctype.c           0x00000000   Number         0  ctype_c.o ABSOLUTE
    ../clib/microlib/ctype/ctype.c           0x00000000   Number         0  isspace_c.o ABSOLUTE
    ../clib/microlib/division.c              0x00000000   Number         0  uldiv.o ABSOLUTE
    ../clib/microlib/division.c              0x00000000   Number         0  uidiv.o ABSOLUTE
    ../clib/microlib/init/entry.s            0x00000000   Number         0  entry11b.o ABSOLUTE
    ../clib/microlib/init/entry.s            0x00000000   Number         0  entry7a.o ABSOLUTE
    ../clib/microlib/init/entry.s            0x00000000   Number         0  entry10b.o ABSOLUTE
    ../clib/microlib/init/entry.s            0x00000000   Number         0  entry8b.o ABSOLUTE
    ../clib/microlib/init/entry.s            0x00000000   Number         0  entry7b.o ABSOLUTE
    ../clib/microlib/init/entry.s            0x00000000   Number         0  entry8a.o ABSOLUTE
    ../clib/microlib/init/entry.s            0x00000000   Number         0  entry9b.o ABSOLUTE
    ../clib/microlib/init/entry.s            0x00000000   Number         0  entry9a.o ABSOLUTE
    ../clib/microlib/init/entry.s            0x00000000   Number         0  entry11a.o ABSOLUTE
    ../clib/microlib/init/entry.s            0x00000000   Number         0  entry10a.o ABSOLUTE
    ../clib/microlib/init/entry.s            0x00000000   Number         0  entry5.o ABSOLUTE
    ../clib/microlib/init/entry.s            0x00000000   Number         0  entry2.o ABSOLUTE
    ../clib/microlib/init/entry.s            0x00000000   Number         0  entry.o ABSOLUTE
    ../clib/microlib/longlong.c              0x00000000   Number         0  llsshr.o ABSOLUTE
    ../clib/microlib/longlong.c              0x00000000   Number         0  llushr.o ABSOLUTE
    ../clib/microlib/longlong.c              0x00000000   Number         0  llshl.o ABSOLUTE
    ../clib/microlib/printf/printf.c         0x00000000   Number         0  printf7.o ABSOLUTE
    ../clib/microlib/printf/printf.c         0x00000000   Number         0  printf8.o ABSOLUTE
    ../clib/microlib/printf/printf.c         0x00000000   Number         0  printfa.o ABSOLUTE
    ../clib/microlib/printf/printf.c         0x00000000   Number         0  printfb.o ABSOLUTE
    ../clib/microlib/printf/printf.c         0x00000000   Number         0  printf2.o ABSOLUTE
    ../clib/microlib/printf/printf.c         0x00000000   Number         0  printf3.o ABSOLUTE
    ../clib/microlib/printf/printf.c         0x00000000   Number         0  printf1.o ABSOLUTE
    ../clib/microlib/printf/printf.c         0x00000000   Number         0  printf0.o ABSOLUTE
    ../clib/microlib/printf/printf.c         0x00000000   Number         0  printf4.o ABSOLUTE
    ../clib/microlib/printf/printf.c         0x00000000   Number         0  printf5.o ABSOLUTE
    ../clib/microlib/printf/printf.c         0x00000000   Number         0  printf6.o ABSOLUTE
    ../clib/microlib/printf/stubs.s          0x00000000   Number         0  stubs.o ABSOLUTE
    ../clib/microlib/stdio/fputc.c           0x00000000   Number         0  fputc.o ABSOLUTE
    ../clib/microlib/stdio/semi.s            0x00000000   Number         0  semi.o ABSOLUTE
    ../clib/microlib/stdio/streams.c         0x00000000   Number         0  stdout.o ABSOLUTE
    ../clib/microlib/string/memcpy.c         0x00000000   Number         0  memcpyb.o ABSOLUTE
    ../clib/microlib/string/memcpy.c         0x00000000   Number         0  memcpya.o ABSOLUTE
    ../clib/microlib/string/strcmp.c         0x00000000   Number         0  strcmp.o ABSOLUTE
    ../clib/microlib/stubs.s                 0x00000000   Number         0  iusesemip.o ABSOLUTE
    ../clib/microlib/stubs.s                 0x00000000   Number         0  iusefp.o ABSOLUTE
    ../clib/scanf.c                          0x00000000   Number         0  _chval.o ABSOLUTE
    ../clib/scanf.c                          0x00000000   Number         0  scanf_char.o ABSOLUTE
    ../clib/scanf.c                          0x00000000   Number         0  _scanf.o ABSOLUTE
    ../clib/scanf.c                          0x00000000   Number         0  _scanf_int.o ABSOLUTE
    ../clib/scanf.c                          0x00000000   Number         0  _scanf_str.o ABSOLUTE
    ../clib/scanf.c                          0x00000000   Number         0  __0sscanf.o ABSOLUTE
    ../clib/scanf.c                          0x00000000   Number         0  _sgetc.o ABSOLUTE
    ../fplib/microlib/d2f.c                  0x00000000   Number         0  d2f.o ABSOLUTE
    ../fplib/microlib/f2d.c                  0x00000000   Number         0  f2d.o ABSOLUTE
    ../fplib/microlib/fpadd.c                0x00000000   Number         0  fadd.o ABSOLUTE
    ../fplib/microlib/fpadd.c                0x00000000   Number         0  dadd.o ABSOLUTE
    ../fplib/microlib/fpdiv.c                0x00000000   Number         0  fdiv.o ABSOLUTE
    ../fplib/microlib/fpdiv.c                0x00000000   Number         0  ddiv.o ABSOLUTE
    ../fplib/microlib/fpepilogue.c           0x00000000   Number         0  fepilogue.o ABSOLUTE
    ../fplib/microlib/fpepilogue.c           0x00000000   Number         0  depilogue.o ABSOLUTE
    ../fplib/microlib/fpfix.c                0x00000000   Number         0  ffixi.o ABSOLUTE
    ../fplib/microlib/fpfix.c                0x00000000   Number         0  ffixui.o ABSOLUTE
    ../fplib/microlib/fpfix.c                0x00000000   Number         0  dfixul.o ABSOLUTE
    ../fplib/microlib/fpflt.c                0x00000000   Number         0  ffltui.o ABSOLUTE
    ../fplib/microlib/fpflt.c                0x00000000   Number         0  fflti.o ABSOLUTE
    ../fplib/microlib/fpmul.c                0x00000000   Number         0  fmul.o ABSOLUTE
    ../fplib/microlib/fpmul.c                0x00000000   Number         0  dmul.o ABSOLUTE
    CMSIS\\core_cm3.c                        0x00000000   Number         0  core_cm3.o ABSOLUTE
    CMSIS\core_cm3.c                         0x00000000   Number         0  core_cm3.o ABSOLUTE
    CMSIS\system_stm32f10x.c                 0x00000000   Number         0  system_stm32f10x.o ABSOLUTE
    FWLB\src\misc.c                          0x00000000   Number         0  misc.o ABSOLUTE
    FWLB\src\stm32f10x_adc.c                 0x00000000   Number         0  stm32f10x_adc.o ABSOLUTE
    FWLB\src\stm32f10x_bkp.c                 0x00000000   Number         0  stm32f10x_bkp.o ABSOLUTE
    FWLB\src\stm32f10x_can.c                 0x00000000   Number         0  stm32f10x_can.o ABSOLUTE
    FWLB\src\stm32f10x_cec.c                 0x00000000   Number         0  stm32f10x_cec.o ABSOLUTE
    FWLB\src\stm32f10x_crc.c                 0x00000000   Number         0  stm32f10x_crc.o ABSOLUTE
    FWLB\src\stm32f10x_dac.c                 0x00000000   Number         0  stm32f10x_dac.o ABSOLUTE
    FWLB\src\stm32f10x_dbgmcu.c              0x00000000   Number         0  stm32f10x_dbgmcu.o ABSOLUTE
    FWLB\src\stm32f10x_dma.c                 0x00000000   Number         0  stm32f10x_dma.o ABSOLUTE
    FWLB\src\stm32f10x_exti.c                0x00000000   Number         0  stm32f10x_exti.o ABSOLUTE
    FWLB\src\stm32f10x_flash.c               0x00000000   Number         0  stm32f10x_flash.o ABSOLUTE
    FWLB\src\stm32f10x_fsmc.c                0x00000000   Number         0  stm32f10x_fsmc.o ABSOLUTE
    FWLB\src\stm32f10x_gpio.c                0x00000000   Number         0  stm32f10x_gpio.o ABSOLUTE
    FWLB\src\stm32f10x_i2c.c                 0x00000000   Number         0  stm32f10x_i2c.o ABSOLUTE
    FWLB\src\stm32f10x_iwdg.c                0x00000000   Number         0  stm32f10x_iwdg.o ABSOLUTE
    FWLB\src\stm32f10x_pwr.c                 0x00000000   Number         0  stm32f10x_pwr.o ABSOLUTE
    FWLB\src\stm32f10x_rcc.c                 0x00000000   Number         0  stm32f10x_rcc.o ABSOLUTE
    FWLB\src\stm32f10x_rtc.c                 0x00000000   Number         0  stm32f10x_rtc.o ABSOLUTE
    FWLB\src\stm32f10x_sdio.c                0x00000000   Number         0  stm32f10x_sdio.o ABSOLUTE
    FWLB\src\stm32f10x_spi.c                 0x00000000   Number         0  stm32f10x_spi.o ABSOLUTE
    FWLB\src\stm32f10x_tim.c                 0x00000000   Number         0  stm32f10x_tim.o ABSOLUTE
    FWLB\src\stm32f10x_usart.c               0x00000000   Number         0  stm32f10x_usart.o ABSOLUTE
    FWLB\src\stm32f10x_wwdg.c                0x00000000   Number         0  stm32f10x_wwdg.o ABSOLUTE
    STARTUP\startup_stm32f10x_hd.s           0x00000000   Number         0  startup_stm32f10x_hd.o ABSOLUTE
    USER\beep.c                              0x00000000   Number         0  beep.o ABSOLUTE
    USER\delay.c                             0x00000000   Number         0  delay.o ABSOLUTE
    USER\ds18b20.c                           0x00000000   Number         0  ds18b20.o ABSOLUTE
    USER\ec11.c                              0x00000000   Number         0  ec11.o ABSOLUTE
    USER\eeprom.c                            0x00000000   Number         0  eeprom.o ABSOLUTE
    USER\esp8266.c                           0x00000000   Number         0  esp8266.o ABSOLUTE
    USER\key.c                               0x00000000   Number         0  key.o ABSOLUTE
    USER\main.c                              0x00000000   Number         0  main.o ABSOLUTE
    USER\pwm.c                               0x00000000   Number         0  pwm.o ABSOLUTE
    USER\qpylcd.c                            0x00000000   Number         0  qpylcd.o ABSOLUTE
    USER\support.c                           0x00000000   Number         0  support.o ABSOLUTE
    USER\tim.c                               0x00000000   Number         0  tim.o ABSOLUTE
    USER\usart.c                             0x00000000   Number         0  usart.o ABSOLUTE
    asciifont.c                              0x00000000   Number         0  asciifont.o ABSOLUTE
    cdrcmple.s                               0x00000000   Number         0  cdrcmple.o ABSOLUTE
    cfcmple.s                                0x00000000   Number         0  cfcmple.o ABSOLUTE
    cfrcmple.s                               0x00000000   Number         0  cfrcmple.o ABSOLUTE
    dc.s                                     0x00000000   Number         0  dc.o ABSOLUTE
    font.c                                   0x00000000   Number         0  font.o ABSOLUTE
    handlers.s                               0x00000000   Number         0  handlers.o ABSOLUTE
    init.s                                   0x00000000   Number         0  init.o ABSOLUTE
    RESET                                    0x08000000   Section      304  startup_stm32f10x_hd.o(RESET)
    .ARM.Collect$$$$00000000                 0x08000130   Section        0  entry.o(.ARM.Collect$$$$00000000)
    .ARM.Collect$$$$00000001                 0x08000130   Section        4  entry2.o(.ARM.Collect$$$$00000001)
    .ARM.Collect$$$$00000004                 0x08000134   Section        4  entry5.o(.ARM.Collect$$$$00000004)
    .ARM.Collect$$$$00000008                 0x08000138   Section        0  entry7b.o(.ARM.Collect$$$$00000008)
    .ARM.Collect$$$$0000000A                 0x08000138   Section        0  entry8b.o(.ARM.Collect$$$$0000000A)
    .ARM.Collect$$$$0000000B                 0x08000138   Section        8  entry9a.o(.ARM.Collect$$$$0000000B)
    .ARM.Collect$$$$0000000D                 0x08000140   Section        0  entry10a.o(.ARM.Collect$$$$0000000D)
    .ARM.Collect$$$$0000000F                 0x08000140   Section        0  entry11a.o(.ARM.Collect$$$$0000000F)
    .ARM.Collect$$$$00002712                 0x08000140   Section        4  entry2.o(.ARM.Collect$$$$00002712)
    __lit__00000000                          0x08000140   Data           4  entry2.o(.ARM.Collect$$$$00002712)
    .text                                    0x08000144   Section       36  startup_stm32f10x_hd.o(.text)
    .text                                    0x08000168   Section        0  memcpya.o(.text)
    .text                                    0x0800018c   Section        0  strcmp.o(.text)
    .text                                    0x080001a8   Section        0  __0sscanf.o(.text)
    .text                                    0x080001e0   Section        0  _scanf_int.o(.text)
    .text                                    0x0800032c   Section        0  _scanf_str.o(.text)
    .text                                    0x0800040c   Section        0  fadd.o(.text)
    .text                                    0x080004bc   Section        0  fmul.o(.text)
    .text                                    0x08000520   Section        0  fdiv.o(.text)
    .text                                    0x0800059c   Section        0  dmul.o(.text)
    .text                                    0x08000680   Section        0  fflti.o(.text)
    .text                                    0x08000692   Section        0  ffltui.o(.text)
    .text                                    0x0800069c   Section        0  ffixi.o(.text)
    .text                                    0x080006ce   Section        0  ffixui.o(.text)
    .text                                    0x080006f6   Section        0  f2d.o(.text)
    .text                                    0x0800071c   Section        0  d2f.o(.text)
    .text                                    0x08000754   Section       20  cfcmple.o(.text)
    .text                                    0x08000768   Section       20  cfrcmple.o(.text)
    .text                                    0x0800077c   Section        0  uidiv.o(.text)
    .text                                    0x080007a8   Section        0  uldiv.o(.text)
    .text                                    0x0800080a   Section        0  _chval.o(.text)
    .text                                    0x08000828   Section        0  scanf_char.o(.text)
    _scanf_char_input                        0x08000829   Thumb Code    12  scanf_char.o(.text)
    .text                                    0x08000850   Section        0  _sgetc.o(.text)
    .text                                    0x08000890   Section        0  iusefp.o(.text)
    .text                                    0x08000890   Section        0  fepilogue.o(.text)
    .text                                    0x080008fe   Section        0  depilogue.o(.text)
    .text                                    0x080009b8   Section        0  dadd.o(.text)
    .text                                    0x08000b06   Section        0  ddiv.o(.text)
    .text                                    0x08000be4   Section        0  dfixul.o(.text)
    .text                                    0x08000c14   Section       48  cdrcmple.o(.text)
    .text                                    0x08000c44   Section       36  init.o(.text)
    .text                                    0x08000c68   Section        0  llshl.o(.text)
    .text                                    0x08000c86   Section        0  llushr.o(.text)
    .text                                    0x08000ca6   Section        0  llsshr.o(.text)
    .text                                    0x08000cca   Section        0  isspace_c.o(.text)
    .text                                    0x08000cd4   Section        0  _scanf.o(.text)
    .text                                    0x08001000   Section        0  ctype_c.o(.text)
    i.BASICTIM2_Config                       0x08001028   Section        0  tim.o(i.BASICTIM2_Config)
    i.BASICTIM3_Config                       0x08001094   Section        0  tim.o(i.BASICTIM3_Config)
    i.BASICTIM4_Config                       0x08001104   Section        0  tim.o(i.BASICTIM4_Config)
    i.BEEP_Init                              0x0800118c   Section        0  beep.o(i.BEEP_Init)
    i.DS18B20_ConvertTemp                    0x080011b8   Section        0  ds18b20.o(i.DS18B20_ConvertTemp)
    i.DS18B20_Init                           0x080011d4   Section        0  ds18b20.o(i.DS18B20_Init)
    i.DS18B20_ReadByte                       0x08001280   Section        0  ds18b20.o(i.DS18B20_ReadByte)
    i.DS18B20_ReadTemp                       0x080012f0   Section        0  ds18b20.o(i.DS18B20_ReadTemp)
    i.DS18B20_Select                         0x08001390   Section        0  ds18b20.o(i.DS18B20_Select)
    i.DS18B20_SetIOMode                      0x080013f0   Section        0  ds18b20.o(i.DS18B20_SetIOMode)
    i.DS18B20_WriteByte                      0x08001434   Section        0  ds18b20.o(i.DS18B20_WriteByte)
    i.DYY_BuildBalance                       0x080014a8   Section        0  support.o(i.DYY_BuildBalance)
    i.DYY_BuildBalanceScreen                 0x08001710   Section        0  support.o(i.DYY_BuildBalanceScreen)
    i.DYY_Complete                           0x080018a4   Section        0  support.o(i.DYY_Complete)
    i.DYY_CompleteScreen                     0x080018d8   Section        0  support.o(i.DYY_CompleteScreen)
    i.DYY_DisplayData                        0x080019a0   Section        0  support.o(i.DYY_DisplayData)
    i.DYY_DrawEquipment1                     0x08001b20   Section        0  support.o(i.DYY_DrawEquipment1)
    i.DYY_DrawEquipment2                     0x08001ce8   Section        0  support.o(i.DYY_DrawEquipment2)
    i.DYY_DrawEquipment3                     0x08001d88   Section        0  support.o(i.DYY_DrawEquipment3)
    i.DYY_EnterDialog                        0x08001e2c   Section        0  support.o(i.DYY_EnterDialog)
    i.DYY_EnterDialogScreen                  0x08001f40   Section        0  support.o(i.DYY_EnterDialogScreen)
    i.DYY_Heating                            0x0800211c   Section        0  support.o(i.DYY_Heating)
    i.DYY_HeatingScreen                      0x08002264   Section        0  support.o(i.DYY_HeatingScreen)
    i.DYY_InputStudentNumber                 0x08002328   Section        0  support.o(i.DYY_InputStudentNumber)
    i.DYY_InputStudentNumberScreen           0x08002480   Section        0  support.o(i.DYY_InputStudentNumberScreen)
    i.DYY_Recording                          0x08002504   Section        0  support.o(i.DYY_Recording)
    i.DYY_RecordingScreen                    0x08002628   Section        0  support.o(i.DYY_RecordingScreen)
    i.DYY_ShowData                           0x08002848   Section        0  support.o(i.DYY_ShowData)
    i.DYY_ShowDataScreen                     0x080028a4   Section        0  support.o(i.DYY_ShowDataScreen)
    i.DYY_SystemSetting                      0x08002e48   Section        0  support.o(i.DYY_SystemSetting)
    i.DYY_SystemSettingScreen                0x080030f0   Section        0  support.o(i.DYY_SystemSettingScreen)
    i.DYY_TemperatureControl                 0x08003284   Section        0  support.o(i.DYY_TemperatureControl)
    i.DYY_TemperatureSetting                 0x0800333c   Section        0  support.o(i.DYY_TemperatureSetting)
    i.DYY_TemperatureSettingScreen           0x08003504   Section        0  support.o(i.DYY_TemperatureSettingScreen)
    i.DYY_UplaodData                         0x080035a8   Section        0  support.o(i.DYY_UplaodData)
    i.DYY_WelcomeScreen                      0x080036f0   Section        0  support.o(i.DYY_WelcomeScreen)
    i.EC11_Init                              0x0800395c   Section        0  ec11.o(i.EC11_Init)
    i.EC11_Scan                              0x08003988   Section        0  ec11.o(i.EC11_Scan)
    i.ESP8266_Cmd                            0x08003b08   Section        0  esp8266.o(i.ESP8266_Cmd)
    i.ESP8266_Handler                        0x08003c8c   Section        0  esp8266.o(i.ESP8266_Handler)
    i.ESP8266_Init                           0x08003ebc   Section        0  esp8266.o(i.ESP8266_Init)
    i.ESP8266_SendByte                       0x08003ecc   Section        0  esp8266.o(i.ESP8266_SendByte)
    i.ESP8266_SendString                     0x08003ee0   Section        0  esp8266.o(i.ESP8266_SendString)
    i.FLASH_ErasePage                        0x08003ef8   Section        0  stm32f10x_flash.o(i.FLASH_ErasePage)
    i.FLASH_GetBank1Status                   0x08003f48   Section        0  stm32f10x_flash.o(i.FLASH_GetBank1Status)
    i.FLASH_Lock                             0x08003f7c   Section        0  stm32f10x_flash.o(i.FLASH_Lock)
    i.FLASH_ProgramHalfWord                  0x08003f90   Section        0  stm32f10x_flash.o(i.FLASH_ProgramHalfWord)
    i.FLASH_Unlock                           0x08003fd4   Section        0  stm32f10x_flash.o(i.FLASH_Unlock)
    i.FLASH_WaitForLastOperation             0x08003fec   Section        0  stm32f10x_flash.o(i.FLASH_WaitForLastOperation)
    i.GPIO_Init                              0x08004012   Section        0  stm32f10x_gpio.o(i.GPIO_Init)
    i.GPIO_PinRemapConfig                    0x08004128   Section        0  stm32f10x_gpio.o(i.GPIO_PinRemapConfig)
    i.GPIO_ReadInputDataBit                  0x080041b8   Section        0  stm32f10x_gpio.o(i.GPIO_ReadInputDataBit)
    i.GPIO_ReadOutputData                    0x080041ca   Section        0  stm32f10x_gpio.o(i.GPIO_ReadOutputData)
    i.GPIO_ResetBits                         0x080041d2   Section        0  stm32f10x_gpio.o(i.GPIO_ResetBits)
    i.GPIO_SetBits                           0x080041d6   Section        0  stm32f10x_gpio.o(i.GPIO_SetBits)
    i.GPIO_Write                             0x080041da   Section        0  stm32f10x_gpio.o(i.GPIO_Write)
    i.GPIO_WriteBit                          0x080041de   Section        0  stm32f10x_gpio.o(i.GPIO_WriteBit)
    i.KEYANDEC11_Scan                        0x080041e8   Section        0  key.o(i.KEYANDEC11_Scan)
    i.KEY_Init                               0x0800428c   Section        0  key.o(i.KEY_Init)
    i.KEY_Read                               0x080042d4   Section        0  key.o(i.KEY_Read)
    i.KEY_Write                              0x08004314   Section        0  key.o(i.KEY_Write)
    i.MemReadByte                            0x08004350   Section        0  eeprom.o(i.MemReadByte)
    i.MemWriteByte                           0x08004374   Section        0  eeprom.o(i.MemWriteByte)
    i.NVIC_Init                              0x080043cc   Section        0  misc.o(i.NVIC_Init)
    i.PWM_Init                               0x0800443c   Section        0  pwm.o(i.PWM_Init)
    i.PWM_SetDutyCycle                       0x0800444c   Section        0  pwm.o(i.PWM_SetDutyCycle)
    i.QPYLCD_Clear                           0x08004464   Section        0  qpylcd.o(i.QPYLCD_Clear)
    i.QPYLCD_Control                         0x0800447e   Section        0  qpylcd.o(i.QPYLCD_Control)
    i.QPYLCD_DisplayCharacter                0x080044a6   Section        0  qpylcd.o(i.QPYLCD_DisplayCharacter)
    i.QPYLCD_DisplayCharacters               0x080044f2   Section        0  qpylcd.o(i.QPYLCD_DisplayCharacters)
    i.QPYLCD_DisplayInt                      0x08004540   Section        0  qpylcd.o(i.QPYLCD_DisplayInt)
    i.QPYLCD_DisplayString                   0x08004600   Section        0  qpylcd.o(i.QPYLCD_DisplayString)
    i.QPYLCD_DrawColorImage                  0x080046b4   Section        0  qpylcd.o(i.QPYLCD_DrawColorImage)
    i.QPYLCD_DrawLine                        0x08004706   Section        0  qpylcd.o(i.QPYLCD_DrawLine)
    i.QPYLCD_DrawMonochromeImage             0x080047fe   Section        0  qpylcd.o(i.QPYLCD_DrawMonochromeImage)
    i.QPYLCD_DrawPoint                       0x08004860   Section        0  qpylcd.o(i.QPYLCD_DrawPoint)
    i.QPYLCD_DrawRectangle                   0x08004880   Section        0  qpylcd.o(i.QPYLCD_DrawRectangle)
    i.QPYLCD_Init                            0x08004900   Section        0  qpylcd.o(i.QPYLCD_Init)
    i.QPYLCD_NewColor                        0x080049a0   Section        0  qpylcd.o(i.QPYLCD_NewColor)
    i.QPYLCD_On                              0x080049b0   Section        0  qpylcd.o(i.QPYLCD_On)
    i.QPYLCD_ProcessData                     0x080049d0   Section        0  qpylcd.o(i.QPYLCD_ProcessData)
    i.QPYLCD_SetBackColor                    0x08004a18   Section        0  qpylcd.o(i.QPYLCD_SetBackColor)
    i.QPYLCD_SetFrontColor                   0x08004a26   Section        0  qpylcd.o(i.QPYLCD_SetFrontColor)
    i.QPYLCD_SetXYLabel                      0x08004a34   Section        0  qpylcd.o(i.QPYLCD_SetXYLabel)
    i.QPYLCD_WriteCmd                        0x08004a4c   Section        0  qpylcd.o(i.QPYLCD_WriteCmd)
    i.QPYLCD_WriteData                       0x08004ad8   Section        0  qpylcd.o(i.QPYLCD_WriteData)
    i.RCC_APB1PeriphClockCmd                 0x08004b28   Section        0  stm32f10x_rcc.o(i.RCC_APB1PeriphClockCmd)
    i.RCC_APB2PeriphClockCmd                 0x08004b48   Section        0  stm32f10x_rcc.o(i.RCC_APB2PeriphClockCmd)
    i.RCC_GetClocksFreq                      0x08004b68   Section        0  stm32f10x_rcc.o(i.RCC_GetClocksFreq)
    i.SetSysClock                            0x08004c3c   Section        0  system_stm32f10x.o(i.SetSysClock)
    SetSysClock                              0x08004c3d   Thumb Code     8  system_stm32f10x.o(i.SetSysClock)
    i.SetSysClockTo72                        0x08004c44   Section        0  system_stm32f10x.o(i.SetSysClockTo72)
    SetSysClockTo72                          0x08004c45   Thumb Code   214  system_stm32f10x.o(i.SetSysClockTo72)
    i.SystemInit                             0x08004d24   Section        0  system_stm32f10x.o(i.SystemInit)
    i.TIM2_IRQHandler                        0x08004d78   Section        0  tim.o(i.TIM2_IRQHandler)
    i.TIM3_IRQHandler                        0x08004e50   Section        0  tim.o(i.TIM3_IRQHandler)
    i.TIM_ClearITPendingBit                  0x08004e7c   Section        0  stm32f10x_tim.o(i.TIM_ClearITPendingBit)
    i.TIM_Cmd                                0x08004e82   Section        0  stm32f10x_tim.o(i.TIM_Cmd)
    i.TIM_GetITStatus                        0x08004e9a   Section        0  stm32f10x_tim.o(i.TIM_GetITStatus)
    i.TIM_ITConfig                           0x08004ebc   Section        0  stm32f10x_tim.o(i.TIM_ITConfig)
    i.TIM_OC4Init                            0x08004ed0   Section        0  stm32f10x_tim.o(i.TIM_OC4Init)
    i.TIM_OC4PreloadConfig                   0x08004f4c   Section        0  stm32f10x_tim.o(i.TIM_OC4PreloadConfig)
    i.TIM_SetCompare4                        0x08004f66   Section        0  stm32f10x_tim.o(i.TIM_SetCompare4)
    i.TIM_TimeBaseInit                       0x08004f6c   Section        0  stm32f10x_tim.o(i.TIM_TimeBaseInit)
    i.USART1_IRQHandler                      0x08005010   Section        0  usart.o(i.USART1_IRQHandler)
    i.USART2_IRQHandler                      0x08005074   Section        0  usart.o(i.USART2_IRQHandler)
    i.USART3_IRQHandler                      0x08005076   Section        0  usart.o(i.USART3_IRQHandler)
    i.USART_Cmd                              0x08005078   Section        0  stm32f10x_usart.o(i.USART_Cmd)
    i.USART_Config                           0x08005090   Section        0  usart.o(i.USART_Config)
    i.USART_GetITStatus                      0x080051e0   Section        0  stm32f10x_usart.o(i.USART_GetITStatus)
    i.USART_ITConfig                         0x08005234   Section        0  stm32f10x_usart.o(i.USART_ITConfig)
    i.USART_Init                             0x08005280   Section        0  stm32f10x_usart.o(i.USART_Init)
    i.USART_ReceiveData                      0x08005358   Section        0  stm32f10x_usart.o(i.USART_ReceiveData)
    i.USART_Send                             0x08005362   Section        0  usart.o(i.USART_Send)
    i.__0sprintf                             0x08005374   Section        0  printfa.o(i.__0sprintf)
    i.__scatterload_copy                     0x0800539c   Section       14  handlers.o(i.__scatterload_copy)
    i.__scatterload_null                     0x080053aa   Section        2  handlers.o(i.__scatterload_null)
    i.__scatterload_zeroinit                 0x080053ac   Section       14  handlers.o(i.__scatterload_zeroinit)
    i._fp_digits                             0x080053bc   Section        0  printfa.o(i._fp_digits)
    _fp_digits                               0x080053bd   Thumb Code   366  printfa.o(i._fp_digits)
    i._printf_core                           0x08005540   Section        0  printfa.o(i._printf_core)
    _printf_core                             0x08005541   Thumb Code  1744  printfa.o(i._printf_core)
    i._printf_post_padding                   0x08005c1c   Section        0  printfa.o(i._printf_post_padding)
    _printf_post_padding                     0x08005c1d   Thumb Code    36  printfa.o(i._printf_post_padding)
    i._printf_pre_padding                    0x08005c40   Section        0  printfa.o(i._printf_pre_padding)
    _printf_pre_padding                      0x08005c41   Thumb Code    46  printfa.o(i._printf_pre_padding)
    i._sputc                                 0x08005c6e   Section        0  printfa.o(i._sputc)
    _sputc                                   0x08005c6f   Thumb Code    10  printfa.o(i._sputc)
    i.delay_ms                               0x08005c78   Section        0  delay.o(i.delay_ms)
    i.delay_s                                0x08005cb0   Section        0  delay.o(i.delay_s)
    i.delay_us                               0x08005cc8   Section        0  delay.o(i.delay_us)
    i.main                                   0x08005d00   Section        0  main.o(i.main)
    .constdata                               0x08005e34   Section    12288  asciifont.o(.constdata)
    .constdata                               0x08008e34   Section    33196  font.o(.constdata)
    .constdata                               0x08010fe0   Section       60  support.o(.constdata)
    .constdata                               0x0801101c   Section       64  ctype_c.o(.constdata)
    .data                                    0x20000000   Section       20  stm32f10x_rcc.o(.data)
    APBAHBPrescTable                         0x20000000   Data          16  stm32f10x_rcc.o(.data)
    ADCPrescTable                            0x20000010   Data           4  stm32f10x_rcc.o(.data)
    .data                                    0x20000014   Section        6  main.o(.data)
    .data                                    0x2000001a   Section       24  qpylcd.o(.data)
    .data                                    0x20000034   Section        8  ds18b20.o(.data)
    .data                                    0x2000003c   Section        2  usart.o(.data)
    .data                                    0x20000040   Section        9  tim.o(.data)
    registerFlag                             0x20000048   Data           1  tim.o(.data)
    .data                                    0x2000004a   Section        2  esp8266.o(.data)
    .data                                    0x2000004c   Section        8  support.o(.data)
    .data                                    0x20000054   Section        1  key.o(.data)
    lastKeyValue                             0x20000054   Data           1  key.o(.data)
    .data                                    0x20000055   Section        4  ec11.o(.data)
    lastScanData                             0x20000058   Data           1  ec11.o(.data)
    .data                                    0x20000059   Section        1  beep.o(.data)
    .bss                                     0x2000005c   Section      188  main.o(.bss)
    .bss                                     0x20000118   Section      200  usart.o(.bss)
    .bss                                     0x200001e0   Section      234  esp8266.o(.bss)
    STACK                                    0x200002d0   Section     1024  startup_stm32f10x_hd.o(STACK)

    Global Symbols

    Symbol Name                              Value     Ov Type        Size  Object(Section)

    BuildAttributes$$THM_ISAv4$P$D$K$B$S$PE$A:L22UL41UL21$X:L11$S22US41US21$IEEE1$IW$USESV6$~STKCKD$USESV7$~SHL$OTIME$ROPI$EBA8$MICROLIB$REQ8$PRES8$EABIv2 0x00000000   Number         0  anon$$obj.o ABSOLUTE
    __ARM_use_no_argv                        0x00000000   Number         0  main.o ABSOLUTE
    _printf_a                                0x00000000   Number         0  stubs.o ABSOLUTE
    _printf_c                                0x00000000   Number         0  stubs.o ABSOLUTE
    _printf_charcount                        0x00000000   Number         0  stubs.o ABSOLUTE
    _printf_d                                0x00000000   Number         0  stubs.o ABSOLUTE
    _printf_e                                0x00000000   Number         0  stubs.o ABSOLUTE
    _printf_f                                0x00000000   Number         0  stubs.o ABSOLUTE
    _printf_flags                            0x00000000   Number         0  stubs.o ABSOLUTE
    _printf_fp_dec                           0x00000000   Number         0  stubs.o ABSOLUTE
    _printf_fp_hex                           0x00000000   Number         0  stubs.o ABSOLUTE
    _printf_g                                0x00000000   Number         0  stubs.o ABSOLUTE
    _printf_i                                0x00000000   Number         0  stubs.o ABSOLUTE
    _printf_int_dec                          0x00000000   Number         0  stubs.o ABSOLUTE
    _printf_l                                0x00000000   Number         0  stubs.o ABSOLUTE
    _printf_lc                               0x00000000   Number         0  stubs.o ABSOLUTE
    _printf_ll                               0x00000000   Number         0  stubs.o ABSOLUTE
    _printf_lld                              0x00000000   Number         0  stubs.o ABSOLUTE
    _printf_lli                              0x00000000   Number         0  stubs.o ABSOLUTE
    _printf_llo                              0x00000000   Number         0  stubs.o ABSOLUTE
    _printf_llu                              0x00000000   Number         0  stubs.o ABSOLUTE
    _printf_llx                              0x00000000   Number         0  stubs.o ABSOLUTE
    _printf_longlong_dec                     0x00000000   Number         0  stubs.o ABSOLUTE
    _printf_longlong_hex                     0x00000000   Number         0  stubs.o ABSOLUTE
    _printf_longlong_oct                     0x00000000   Number         0  stubs.o ABSOLUTE
    _printf_ls                               0x00000000   Number         0  stubs.o ABSOLUTE
    _printf_mbtowc                           0x00000000   Number         0  stubs.o ABSOLUTE
    _printf_n                                0x00000000   Number         0  stubs.o ABSOLUTE
    _printf_o                                0x00000000   Number         0  stubs.o ABSOLUTE
    _printf_p                                0x00000000   Number         0  stubs.o ABSOLUTE
    _printf_percent                          0x00000000   Number         0  stubs.o ABSOLUTE
    _printf_pre_padding                      0x00000000   Number         0  stubs.o ABSOLUTE
    _printf_return_value                     0x00000000   Number         0  stubs.o ABSOLUTE
    _printf_s                                0x00000000   Number         0  stubs.o ABSOLUTE
    _printf_sizespec                         0x00000000   Number         0  stubs.o ABSOLUTE
    _printf_str                              0x00000000   Number         0  stubs.o ABSOLUTE
    _printf_truncate_signed                  0x00000000   Number         0  stubs.o ABSOLUTE
    _printf_truncate_unsigned                0x00000000   Number         0  stubs.o ABSOLUTE
    _printf_u                                0x00000000   Number         0  stubs.o ABSOLUTE
    _printf_wc                               0x00000000   Number         0  stubs.o ABSOLUTE
    _printf_wctomb                           0x00000000   Number         0  stubs.o ABSOLUTE
    _printf_widthprec                        0x00000000   Number         0  stubs.o ABSOLUTE
    _printf_x                                0x00000000   Number         0  stubs.o ABSOLUTE
    __cpp_initialize__aeabi_                  - Undefined Weak Reference
    __cxa_finalize                            - Undefined Weak Reference
    __decompress                              - Undefined Weak Reference
    _clock_init                               - Undefined Weak Reference
    _microlib_exit                            - Undefined Weak Reference
    _scanf_longlong                           - Undefined Weak Reference
    _scanf_real                               - Undefined Weak Reference
    __Vectors_Size                           0x00000130   Number         0  startup_stm32f10x_hd.o ABSOLUTE
    __Vectors                                0x08000000   Data           4  startup_stm32f10x_hd.o(RESET)
    __Vectors_End                            0x08000130   Data           0  startup_stm32f10x_hd.o(RESET)
    __main                                   0x08000131   Thumb Code     0  entry.o(.ARM.Collect$$$$00000000)
    _main_stk                                0x08000131   Thumb Code     0  entry2.o(.ARM.Collect$$$$00000001)
    _main_scatterload                        0x08000135   Thumb Code     0  entry5.o(.ARM.Collect$$$$00000004)
    __main_after_scatterload                 0x08000139   Thumb Code     0  entry5.o(.ARM.Collect$$$$00000004)
    _main_clock                              0x08000139   Thumb Code     0  entry7b.o(.ARM.Collect$$$$00000008)
    _main_cpp_init                           0x08000139   Thumb Code     0  entry8b.o(.ARM.Collect$$$$0000000A)
    _main_init                               0x08000139   Thumb Code     0  entry9a.o(.ARM.Collect$$$$0000000B)
    __rt_final_cpp                           0x08000141   Thumb Code     0  entry10a.o(.ARM.Collect$$$$0000000D)
    __rt_final_exit                          0x08000141   Thumb Code     0  entry11a.o(.ARM.Collect$$$$0000000F)
    Reset_Handler                            0x08000145   Thumb Code     8  startup_stm32f10x_hd.o(.text)
    NMI_Handler                              0x0800014d   Thumb Code     2  startup_stm32f10x_hd.o(.text)
    HardFault_Handler                        0x0800014f   Thumb Code     2  startup_stm32f10x_hd.o(.text)
    MemManage_Handler                        0x08000151   Thumb Code     2  startup_stm32f10x_hd.o(.text)
    BusFault_Handler                         0x08000153   Thumb Code     2  startup_stm32f10x_hd.o(.text)
    UsageFault_Handler                       0x08000155   Thumb Code     2  startup_stm32f10x_hd.o(.text)
    SVC_Handler                              0x08000157   Thumb Code     2  startup_stm32f10x_hd.o(.text)
    DebugMon_Handler                         0x08000159   Thumb Code     2  startup_stm32f10x_hd.o(.text)
    PendSV_Handler                           0x0800015b   Thumb Code     2  startup_stm32f10x_hd.o(.text)
    SysTick_Handler                          0x0800015d   Thumb Code     2  startup_stm32f10x_hd.o(.text)
    ADC1_2_IRQHandler                        0x0800015f   Thumb Code     0  startup_stm32f10x_hd.o(.text)
    ADC3_IRQHandler                          0x0800015f   Thumb Code     0  startup_stm32f10x_hd.o(.text)
    CAN1_RX1_IRQHandler                      0x0800015f   Thumb Code     0  startup_stm32f10x_hd.o(.text)
    CAN1_SCE_IRQHandler                      0x0800015f   Thumb Code     0  startup_stm32f10x_hd.o(.text)
    DMA1_Channel1_IRQHandler                 0x0800015f   Thumb Code     0  startup_stm32f10x_hd.o(.text)
    DMA1_Channel2_IRQHandler                 0x0800015f   Thumb Code     0  startup_stm32f10x_hd.o(.text)
    DMA1_Channel3_IRQHandler                 0x0800015f   Thumb Code     0  startup_stm32f10x_hd.o(.text)
    DMA1_Channel4_IRQHandler                 0x0800015f   Thumb Code     0  startup_stm32f10x_hd.o(.text)
    DMA1_Channel5_IRQHandler                 0x0800015f   Thumb Code     0  startup_stm32f10x_hd.o(.text)
    DMA1_Channel6_IRQHandler                 0x0800015f   Thumb Code     0  startup_stm32f10x_hd.o(.text)
    DMA1_Channel7_IRQHandler                 0x0800015f   Thumb Code     0  startup_stm32f10x_hd.o(.text)
    DMA2_Channel1_IRQHandler                 0x0800015f   Thumb Code     0  startup_stm32f10x_hd.o(.text)
    DMA2_Channel2_IRQHandler                 0x0800015f   Thumb Code     0  startup_stm32f10x_hd.o(.text)
    DMA2_Channel3_IRQHandler                 0x0800015f   Thumb Code     0  startup_stm32f10x_hd.o(.text)
    DMA2_Channel4_5_IRQHandler               0x0800015f   Thumb Code     0  startup_stm32f10x_hd.o(.text)
    EXTI0_IRQHandler                         0x0800015f   Thumb Code     0  startup_stm32f10x_hd.o(.text)
    EXTI15_10_IRQHandler                     0x0800015f   Thumb Code     0  startup_stm32f10x_hd.o(.text)
    EXTI1_IRQHandler                         0x0800015f   Thumb Code     0  startup_stm32f10x_hd.o(.text)
    EXTI2_IRQHandler                         0x0800015f   Thumb Code     0  startup_stm32f10x_hd.o(.text)
    EXTI3_IRQHandler                         0x0800015f   Thumb Code     0  startup_stm32f10x_hd.o(.text)
    EXTI4_IRQHandler                         0x0800015f   Thumb Code     0  startup_stm32f10x_hd.o(.text)
    EXTI9_5_IRQHandler                       0x0800015f   Thumb Code     0  startup_stm32f10x_hd.o(.text)
    FLASH_IRQHandler                         0x0800015f   Thumb Code     0  startup_stm32f10x_hd.o(.text)
    FSMC_IRQHandler                          0x0800015f   Thumb Code     0  startup_stm32f10x_hd.o(.text)
    I2C1_ER_IRQHandler                       0x0800015f   Thumb Code     0  startup_stm32f10x_hd.o(.text)
    I2C1_EV_IRQHandler                       0x0800015f   Thumb Code     0  startup_stm32f10x_hd.o(.text)
    I2C2_ER_IRQHandler                       0x0800015f   Thumb Code     0  startup_stm32f10x_hd.o(.text)
    I2C2_EV_IRQHandler                       0x0800015f   Thumb Code     0  startup_stm32f10x_hd.o(.text)
    PVD_IRQHandler                           0x0800015f   Thumb Code     0  startup_stm32f10x_hd.o(.text)
    RCC_IRQHandler                           0x0800015f   Thumb Code     0  startup_stm32f10x_hd.o(.text)
    RTCAlarm_IRQHandler                      0x0800015f   Thumb Code     0  startup_stm32f10x_hd.o(.text)
    RTC_IRQHandler                           0x0800015f   Thumb Code     0  startup_stm32f10x_hd.o(.text)
    SDIO_IRQHandler                          0x0800015f   Thumb Code     0  startup_stm32f10x_hd.o(.text)
    SPI1_IRQHandler                          0x0800015f   Thumb Code     0  startup_stm32f10x_hd.o(.text)
    SPI2_IRQHandler                          0x0800015f   Thumb Code     0  startup_stm32f10x_hd.o(.text)
    SPI3_IRQHandler                          0x0800015f   Thumb Code     0  startup_stm32f10x_hd.o(.text)
    TAMPER_IRQHandler                        0x0800015f   Thumb Code     0  startup_stm32f10x_hd.o(.text)
    TIM1_BRK_IRQHandler                      0x0800015f   Thumb Code     0  startup_stm32f10x_hd.o(.text)
    TIM1_CC_IRQHandler                       0x0800015f   Thumb Code     0  startup_stm32f10x_hd.o(.text)
    TIM1_TRG_COM_IRQHandler                  0x0800015f   Thumb Code     0  startup_stm32f10x_hd.o(.text)
    TIM1_UP_IRQHandler                       0x0800015f   Thumb Code     0  startup_stm32f10x_hd.o(.text)
    TIM4_IRQHandler                          0x0800015f   Thumb Code     0  startup_stm32f10x_hd.o(.text)
    TIM5_IRQHandler                          0x0800015f   Thumb Code     0  startup_stm32f10x_hd.o(.text)
    TIM6_IRQHandler                          0x0800015f   Thumb Code     0  startup_stm32f10x_hd.o(.text)
    TIM7_IRQHandler                          0x0800015f   Thumb Code     0  startup_stm32f10x_hd.o(.text)
    TIM8_BRK_IRQHandler                      0x0800015f   Thumb Code     0  startup_stm32f10x_hd.o(.text)
    TIM8_CC_IRQHandler                       0x0800015f   Thumb Code     0  startup_stm32f10x_hd.o(.text)
    TIM8_TRG_COM_IRQHandler                  0x0800015f   Thumb Code     0  startup_stm32f10x_hd.o(.text)
    TIM8_UP_IRQHandler                       0x0800015f   Thumb Code     0  startup_stm32f10x_hd.o(.text)
    UART4_IRQHandler                         0x0800015f   Thumb Code     0  startup_stm32f10x_hd.o(.text)
    UART5_IRQHandler                         0x0800015f   Thumb Code     0  startup_stm32f10x_hd.o(.text)
    USBWakeUp_IRQHandler                     0x0800015f   Thumb Code     0  startup_stm32f10x_hd.o(.text)
    USB_HP_CAN1_TX_IRQHandler                0x0800015f   Thumb Code     0  startup_stm32f10x_hd.o(.text)
    USB_LP_CAN1_RX0_IRQHandler               0x0800015f   Thumb Code     0  startup_stm32f10x_hd.o(.text)
    WWDG_IRQHandler                          0x0800015f   Thumb Code     0  startup_stm32f10x_hd.o(.text)
    __aeabi_memcpy                           0x08000169   Thumb Code    36  memcpya.o(.text)
    __aeabi_memcpy4                          0x08000169   Thumb Code     0  memcpya.o(.text)
    __aeabi_memcpy8                          0x08000169   Thumb Code     0  memcpya.o(.text)
    strcmp                                   0x0800018d   Thumb Code    28  strcmp.o(.text)
    __0sscanf                                0x080001a9   Thumb Code    48  __0sscanf.o(.text)
    _scanf_int                               0x080001e1   Thumb Code   332  _scanf_int.o(.text)
    _scanf_string                            0x0800032d   Thumb Code   224  _scanf_str.o(.text)
    __aeabi_fadd                             0x0800040d   Thumb Code   164  fadd.o(.text)
    __aeabi_fsub                             0x080004b1   Thumb Code     6  fadd.o(.text)
    __aeabi_frsub                            0x080004b7   Thumb Code     6  fadd.o(.text)
    __aeabi_fmul                             0x080004bd   Thumb Code   100  fmul.o(.text)
    __aeabi_fdiv                             0x08000521   Thumb Code   124  fdiv.o(.text)
    __aeabi_dmul                             0x0800059d   Thumb Code   228  dmul.o(.text)
    __aeabi_i2f                              0x08000681   Thumb Code    18  fflti.o(.text)
    __aeabi_ui2f                             0x08000693   Thumb Code    10  ffltui.o(.text)
    __aeabi_f2iz                             0x0800069d   Thumb Code    50  ffixi.o(.text)
    __aeabi_f2uiz                            0x080006cf   Thumb Code    40  ffixui.o(.text)
    __aeabi_f2d                              0x080006f7   Thumb Code    38  f2d.o(.text)
    __aeabi_d2f                              0x0800071d   Thumb Code    56  d2f.o(.text)
    __aeabi_cfcmpeq                          0x08000755   Thumb Code     0  cfcmple.o(.text)
    __aeabi_cfcmple                          0x08000755   Thumb Code    20  cfcmple.o(.text)
    __aeabi_cfrcmple                         0x08000769   Thumb Code    20  cfrcmple.o(.text)
    __aeabi_uidiv                            0x0800077d   Thumb Code     0  uidiv.o(.text)
    __aeabi_uidivmod                         0x0800077d   Thumb Code    44  uidiv.o(.text)
    __aeabi_uldivmod                         0x080007a9   Thumb Code    98  uldiv.o(.text)
    _chval                                   0x0800080b   Thumb Code    28  _chval.o(.text)
    __vfscanf_char                           0x08000835   Thumb Code    20  scanf_char.o(.text)
    _sgetc                                   0x08000851   Thumb Code    30  _sgetc.o(.text)
    _sbackspace                              0x0800086f   Thumb Code    34  _sgetc.o(.text)
    __I$use$fp                               0x08000891   Thumb Code     0  iusefp.o(.text)
    _float_round                             0x08000891   Thumb Code    18  fepilogue.o(.text)
    _float_epilogue                          0x080008a3   Thumb Code    92  fepilogue.o(.text)
    _double_round                            0x080008ff   Thumb Code    30  depilogue.o(.text)
    _double_epilogue                         0x0800091d   Thumb Code   156  depilogue.o(.text)
    __aeabi_dadd                             0x080009b9   Thumb Code   322  dadd.o(.text)
    __aeabi_dsub                             0x08000afb   Thumb Code     6  dadd.o(.text)
    __aeabi_drsub                            0x08000b01   Thumb Code     6  dadd.o(.text)
    __aeabi_ddiv                             0x08000b07   Thumb Code   222  ddiv.o(.text)
    __aeabi_d2ulz                            0x08000be5   Thumb Code    48  dfixul.o(.text)
    __aeabi_cdrcmple                         0x08000c15   Thumb Code    48  cdrcmple.o(.text)
    __scatterload                            0x08000c45   Thumb Code    28  init.o(.text)
    __scatterload_rt2                        0x08000c45   Thumb Code     0  init.o(.text)
    __aeabi_llsl                             0x08000c69   Thumb Code    30  llshl.o(.text)
    _ll_shift_l                              0x08000c69   Thumb Code     0  llshl.o(.text)
    __aeabi_llsr                             0x08000c87   Thumb Code    32  llushr.o(.text)
    _ll_ushift_r                             0x08000c87   Thumb Code     0  llushr.o(.text)
    __aeabi_lasr                             0x08000ca7   Thumb Code    36  llsshr.o(.text)
    _ll_sshift_r                             0x08000ca7   Thumb Code     0  llsshr.o(.text)
    isspace                                  0x08000ccb   Thumb Code    10  isspace_c.o(.text)
    __vfscanf                                0x08000cd5   Thumb Code   808  _scanf.o(.text)
    __ctype_lookup                           0x08001001   Thumb Code    34  ctype_c.o(.text)
    BASICTIM2_Config                         0x08001029   Thumb Code   108  tim.o(i.BASICTIM2_Config)
    BASICTIM3_Config                         0x08001095   Thumb Code   106  tim.o(i.BASICTIM3_Config)
    BASICTIM4_Config                         0x08001105   Thumb Code   128  tim.o(i.BASICTIM4_Config)
    BEEP_Init                                0x0800118d   Thumb Code    38  beep.o(i.BEEP_Init)
    DS18B20_ConvertTemp                      0x080011b9   Thumb Code    28  ds18b20.o(i.DS18B20_ConvertTemp)
    DS18B20_Init                             0x080011d5   Thumb Code   162  ds18b20.o(i.DS18B20_Init)
    DS18B20_ReadByte                         0x08001281   Thumb Code   102  ds18b20.o(i.DS18B20_ReadByte)
    DS18B20_ReadTemp                         0x080012f1   Thumb Code   156  ds18b20.o(i.DS18B20_ReadTemp)
    DS18B20_Select                           0x08001391   Thumb Code    78  ds18b20.o(i.DS18B20_Select)
    DS18B20_SetIOMode                        0x080013f1   Thumb Code    56  ds18b20.o(i.DS18B20_SetIOMode)
    DS18B20_WriteByte                        0x08001435   Thumb Code   108  ds18b20.o(i.DS18B20_WriteByte)
    DYY_BuildBalance                         0x080014a9   Thumb Code   574  support.o(i.DYY_BuildBalance)
    DYY_BuildBalanceScreen                   0x08001711   Thumb Code   376  support.o(i.DYY_BuildBalanceScreen)
    DYY_Complete                             0x080018a5   Thumb Code    48  support.o(i.DYY_Complete)
    DYY_CompleteScreen                       0x080018d9   Thumb Code   188  support.o(i.DYY_CompleteScreen)
    DYY_DisplayData                          0x080019a1   Thumb Code   362  support.o(i.DYY_DisplayData)
    DYY_DrawEquipment1                       0x08001b21   Thumb Code   446  support.o(i.DYY_DrawEquipment1)
    DYY_DrawEquipment2                       0x08001ce9   Thumb Code   152  support.o(i.DYY_DrawEquipment2)
    DYY_DrawEquipment3                       0x08001d89   Thumb Code   156  support.o(i.DYY_DrawEquipment3)
    DYY_EnterDialog                          0x08001e2d   Thumb Code   266  support.o(i.DYY_EnterDialog)
    DYY_EnterDialogScreen                    0x08001f41   Thumb Code   460  support.o(i.DYY_EnterDialogScreen)
    DYY_Heating                              0x0800211d   Thumb Code   300  support.o(i.DYY_Heating)
    DYY_HeatingScreen                        0x08002265   Thumb Code   174  support.o(i.DYY_HeatingScreen)
    DYY_InputStudentNumber                   0x08002329   Thumb Code   334  support.o(i.DYY_InputStudentNumber)
    DYY_InputStudentNumberScreen             0x08002481   Thumb Code   114  support.o(i.DYY_InputStudentNumberScreen)
    DYY_Recording                            0x08002505   Thumb Code   282  support.o(i.DYY_Recording)
    DYY_RecordingScreen                      0x08002629   Thumb Code   528  support.o(i.DYY_RecordingScreen)
    DYY_ShowData                             0x08002849   Thumb Code    88  support.o(i.DYY_ShowData)
    DYY_ShowDataScreen                       0x080028a5   Thumb Code  1434  support.o(i.DYY_ShowDataScreen)
    DYY_SystemSetting                        0x08002e49   Thumb Code   648  support.o(i.DYY_SystemSetting)
    DYY_SystemSettingScreen                  0x080030f1   Thumb Code   316  support.o(i.DYY_SystemSettingScreen)
    DYY_TemperatureControl                   0x08003285   Thumb Code   160  support.o(i.DYY_TemperatureControl)
    DYY_TemperatureSetting                   0x0800333d   Thumb Code   448  support.o(i.DYY_TemperatureSetting)
    DYY_TemperatureSettingScreen             0x08003505   Thumb Code   142  support.o(i.DYY_TemperatureSettingScreen)
    DYY_UplaodData                           0x080035a9   Thumb Code   278  support.o(i.DYY_UplaodData)
    DYY_WelcomeScreen                        0x080036f1   Thumb Code   564  support.o(i.DYY_WelcomeScreen)
    EC11_Init                                0x0800395d   Thumb Code    38  ec11.o(i.EC11_Init)
    EC11_Scan                                0x08003989   Thumb Code   366  ec11.o(i.EC11_Scan)
    ESP8266_Cmd                              0x08003b09   Thumb Code   250  esp8266.o(i.ESP8266_Cmd)
    ESP8266_Handler                          0x08003c8d   Thumb Code   438  esp8266.o(i.ESP8266_Handler)
    ESP8266_Init                             0x08003ebd   Thumb Code    10  esp8266.o(i.ESP8266_Init)
    ESP8266_SendByte                         0x08003ecd   Thumb Code    14  esp8266.o(i.ESP8266_SendByte)
    ESP8266_SendString                       0x08003ee1   Thumb Code    22  esp8266.o(i.ESP8266_SendString)
    FLASH_ErasePage                          0x08003ef9   Thumb Code    76  stm32f10x_flash.o(i.FLASH_ErasePage)
    FLASH_GetBank1Status                     0x08003f49   Thumb Code    48  stm32f10x_flash.o(i.FLASH_GetBank1Status)
    FLASH_Lock                               0x08003f7d   Thumb Code    14  stm32f10x_flash.o(i.FLASH_Lock)
    FLASH_ProgramHalfWord                    0x08003f91   Thumb Code    64  stm32f10x_flash.o(i.FLASH_ProgramHalfWord)
    FLASH_Unlock                             0x08003fd5   Thumb Code    12  stm32f10x_flash.o(i.FLASH_Unlock)
    FLASH_WaitForLastOperation               0x08003fed   Thumb Code    38  stm32f10x_flash.o(i.FLASH_WaitForLastOperation)
    GPIO_Init                                0x08004013   Thumb Code   278  stm32f10x_gpio.o(i.GPIO_Init)
    GPIO_PinRemapConfig                      0x08004129   Thumb Code   138  stm32f10x_gpio.o(i.GPIO_PinRemapConfig)
    GPIO_ReadInputDataBit                    0x080041b9   Thumb Code    18  stm32f10x_gpio.o(i.GPIO_ReadInputDataBit)
    GPIO_ReadOutputData                      0x080041cb   Thumb Code     8  stm32f10x_gpio.o(i.GPIO_ReadOutputData)
    GPIO_ResetBits                           0x080041d3   Thumb Code     4  stm32f10x_gpio.o(i.GPIO_ResetBits)
    GPIO_SetBits                             0x080041d7   Thumb Code     4  stm32f10x_gpio.o(i.GPIO_SetBits)
    GPIO_Write                               0x080041db   Thumb Code     4  stm32f10x_gpio.o(i.GPIO_Write)
    GPIO_WriteBit                            0x080041df   Thumb Code    10  stm32f10x_gpio.o(i.GPIO_WriteBit)
    KEYANDEC11_Scan                          0x080041e9   Thumb Code   156  key.o(i.KEYANDEC11_Scan)
    KEY_Init                                 0x0800428d   Thumb Code    66  key.o(i.KEY_Init)
    KEY_Read                                 0x080042d5   Thumb Code    60  key.o(i.KEY_Read)
    KEY_Write                                0x08004315   Thumb Code    54  key.o(i.KEY_Write)
    MemReadByte                              0x08004351   Thumb Code    32  eeprom.o(i.MemReadByte)
    MemWriteByte                             0x08004375   Thumb Code    82  eeprom.o(i.MemWriteByte)
    NVIC_Init                                0x080043cd   Thumb Code   100  misc.o(i.NVIC_Init)
    PWM_Init                                 0x0800443d   Thumb Code    16  pwm.o(i.PWM_Init)
    PWM_SetDutyCycle                         0x0800444d   Thumb Code    18  pwm.o(i.PWM_SetDutyCycle)
    QPYLCD_Clear                             0x08004465   Thumb Code    26  qpylcd.o(i.QPYLCD_Clear)
    QPYLCD_Control                           0x0800447f   Thumb Code    40  qpylcd.o(i.QPYLCD_Control)
    QPYLCD_DisplayCharacter                  0x080044a7   Thumb Code    76  qpylcd.o(i.QPYLCD_DisplayCharacter)
    QPYLCD_DisplayCharacters                 0x080044f3   Thumb Code    76  qpylcd.o(i.QPYLCD_DisplayCharacters)
    QPYLCD_DisplayInt                        0x08004541   Thumb Code   186  qpylcd.o(i.QPYLCD_DisplayInt)
    QPYLCD_DisplayString                     0x08004601   Thumb Code   168  qpylcd.o(i.QPYLCD_DisplayString)
    QPYLCD_DrawColorImage                    0x080046b5   Thumb Code    82  qpylcd.o(i.QPYLCD_DrawColorImage)
    QPYLCD_DrawLine                          0x08004707   Thumb Code   248  qpylcd.o(i.QPYLCD_DrawLine)
    QPYLCD_DrawMonochromeImage               0x080047ff   Thumb Code    98  qpylcd.o(i.QPYLCD_DrawMonochromeImage)
    QPYLCD_DrawPoint                         0x08004861   Thumb Code    32  qpylcd.o(i.QPYLCD_DrawPoint)
    QPYLCD_DrawRectangle                     0x08004881   Thumb Code   128  qpylcd.o(i.QPYLCD_DrawRectangle)
    QPYLCD_Init                              0x08004901   Thumb Code   146  qpylcd.o(i.QPYLCD_Init)
    QPYLCD_NewColor                          0x080049a1   Thumb Code    14  qpylcd.o(i.QPYLCD_NewColor)
    QPYLCD_On                                0x080049b1   Thumb Code    26  qpylcd.o(i.QPYLCD_On)
    QPYLCD_ProcessData                       0x080049d1   Thumb Code    62  qpylcd.o(i.QPYLCD_ProcessData)
    QPYLCD_SetBackColor                      0x08004a19   Thumb Code    14  qpylcd.o(i.QPYLCD_SetBackColor)
    QPYLCD_SetFrontColor                     0x08004a27   Thumb Code    14  qpylcd.o(i.QPYLCD_SetFrontColor)
    QPYLCD_SetXYLabel                        0x08004a35   Thumb Code    24  qpylcd.o(i.QPYLCD_SetXYLabel)
    QPYLCD_WriteCmd                          0x08004a4d   Thumb Code   136  qpylcd.o(i.QPYLCD_WriteCmd)
    QPYLCD_WriteData                         0x08004ad9   Thumb Code    76  qpylcd.o(i.QPYLCD_WriteData)
    RCC_APB1PeriphClockCmd                   0x08004b29   Thumb Code    26  stm32f10x_rcc.o(i.RCC_APB1PeriphClockCmd)
    RCC_APB2PeriphClockCmd                   0x08004b49   Thumb Code    26  stm32f10x_rcc.o(i.RCC_APB2PeriphClockCmd)
    RCC_GetClocksFreq                        0x08004b69   Thumb Code   192  stm32f10x_rcc.o(i.RCC_GetClocksFreq)
    SystemInit                               0x08004d25   Thumb Code    70  system_stm32f10x.o(i.SystemInit)
    TIM2_IRQHandler                          0x08004d79   Thumb Code   186  tim.o(i.TIM2_IRQHandler)
    TIM3_IRQHandler                          0x08004e51   Thumb Code    34  tim.o(i.TIM3_IRQHandler)
    TIM_ClearITPendingBit                    0x08004e7d   Thumb Code     6  stm32f10x_tim.o(i.TIM_ClearITPendingBit)
    TIM_Cmd                                  0x08004e83   Thumb Code    24  stm32f10x_tim.o(i.TIM_Cmd)
    TIM_GetITStatus                          0x08004e9b   Thumb Code    34  stm32f10x_tim.o(i.TIM_GetITStatus)
    TIM_ITConfig                             0x08004ebd   Thumb Code    18  stm32f10x_tim.o(i.TIM_ITConfig)
    TIM_OC4Init                              0x08004ed1   Thumb Code   114  stm32f10x_tim.o(i.TIM_OC4Init)
    TIM_OC4PreloadConfig                     0x08004f4d   Thumb Code    26  stm32f10x_tim.o(i.TIM_OC4PreloadConfig)
    TIM_SetCompare4                          0x08004f67   Thumb Code     6  stm32f10x_tim.o(i.TIM_SetCompare4)
    TIM_TimeBaseInit                         0x08004f6d   Thumb Code   122  stm32f10x_tim.o(i.TIM_TimeBaseInit)
    USART1_IRQHandler                        0x08005011   Thumb Code    88  usart.o(i.USART1_IRQHandler)
    USART2_IRQHandler                        0x08005075   Thumb Code     2  usart.o(i.USART2_IRQHandler)
    USART3_IRQHandler                        0x08005077   Thumb Code     2  usart.o(i.USART3_IRQHandler)
    USART_Cmd                                0x08005079   Thumb Code    24  stm32f10x_usart.o(i.USART_Cmd)
    USART_Config                             0x08005091   Thumb Code   314  usart.o(i.USART_Config)
    USART_GetITStatus                        0x080051e1   Thumb Code    84  stm32f10x_usart.o(i.USART_GetITStatus)
    USART_ITConfig                           0x08005235   Thumb Code    74  stm32f10x_usart.o(i.USART_ITConfig)
    USART_Init                               0x08005281   Thumb Code   210  stm32f10x_usart.o(i.USART_Init)
    USART_ReceiveData                        0x08005359   Thumb Code    10  stm32f10x_usart.o(i.USART_ReceiveData)
    USART_Send                               0x08005363   Thumb Code    16  usart.o(i.USART_Send)
    __0sprintf                               0x08005375   Thumb Code    34  printfa.o(i.__0sprintf)
    __1sprintf                               0x08005375   Thumb Code     0  printfa.o(i.__0sprintf)
    __2sprintf                               0x08005375   Thumb Code     0  printfa.o(i.__0sprintf)
    __c89sprintf                             0x08005375   Thumb Code     0  printfa.o(i.__0sprintf)
    sprintf                                  0x08005375   Thumb Code     0  printfa.o(i.__0sprintf)
    __scatterload_copy                       0x0800539d   Thumb Code    14  handlers.o(i.__scatterload_copy)
    __scatterload_null                       0x080053ab   Thumb Code     2  handlers.o(i.__scatterload_null)
    __scatterload_zeroinit                   0x080053ad   Thumb Code    14  handlers.o(i.__scatterload_zeroinit)
    delay_ms                                 0x08005c79   Thumb Code    56  delay.o(i.delay_ms)
    delay_s                                  0x08005cb1   Thumb Code    24  delay.o(i.delay_s)
    delay_us                                 0x08005cc9   Thumb Code    54  delay.o(i.delay_us)
    main                                     0x08005d01   Thumb Code   292  main.o(i.main)
    asciiFont8x16                            0x08005e34   Data        1536  asciifont.o(.constdata)
    asciiFont16x24                           0x08006434   Data        4608  asciifont.o(.constdata)
    asciiFont16x32                           0x08007634   Data        6144  asciifont.o(.constdata)
    zndxwlsyzx                               0x08008e34   Data        1280  font.o(.constdata)
    blrdt                                    0x08009334   Data         864  font.o(.constdata)
    cshwdcgq                                 0x08009694   Data         256  font.o(.constdata)
    wdcgqcshsb                               0x08009794   Data         512  font.o(.constdata)
    wifilj                                   0x08009994   Data         384  font.o(.constdata)
    qsrxh                                    0x08009b14   Data         640  font.o(.constdata)
    xuehao                                   0x08009d94   Data         216  font.o(.constdata)
    wdsz                                     0x08009e6c   Data         512  font.o(.constdata)
    jlwht                                    0x0800a06c   Data         640  font.o(.constdata)
    jrpwd                                    0x0800a2ec   Data         648  font.o(.constdata)
    jishi                                    0x0800a574   Data         216  font.o(.constdata)
    dangqian                                 0x0800a64c   Data         144  font.o(.constdata)
    srpsw                                    0x0800a6dc   Data         640  font.o(.constdata)
    srslcl                                   0x0800a95c   Data         768  font.o(.constdata)
    jrpsrp                                   0x0800ac5c   Data         352  font.o(.constdata)
    sjwd                                     0x0800adbc   Data         128  font.o(.constdata)
    qdjrxyb                                  0x0800ae3c   Data         576  font.o(.constdata)
    qdqx                                     0x0800b07c   Data         128  font.o(.constdata)
    sysj                                     0x0800b0fc   Data         512  font.o(.constdata)
    jrwdwht                                  0x0800b2fc   Data         416  font.o(.constdata)
    nywcsy                                   0x0800b49c   Data         864  font.o(.constdata)
    logo                                     0x0800b7fc   Data       22500  font.o(.constdata)
    __ctype_categories                       0x0801101c   Data          64  ctype_c.o(.constdata)
    Region$$Table$$Base                      0x0801105c   Number         0  anon$$obj.o(Region$$Table)
    Region$$Table$$Limit                     0x0801107c   Number         0  anon$$obj.o(Region$$Table)
    screenBrightness                         0x20000014   Data           1  main.o(.data)
    readFlash                                0x20000016   Data           4  main.o(.data)
    FONT8X16                                 0x2000001a   Data           4  qpylcd.o(.data)
    FONT16X16                                0x2000001e   Data           4  qpylcd.o(.data)
    FONT16X24                                0x20000022   Data           4  qpylcd.o(.data)
    FONT24X24                                0x20000026   Data           4  qpylcd.o(.data)
    FONT16X32                                0x2000002a   Data           4  qpylcd.o(.data)
    FONT32X32                                0x2000002e   Data           4  qpylcd.o(.data)
    DS18B20x_GPIO_CLK                        0x20000034   Data           2  ds18b20.o(.data)
    DS18B20x_GPIO_PIN                        0x20000036   Data           2  ds18b20.o(.data)
    DS18B20x_GPIO_PORT                       0x20000038   Data           4  ds18b20.o(.data)
    usart1RecFlag                            0x2000003c   Data           2  usart.o(.data)
    tim2Count                                0x20000040   Data           4  tim.o(.data)
    tim3Count                                0x20000044   Data           4  tim.o(.data)
    espBuffFlag                              0x2000004a   Data           2  esp8266.o(.data)
    temperatureControl                       0x2000004c   Data           8  support.o(.data)
    ec11ALast                                0x20000055   Data           1  ec11.o(.data)
    ec11BLast                                0x20000056   Data           1  ec11.o(.data)
    ec11Count                                0x20000057   Data           1  ec11.o(.data)
    beepOn                                   0x20000059   Data           1  beep.o(.data)
    experimentalData                         0x2000005c   Data         188  main.o(.bss)
    usart1Buff                               0x20000118   Data         200  usart.o(.bss)
    espState                                 0x200001e0   Data          34  esp8266.o(.bss)
    espBuff                                  0x20000202   Data         200  esp8266.o(.bss)
    __initial_sp                             0x200006d0   Data           0  startup_stm32f10x_hd.o(STACK)



==============================================================================

Memory Map of the image

  Image Entry point : 0x08000131

  Load Region LR_IROM1 (Base: 0x08000000, Size: 0x000110d8, Max: 0x00080000, ABSOLUTE)

    Execution Region ER_IROM1 (Base: 0x08000000, Size: 0x0001107c, Max: 0x00080000, ABSOLUTE)

    Base Addr    Size         Type   Attr      Idx    E Section Name        Object

    0x08000000   0x00000130   Data   RO            3    RESET               startup_stm32f10x_hd.o
    0x08000130   0x00000000   Code   RO         3856  * .ARM.Collect$$$$00000000  mc_w.l(entry.o)
    0x08000130   0x00000004   Code   RO         4156    .ARM.Collect$$$$00000001  mc_w.l(entry2.o)
    0x08000134   0x00000004   Code   RO         4159    .ARM.Collect$$$$00000004  mc_w.l(entry5.o)
    0x08000138   0x00000000   Code   RO         4161    .ARM.Collect$$$$00000008  mc_w.l(entry7b.o)
    0x08000138   0x00000000   Code   RO         4163    .ARM.Collect$$$$0000000A  mc_w.l(entry8b.o)
    0x08000138   0x00000008   Code   RO         4164    .ARM.Collect$$$$0000000B  mc_w.l(entry9a.o)
    0x08000140   0x00000000   Code   RO         4166    .ARM.Collect$$$$0000000D  mc_w.l(entry10a.o)
    0x08000140   0x00000000   Code   RO         4168    .ARM.Collect$$$$0000000F  mc_w.l(entry11a.o)
    0x08000140   0x00000004   Code   RO         4157    .ARM.Collect$$$$00002712  mc_w.l(entry2.o)
    0x08000144   0x00000024   Code   RO            4    .text               startup_stm32f10x_hd.o
    0x08000168   0x00000024   Code   RO         3859    .text               mc_w.l(memcpya.o)
    0x0800018c   0x0000001c   Code   RO         3861    .text               mc_w.l(strcmp.o)
    0x080001a8   0x00000038   Code   RO         4126    .text               mc_w.l(__0sscanf.o)
    0x080001e0   0x0000014c   Code   RO         4128    .text               mc_w.l(_scanf_int.o)
    0x0800032c   0x000000e0   Code   RO         4130    .text               mc_w.l(_scanf_str.o)
    0x0800040c   0x000000b0   Code   RO         4132    .text               mf_w.l(fadd.o)
    0x080004bc   0x00000064   Code   RO         4134    .text               mf_w.l(fmul.o)
    0x08000520   0x0000007c   Code   RO         4136    .text               mf_w.l(fdiv.o)
    0x0800059c   0x000000e4   Code   RO         4138    .text               mf_w.l(dmul.o)
    0x08000680   0x00000012   Code   RO         4140    .text               mf_w.l(fflti.o)
    0x08000692   0x0000000a   Code   RO         4142    .text               mf_w.l(ffltui.o)
    0x0800069c   0x00000032   Code   RO         4144    .text               mf_w.l(ffixi.o)
    0x080006ce   0x00000028   Code   RO         4146    .text               mf_w.l(ffixui.o)
    0x080006f6   0x00000026   Code   RO         4148    .text               mf_w.l(f2d.o)
    0x0800071c   0x00000038   Code   RO         4150    .text               mf_w.l(d2f.o)
    0x08000754   0x00000014   Code   RO         4152    .text               mf_w.l(cfcmple.o)
    0x08000768   0x00000014   Code   RO         4154    .text               mf_w.l(cfrcmple.o)
    0x0800077c   0x0000002c   Code   RO         4173    .text               mc_w.l(uidiv.o)
    0x080007a8   0x00000062   Code   RO         4175    .text               mc_w.l(uldiv.o)
    0x0800080a   0x0000001c   Code   RO         4177    .text               mc_w.l(_chval.o)
    0x08000826   0x00000002   PAD
    0x08000828   0x00000028   Code   RO         4179    .text               mc_w.l(scanf_char.o)
    0x08000850   0x00000040   Code   RO         4181    .text               mc_w.l(_sgetc.o)
    0x08000890   0x00000000   Code   RO         4183    .text               mc_w.l(iusefp.o)
    0x08000890   0x0000006e   Code   RO         4184    .text               mf_w.l(fepilogue.o)
    0x080008fe   0x000000ba   Code   RO         4186    .text               mf_w.l(depilogue.o)
    0x080009b8   0x0000014e   Code   RO         4188    .text               mf_w.l(dadd.o)
    0x08000b06   0x000000de   Code   RO         4190    .text               mf_w.l(ddiv.o)
    0x08000be4   0x00000030   Code   RO         4192    .text               mf_w.l(dfixul.o)
    0x08000c14   0x00000030   Code   RO         4194    .text               mf_w.l(cdrcmple.o)
    0x08000c44   0x00000024   Code   RO         4196    .text               mc_w.l(init.o)
    0x08000c68   0x0000001e   Code   RO         4199    .text               mc_w.l(llshl.o)
    0x08000c86   0x00000020   Code   RO         4201    .text               mc_w.l(llushr.o)
    0x08000ca6   0x00000024   Code   RO         4203    .text               mc_w.l(llsshr.o)
    0x08000cca   0x0000000a   Code   RO         4205    .text               mc_w.l(isspace_c.o)
    0x08000cd4   0x0000032c   Code   RO         4207    .text               mc_w.l(_scanf.o)
    0x08001000   0x00000028   Code   RO         4210    .text               mc_w.l(ctype_c.o)
    0x08001028   0x0000006c   Code   RO         3425    i.BASICTIM2_Config  tim.o
    0x08001094   0x00000070   Code   RO         3426    i.BASICTIM3_Config  tim.o
    0x08001104   0x00000088   Code   RO         3427    i.BASICTIM4_Config  tim.o
    0x0800118c   0x0000002c   Code   RO         3838    i.BEEP_Init         beep.o
    0x080011b8   0x0000001c   Code   RO         3331    i.DS18B20_ConvertTemp  ds18b20.o
    0x080011d4   0x000000ac   Code   RO         3332    i.DS18B20_Init      ds18b20.o
    0x08001280   0x00000070   Code   RO         3333    i.DS18B20_ReadByte  ds18b20.o
    0x080012f0   0x000000a0   Code   RO         3334    i.DS18B20_ReadTemp  ds18b20.o
    0x08001390   0x00000060   Code   RO         3335    i.DS18B20_Select    ds18b20.o
    0x080013f0   0x00000044   Code   RO         3336    i.DS18B20_SetIOMode  ds18b20.o
    0x08001434   0x00000074   Code   RO         3337    i.DS18B20_WriteByte  ds18b20.o
    0x080014a8   0x00000268   Code   RO         3578    i.DYY_BuildBalance  support.o
    0x08001710   0x00000194   Code   RO         3579    i.DYY_BuildBalanceScreen  support.o
    0x080018a4   0x00000034   Code   RO         3580    i.DYY_Complete      support.o
    0x080018d8   0x000000c8   Code   RO         3581    i.DYY_CompleteScreen  support.o
    0x080019a0   0x00000180   Code   RO         3582    i.DYY_DisplayData   support.o
    0x08001b20   0x000001c8   Code   RO         3583    i.DYY_DrawEquipment1  support.o
    0x08001ce8   0x000000a0   Code   RO         3584    i.DYY_DrawEquipment2  support.o
    0x08001d88   0x000000a4   Code   RO         3585    i.DYY_DrawEquipment3  support.o
    0x08001e2c   0x00000114   Code   RO         3586    i.DYY_EnterDialog   support.o
    0x08001f40   0x000001dc   Code   RO         3587    i.DYY_EnterDialogScreen  support.o
    0x0800211c   0x00000148   Code   RO         3588    i.DYY_Heating       support.o
    0x08002264   0x000000c4   Code   RO         3589    i.DYY_HeatingScreen  support.o
    0x08002328   0x00000158   Code   RO         3590    i.DYY_InputStudentNumber  support.o
    0x08002480   0x00000084   Code   RO         3591    i.DYY_InputStudentNumberScreen  support.o
    0x08002504   0x00000124   Code   RO         3592    i.DYY_Recording     support.o
    0x08002628   0x00000220   Code   RO         3593    i.DYY_RecordingScreen  support.o
    0x08002848   0x0000005c   Code   RO         3594    i.DYY_ShowData      support.o
    0x080028a4   0x000005a4   Code   RO         3595    i.DYY_ShowDataScreen  support.o
    0x08002e48   0x000002a8   Code   RO         3596    i.DYY_SystemSetting  support.o
    0x080030f0   0x00000194   Code   RO         3597    i.DYY_SystemSettingScreen  support.o
    0x08003284   0x000000b8   Code   RO         3598    i.DYY_TemperatureControl  support.o
    0x0800333c   0x000001c8   Code   RO         3599    i.DYY_TemperatureSetting  support.o
    0x08003504   0x000000a4   Code   RO         3600    i.DYY_TemperatureSettingScreen  support.o
    0x080035a8   0x00000148   Code   RO         3601    i.DYY_UplaodData    support.o
    0x080036f0   0x0000026c   Code   RO         3602    i.DYY_WelcomeScreen  support.o
    0x0800395c   0x0000002c   Code   RO         3778    i.EC11_Init         ec11.o
    0x08003988   0x00000180   Code   RO         3779    i.EC11_Scan         ec11.o
    0x08003b08   0x00000184   Code   RO         3467    i.ESP8266_Cmd       esp8266.o
    0x08003c8c   0x00000230   Code   RO         3468    i.ESP8266_Handler   esp8266.o
    0x08003ebc   0x00000010   Code   RO         3469    i.ESP8266_Init      esp8266.o
    0x08003ecc   0x00000014   Code   RO         3470    i.ESP8266_SendByte  esp8266.o
    0x08003ee0   0x00000016   Code   RO         3471    i.ESP8266_SendString  esp8266.o
    0x08003ef6   0x00000002   PAD
    0x08003ef8   0x00000050   Code   RO          947    i.FLASH_ErasePage   stm32f10x_flash.o
    0x08003f48   0x00000034   Code   RO          948    i.FLASH_GetBank1Status  stm32f10x_flash.o
    0x08003f7c   0x00000014   Code   RO          957    i.FLASH_Lock        stm32f10x_flash.o
    0x08003f90   0x00000044   Code   RO          960    i.FLASH_ProgramHalfWord  stm32f10x_flash.o
    0x08003fd4   0x00000018   Code   RO          965    i.FLASH_Unlock      stm32f10x_flash.o
    0x08003fec   0x00000026   Code   RO          969    i.FLASH_WaitForLastOperation  stm32f10x_flash.o
    0x08004012   0x00000116   Code   RO         1245    i.GPIO_Init         stm32f10x_gpio.o
    0x08004128   0x00000090   Code   RO         1247    i.GPIO_PinRemapConfig  stm32f10x_gpio.o
    0x080041b8   0x00000012   Code   RO         1249    i.GPIO_ReadInputDataBit  stm32f10x_gpio.o
    0x080041ca   0x00000008   Code   RO         1250    i.GPIO_ReadOutputData  stm32f10x_gpio.o
    0x080041d2   0x00000004   Code   RO         1252    i.GPIO_ResetBits    stm32f10x_gpio.o
    0x080041d6   0x00000004   Code   RO         1253    i.GPIO_SetBits      stm32f10x_gpio.o
    0x080041da   0x00000004   Code   RO         1255    i.GPIO_Write        stm32f10x_gpio.o
    0x080041de   0x0000000a   Code   RO         1256    i.GPIO_WriteBit     stm32f10x_gpio.o
    0x080041e8   0x000000a4   Code   RO         3741    i.KEYANDEC11_Scan   key.o
    0x0800428c   0x00000048   Code   RO         3742    i.KEY_Init          key.o
    0x080042d4   0x00000040   Code   RO         3743    i.KEY_Read          key.o
    0x08004314   0x0000003c   Code   RO         3745    i.KEY_Write         key.o
    0x08004350   0x00000024   Code   RO         3817    i.MemReadByte       eeprom.o
    0x08004374   0x00000058   Code   RO         3818    i.MemWriteByte      eeprom.o
    0x080043cc   0x00000070   Code   RO           86    i.NVIC_Init         misc.o
    0x0800443c   0x00000010   Code   RO         3799    i.PWM_Init          pwm.o
    0x0800444c   0x00000018   Code   RO         3800    i.PWM_SetDutyCycle  pwm.o
    0x08004464   0x0000001a   Code   RO         3152    i.QPYLCD_Clear      qpylcd.o
    0x0800447e   0x00000028   Code   RO         3153    i.QPYLCD_Control    qpylcd.o
    0x080044a6   0x0000004c   Code   RO         3154    i.QPYLCD_DisplayCharacter  qpylcd.o
    0x080044f2   0x0000004c   Code   RO         3155    i.QPYLCD_DisplayCharacters  qpylcd.o
    0x0800453e   0x00000002   PAD
    0x08004540   0x000000c0   Code   RO         3157    i.QPYLCD_DisplayInt  qpylcd.o
    0x08004600   0x000000b4   Code   RO         3158    i.QPYLCD_DisplayString  qpylcd.o
    0x080046b4   0x00000052   Code   RO         3159    i.QPYLCD_DrawColorImage  qpylcd.o
    0x08004706   0x000000f8   Code   RO         3160    i.QPYLCD_DrawLine   qpylcd.o
    0x080047fe   0x00000062   Code   RO         3161    i.QPYLCD_DrawMonochromeImage  qpylcd.o
    0x08004860   0x00000020   Code   RO         3162    i.QPYLCD_DrawPoint  qpylcd.o
    0x08004880   0x00000080   Code   RO         3163    i.QPYLCD_DrawRectangle  qpylcd.o
    0x08004900   0x000000a0   Code   RO         3164    i.QPYLCD_Init       qpylcd.o
    0x080049a0   0x0000000e   Code   RO         3165    i.QPYLCD_NewColor   qpylcd.o
    0x080049ae   0x00000002   PAD
    0x080049b0   0x00000020   Code   RO         3166    i.QPYLCD_On         qpylcd.o
    0x080049d0   0x00000048   Code   RO         3167    i.QPYLCD_ProcessData  qpylcd.o
    0x08004a18   0x0000000e   Code   RO         3168    i.QPYLCD_SetBackColor  qpylcd.o
    0x08004a26   0x0000000e   Code   RO         3169    i.QPYLCD_SetFrontColor  qpylcd.o
    0x08004a34   0x00000018   Code   RO         3170    i.QPYLCD_SetXYLabel  qpylcd.o
    0x08004a4c   0x0000008c   Code   RO         3171    i.QPYLCD_WriteCmd   qpylcd.o
    0x08004ad8   0x00000050   Code   RO         3172    i.QPYLCD_WriteData  qpylcd.o
    0x08004b28   0x00000020   Code   RO         1661    i.RCC_APB1PeriphClockCmd  stm32f10x_rcc.o
    0x08004b48   0x00000020   Code   RO         1663    i.RCC_APB2PeriphClockCmd  stm32f10x_rcc.o
    0x08004b68   0x000000d4   Code   RO         1671    i.RCC_GetClocksFreq  stm32f10x_rcc.o
    0x08004c3c   0x00000008   Code   RO           24    i.SetSysClock       system_stm32f10x.o
    0x08004c44   0x000000e0   Code   RO           25    i.SetSysClockTo72   system_stm32f10x.o
    0x08004d24   0x00000054   Code   RO           27    i.SystemInit        system_stm32f10x.o
    0x08004d78   0x000000d8   Code   RO         3428    i.TIM2_IRQHandler   tim.o
    0x08004e50   0x0000002c   Code   RO         3429    i.TIM3_IRQHandler   tim.o
    0x08004e7c   0x00000006   Code   RO         2299    i.TIM_ClearITPendingBit  stm32f10x_tim.o
    0x08004e82   0x00000018   Code   RO         2304    i.TIM_Cmd           stm32f10x_tim.o
    0x08004e9a   0x00000022   Code   RO         2325    i.TIM_GetITStatus   stm32f10x_tim.o
    0x08004ebc   0x00000012   Code   RO         2329    i.TIM_ITConfig      stm32f10x_tim.o
    0x08004ece   0x00000002   PAD
    0x08004ed0   0x0000007c   Code   RO         2348    i.TIM_OC4Init       stm32f10x_tim.o
    0x08004f4c   0x0000001a   Code   RO         2350    i.TIM_OC4PreloadConfig  stm32f10x_tim.o
    0x08004f66   0x00000006   Code   RO         2368    i.TIM_SetCompare4   stm32f10x_tim.o
    0x08004f6c   0x000000a4   Code   RO         2375    i.TIM_TimeBaseInit  stm32f10x_tim.o
    0x08005010   0x00000064   Code   RO         3382    i.USART1_IRQHandler  usart.o
    0x08005074   0x00000002   Code   RO         3383    i.USART2_IRQHandler  usart.o
    0x08005076   0x00000002   Code   RO         3384    i.USART3_IRQHandler  usart.o
    0x08005078   0x00000018   Code   RO         2843    i.USART_Cmd         stm32f10x_usart.o
    0x08005090   0x00000150   Code   RO         3385    i.USART_Config      usart.o
    0x080051e0   0x00000054   Code   RO         2847    i.USART_GetITStatus  stm32f10x_usart.o
    0x08005234   0x0000004a   Code   RO         2849    i.USART_ITConfig    stm32f10x_usart.o
    0x0800527e   0x00000002   PAD
    0x08005280   0x000000d8   Code   RO         2850    i.USART_Init        stm32f10x_usart.o
    0x08005358   0x0000000a   Code   RO         2857    i.USART_ReceiveData  stm32f10x_usart.o
    0x08005362   0x00000010   Code   RO         3386    i.USART_Send        usart.o
    0x08005372   0x00000002   PAD
    0x08005374   0x00000028   Code   RO         4100    i.__0sprintf        mc_w.l(printfa.o)
    0x0800539c   0x0000000e   Code   RO         4215    i.__scatterload_copy  mc_w.l(handlers.o)
    0x080053aa   0x00000002   Code   RO         4216    i.__scatterload_null  mc_w.l(handlers.o)
    0x080053ac   0x0000000e   Code   RO         4217    i.__scatterload_zeroinit  mc_w.l(handlers.o)
    0x080053ba   0x00000002   PAD
    0x080053bc   0x00000184   Code   RO         4105    i._fp_digits        mc_w.l(printfa.o)
    0x08005540   0x000006dc   Code   RO         4106    i._printf_core      mc_w.l(printfa.o)
    0x08005c1c   0x00000024   Code   RO         4107    i._printf_post_padding  mc_w.l(printfa.o)
    0x08005c40   0x0000002e   Code   RO         4108    i._printf_pre_padding  mc_w.l(printfa.o)
    0x08005c6e   0x0000000a   Code   RO         4110    i._sputc            mc_w.l(printfa.o)
    0x08005c78   0x00000038   Code   RO         3294    i.delay_ms          delay.o
    0x08005cb0   0x00000018   Code   RO         3295    i.delay_s           delay.o
    0x08005cc8   0x00000036   Code   RO         3296    i.delay_us          delay.o
    0x08005cfe   0x00000002   PAD
    0x08005d00   0x00000134   Code   RO         3079    i.main              main.o
    0x08005e34   0x00003000   Data   RO         3318    .constdata          asciifont.o
    0x08008e34   0x000081ac   Data   RO         3520    .constdata          font.o
    0x08010fe0   0x0000003c   Data   RO         3603    .constdata          support.o
    0x0801101c   0x00000040   Data   RO         4211    .constdata          mc_w.l(ctype_c.o)
    0x0801105c   0x00000020   Data   RO         4213    Region$$Table       anon$$obj.o


    Execution Region RW_IRAM1 (Base: 0x20000000, Size: 0x000006d0, Max: 0x00010000, ABSOLUTE)

    Base Addr    Size         Type   Attr      Idx    E Section Name        Object

    0x20000000   0x00000014   Data   RW         1691    .data               stm32f10x_rcc.o
    0x20000014   0x00000006   Data   RW         3081    .data               main.o
    0x2000001a   0x00000018   Data   RW         3173    .data               qpylcd.o
    0x20000032   0x00000002   PAD
    0x20000034   0x00000008   Data   RW         3338    .data               ds18b20.o
    0x2000003c   0x00000002   Data   RW         3388    .data               usart.o
    0x2000003e   0x00000002   PAD
    0x20000040   0x00000009   Data   RW         3430    .data               tim.o
    0x20000049   0x00000001   PAD
    0x2000004a   0x00000002   Data   RW         3473    .data               esp8266.o
    0x2000004c   0x00000008   Data   RW         3604    .data               support.o
    0x20000054   0x00000001   Data   RW         3746    .data               key.o
    0x20000055   0x00000004   Data   RW         3780    .data               ec11.o
    0x20000059   0x00000001   Data   RW         3839    .data               beep.o
    0x2000005a   0x00000002   PAD
    0x2000005c   0x000000bc   Zero   RW         3080    .bss                main.o
    0x20000118   0x000000c8   Zero   RW         3387    .bss                usart.o
    0x200001e0   0x000000ea   Zero   RW         3472    .bss                esp8266.o
    0x200002ca   0x00000006   PAD
    0x200002d0   0x00000400   Zero   RW            1    STACK               startup_stm32f10x_hd.o


==============================================================================

Image component sizes


      Code (inc. data)   RO Data    RW Data    ZI Data      Debug   Object Name

         0          0      12288          0          0        526   asciifont.o
        44          6          0          1          0        593   beep.o
         0          0          0          0          0       4540   core_cm3.o
       134          0          0          0          0       1336   delay.o
       752         62          0          8          0       4509   ds18b20.o
       428         24          0          4          0       1396   ec11.o
       124         10          0          0          0       1297   eeprom.o
      1006        290          0          2        234       4610   esp8266.o
         0          0      33196          0          0       1250   font.o
       360         24          0          1          0       2328   key.o
       308         24          0          6        188       2021   main.o
       112         12          0          0          0     205228   misc.o
        40          6          0          0          0        822   pwm.o
      1728         56          0         24          0      15617   qpylcd.o
        36          8        304          0       1024        788   startup_stm32f10x_hd.o
       282         30          0          0          0       3022   stm32f10x_flash.o
       470          6          0          0          0       5501   stm32f10x_gpio.o
       276         32          0         20          0       4086   stm32f10x_rcc.o
       402         52          0          0          0      23589   stm32f10x_tim.o
       408          6          0          0          0      10546   stm32f10x_usart.o
      9396        612         60          8          0      15952   support.o
       316         24          0          0          0      24673   system_stm32f10x.o
       616         54          0          9          0       3283   tim.o
       456         34          0          2        200       3023   usart.o

    ----------------------------------------------------------------------
     17708       1372      45880         92       1652     340536   Object Totals
         0          0         32          0          0          0   (incl. Generated)
        14          0          0          7          6          0   (incl. Padding)

    ----------------------------------------------------------------------

      Code (inc. data)   RO Data    RW Data    ZI Data      Debug   Library Member Name

        56          8          0          0          0         84   __0sscanf.o
        28          0          0          0          0         68   _chval.o
       812          4          0          0          0        112   _scanf.o
       332          0          0          0          0         96   _scanf_int.o
       224          0          0          0          0         96   _scanf_str.o
        64          0          0          0          0         84   _sgetc.o
        40          6         64          0          0         68   ctype_c.o
         0          0          0          0          0          0   entry.o
         0          0          0          0          0          0   entry10a.o
         0          0          0          0          0          0   entry11a.o
         8          4          0          0          0          0   entry2.o
         4          0          0          0          0          0   entry5.o
         0          0          0          0          0          0   entry7b.o
         0          0          0          0          0          0   entry8b.o
         8          4          0          0          0          0   entry9a.o
        30          0          0          0          0          0   handlers.o
        36          8          0          0          0         68   init.o
        10          0          0          0          0         68   isspace_c.o
         0          0          0          0          0          0   iusefp.o
        30          0          0          0          0         68   llshl.o
        36          0          0          0          0         68   llsshr.o
        32          0          0          0          0         68   llushr.o
        36          0          0          0          0         68   memcpya.o
      2276         86          0          0          0        520   printfa.o
        40          8          0          0          0         84   scanf_char.o
        28          0          0          0          0         76   strcmp.o
        44          0          0          0          0         80   uidiv.o
        98          0          0          0          0         92   uldiv.o
        48          0          0          0          0         68   cdrcmple.o
        20          0          0          0          0         68   cfcmple.o
        20          0          0          0          0         68   cfrcmple.o
        56          0          0          0          0         88   d2f.o
       334          0          0          0          0        148   dadd.o
       222          0          0          0          0        100   ddiv.o
       186          0          0          0          0        176   depilogue.o
        48          0          0          0          0         68   dfixul.o
       228          0          0          0          0         96   dmul.o
        38          0          0          0          0         68   f2d.o
       176          0          0          0          0        140   fadd.o
       124          0          0          0          0         88   fdiv.o
       110          0          0          0          0        168   fepilogue.o
        50          0          0          0          0         68   ffixi.o
        40          0          0          0          0         68   ffixui.o
        18          0          0          0          0         68   fflti.o
        10          0          0          0          0         68   ffltui.o
       100          0          0          0          0         76   fmul.o

    ----------------------------------------------------------------------
      6104        128         64          0          0       3560   Library Totals
         4          0          0          0          0          0   (incl. Padding)

    ----------------------------------------------------------------------

      Code (inc. data)   RO Data    RW Data    ZI Data      Debug   Library Name

      4272        128         64          0          0       1868   mc_w.l
      1828          0          0          0          0       1692   mf_w.l

    ----------------------------------------------------------------------
      6104        128         64          0          0       3560   Library Totals

    ----------------------------------------------------------------------

==============================================================================


      Code (inc. data)   RO Data    RW Data    ZI Data      Debug   

     23812       1500      45944         92       1652     336396   Grand Totals
     23812       1500      45944         92       1652     336396   ELF Image Totals
     23812       1500      45944         92          0          0   ROM Totals

==============================================================================

    Total RO  Size (Code + RO Data)                69756 (  68.12kB)
    Total RW  Size (RW Data + ZI Data)              1744 (   1.70kB)
    Total ROM Size (Code + RO Data + RW Data)      69848 (  68.21kB)

==============================================================================

